<?xml version="1.0" encoding="ISO-8859-1" ?>
<link_info>
   <banner>TI ARM Linker PC v20.2.7.LTS</banner>
   <copyright>Copyright (c) 1996-2018 Texas Instruments Incorporated</copyright>
   <link_time>0x693ddfdc</link_time>
   <link_errors>0x0</link_errors>
   <output_file>LCD_odev_03.out</output_file>
   <entry_point>
      <name>_c_int00_noargs</name>
      <address>0x2c2d</address>
   </entry_point>
   <input_file_list>
      <input_file id="fl-2">
         <path>.\</path>
         <kind>object</kind>
         <file>lcd.obj</file>
         <name>lcd.obj</name>
      </input_file>
      <input_file id="fl-3">
         <path>.\</path>
         <kind>object</kind>
         <file>main.obj</file>
         <name>main.obj</name>
      </input_file>
      <input_file id="fl-4">
         <path>.\</path>
         <kind>object</kind>
         <file>tm4c123gh6pm_startup_ccs.obj</file>
         <name>tm4c123gh6pm_startup_ccs.obj</name>
      </input_file>
      <input_file id="fl-9">
         <kind>object</kind>
         <file>&lt;internal&gt;</file>
         <name>&lt;internal&gt;</name>
      </input_file>
      <input_file id="fl-bf">
         <path>C:\ti\ccs1281\ccs\tools\compiler\ti-cgt-arm_20.2.7.LTS\lib\</path>
         <kind>archive</kind>
         <file>rtsv7M4_T_le_v4SPD16_eabi.lib</file>
         <name>sprintf.c.obj</name>
      </input_file>
      <input_file id="fl-c0">
         <path>C:\ti\ccs1281\ccs\tools\compiler\ti-cgt-arm_20.2.7.LTS\lib\</path>
         <kind>archive</kind>
         <file>rtsv7M4_T_le_v4SPD16_eabi.lib</file>
         <name>memcpy_t2.asm.obj</name>
      </input_file>
      <input_file id="fl-c1">
         <path>C:\ti\ccs1281\ccs\tools\compiler\ti-cgt-arm_20.2.7.LTS\lib\</path>
         <kind>archive</kind>
         <file>rtsv7M4_T_le_v4SPD16_eabi.lib</file>
         <name>copy_zero_init.c.obj</name>
      </input_file>
      <input_file id="fl-c2">
         <path>C:\ti\ccs1281\ccs\tools\compiler\ti-cgt-arm_20.2.7.LTS\lib\</path>
         <kind>archive</kind>
         <file>rtsv7M4_T_le_v4SPD16_eabi.lib</file>
         <name>copy_decompress_none.c.obj</name>
      </input_file>
      <input_file id="fl-c3">
         <path>C:\ti\ccs1281\ccs\tools\compiler\ti-cgt-arm_20.2.7.LTS\lib\</path>
         <kind>archive</kind>
         <file>rtsv7M4_T_le_v4SPD16_eabi.lib</file>
         <name>copy_decompress_lzss.c.obj</name>
      </input_file>
      <input_file id="fl-c4">
         <path>C:\ti\ccs1281\ccs\tools\compiler\ti-cgt-arm_20.2.7.LTS\lib\</path>
         <kind>archive</kind>
         <file>rtsv7M4_T_le_v4SPD16_eabi.lib</file>
         <name>boot_cortex_m.c.obj</name>
      </input_file>
      <input_file id="fl-c5">
         <path>C:\ti\ccs1281\ccs\tools\compiler\ti-cgt-arm_20.2.7.LTS\lib\</path>
         <kind>archive</kind>
         <file>rtsv7M4_T_le_v4SPD16_eabi.lib</file>
         <name>_printfi.c.obj</name>
      </input_file>
      <input_file id="fl-c6">
         <path>C:\ti\ccs1281\ccs\tools\compiler\ti-cgt-arm_20.2.7.LTS\lib\</path>
         <kind>archive</kind>
         <file>rtsv7M4_T_le_v4SPD16_eabi.lib</file>
         <name>fd_add_t2.asm.obj</name>
      </input_file>
      <input_file id="fl-c7">
         <path>C:\ti\ccs1281\ccs\tools\compiler\ti-cgt-arm_20.2.7.LTS\lib\</path>
         <kind>archive</kind>
         <file>rtsv7M4_T_le_v4SPD16_eabi.lib</file>
         <name>fd_cmp_t2.asm.obj</name>
      </input_file>
      <input_file id="fl-c8">
         <path>C:\ti\ccs1281\ccs\tools\compiler\ti-cgt-arm_20.2.7.LTS\lib\</path>
         <kind>archive</kind>
         <file>rtsv7M4_T_le_v4SPD16_eabi.lib</file>
         <name>fd_div_t2.asm.obj</name>
      </input_file>
      <input_file id="fl-c9">
         <path>C:\ti\ccs1281\ccs\tools\compiler\ti-cgt-arm_20.2.7.LTS\lib\</path>
         <kind>archive</kind>
         <file>rtsv7M4_T_le_v4SPD16_eabi.lib</file>
         <name>fd_mul_t2.asm.obj</name>
      </input_file>
      <input_file id="fl-ca">
         <path>C:\ti\ccs1281\ccs\tools\compiler\ti-cgt-arm_20.2.7.LTS\lib\</path>
         <kind>archive</kind>
         <file>rtsv7M4_T_le_v4SPD16_eabi.lib</file>
         <name>fd_toi_t2.asm.obj</name>
      </input_file>
      <input_file id="fl-cb">
         <path>C:\ti\ccs1281\ccs\tools\compiler\ti-cgt-arm_20.2.7.LTS\lib\</path>
         <kind>archive</kind>
         <file>rtsv7M4_T_le_v4SPD16_eabi.lib</file>
         <name>i_tofd_t2.asm.obj</name>
      </input_file>
      <input_file id="fl-cc">
         <path>C:\ti\ccs1281\ccs\tools\compiler\ti-cgt-arm_20.2.7.LTS\lib\</path>
         <kind>archive</kind>
         <file>rtsv7M4_T_le_v4SPD16_eabi.lib</file>
         <name>memset_t2.asm.obj</name>
      </input_file>
      <input_file id="fl-cd">
         <path>C:\ti\ccs1281\ccs\tools\compiler\ti-cgt-arm_20.2.7.LTS\lib\</path>
         <kind>archive</kind>
         <file>rtsv7M4_T_le_v4SPD16_eabi.lib</file>
         <name>ull_div_t2.asm.obj</name>
      </input_file>
      <input_file id="fl-ce">
         <path>C:\ti\ccs1281\ccs\tools\compiler\ti-cgt-arm_20.2.7.LTS\lib\</path>
         <kind>archive</kind>
         <file>rtsv7M4_T_le_v4SPD16_eabi.lib</file>
         <name>autoinit.c.obj</name>
      </input_file>
      <input_file id="fl-cf">
         <path>C:\ti\ccs1281\ccs\tools\compiler\ti-cgt-arm_20.2.7.LTS\lib\</path>
         <kind>archive</kind>
         <file>rtsv7M4_T_le_v4SPD16_eabi.lib</file>
         <name>pre_init.c.obj</name>
      </input_file>
      <input_file id="fl-d0">
         <path>C:\ti\ccs1281\ccs\tools\compiler\ti-cgt-arm_20.2.7.LTS\lib\</path>
         <kind>archive</kind>
         <file>rtsv7M4_T_le_v4SPD16_eabi.lib</file>
         <name>cpy_tbl.c.obj</name>
      </input_file>
      <input_file id="fl-d1">
         <path>C:\ti\ccs1281\ccs\tools\compiler\ti-cgt-arm_20.2.7.LTS\lib\</path>
         <kind>archive</kind>
         <file>rtsv7M4_T_le_v4SPD16_eabi.lib</file>
         <name>exit.c.obj</name>
      </input_file>
      <input_file id="fl-d2">
         <path>C:\ti\ccs1281\ccs\tools\compiler\ti-cgt-arm_20.2.7.LTS\lib\</path>
         <kind>archive</kind>
         <file>rtsv7M4_T_le_v4SPD16_eabi.lib</file>
         <name>_lock.c.obj</name>
      </input_file>
      <input_file id="fl-d3">
         <path>C:\ti\ccs1281\ccs\tools\compiler\ti-cgt-arm_20.2.7.LTS\lib\</path>
         <kind>archive</kind>
         <file>rtsv7M4_T_le_v4SPD16_eabi.lib</file>
         <name>_ltoa.c.obj</name>
      </input_file>
      <input_file id="fl-d4">
         <path>C:\ti\ccs1281\ccs\tools\compiler\ti-cgt-arm_20.2.7.LTS\lib\</path>
         <kind>archive</kind>
         <file>rtsv7M4_T_le_v4SPD16_eabi.lib</file>
         <name>args_main.c.obj</name>
      </input_file>
      <input_file id="fl-d5">
         <path>C:\ti\ccs1281\ccs\tools\compiler\ti-cgt-arm_20.2.7.LTS\lib\</path>
         <kind>archive</kind>
         <file>rtsv7M4_T_le_v4SPD16_eabi.lib</file>
         <name>atoi.c.obj</name>
      </input_file>
      <input_file id="fl-d6">
         <path>C:\ti\ccs1281\ccs\tools\compiler\ti-cgt-arm_20.2.7.LTS\lib\</path>
         <kind>archive</kind>
         <file>rtsv7M4_T_le_v4SPD16_eabi.lib</file>
         <name>ctype.c.obj</name>
      </input_file>
      <input_file id="fl-d7">
         <path>C:\ti\ccs1281\ccs\tools\compiler\ti-cgt-arm_20.2.7.LTS\lib\</path>
         <kind>archive</kind>
         <file>rtsv7M4_T_le_v4SPD16_eabi.lib</file>
         <name>memccpy.c.obj</name>
      </input_file>
      <input_file id="fl-d8">
         <path>C:\ti\ccs1281\ccs\tools\compiler\ti-cgt-arm_20.2.7.LTS\lib\</path>
         <kind>archive</kind>
         <file>rtsv7M4_T_le_v4SPD16_eabi.lib</file>
         <name>strchr.c.obj</name>
      </input_file>
      <input_file id="fl-d9">
         <path>C:\ti\ccs1281\ccs\tools\compiler\ti-cgt-arm_20.2.7.LTS\lib\</path>
         <kind>archive</kind>
         <file>rtsv7M4_T_le_v4SPD16_eabi.lib</file>
         <name>strlen.c.obj</name>
      </input_file>
      <input_file id="fl-da">
         <path>C:\ti\ccs1281\ccs\tools\compiler\ti-cgt-arm_20.2.7.LTS\lib\</path>
         <kind>archive</kind>
         <file>rtsv7M4_T_le_v4SPD16_eabi.lib</file>
         <name>errno.c.obj</name>
      </input_file>
      <input_file id="fl-db">
         <path>C:\ti\ccs1281\ccs\tools\compiler\ti-cgt-arm_20.2.7.LTS\lib\</path>
         <kind>archive</kind>
         <file>rtsv7M4_T_le_v4SPD16_eabi.lib</file>
         <name>wcslen.c.obj</name>
      </input_file>
      <input_file id="fl-dc">
         <path>C:\ti\ccs1281\ccs\tools\compiler\ti-cgt-arm_20.2.7.LTS\lib\</path>
         <kind>archive</kind>
         <file>rtsv7M4_T_le_v4SPD16_eabi.lib</file>
         <name>s_frexp.c.obj</name>
      </input_file>
      <input_file id="fl-dd">
         <path>C:\ti\ccs1281\ccs\tools\compiler\ti-cgt-arm_20.2.7.LTS\lib\</path>
         <kind>archive</kind>
         <file>rtsv7M4_T_le_v4SPD16_eabi.lib</file>
         <name>s_scalbn.c.obj</name>
      </input_file>
      <input_file id="fl-de">
         <path>C:\ti\ccs1281\ccs\tools\compiler\ti-cgt-arm_20.2.7.LTS\lib\</path>
         <kind>archive</kind>
         <file>rtsv7M4_T_le_v4SPD16_eabi.lib</file>
         <name>div0.asm.obj</name>
      </input_file>
      <input_file id="fl-df">
         <path>C:\ti\ccs1281\ccs\tools\compiler\ti-cgt-arm_20.2.7.LTS\lib\</path>
         <kind>archive</kind>
         <file>rtsv7M4_T_le_v4SPD16_eabi.lib</file>
         <name>s_copysign.c.obj</name>
      </input_file>
      <input_file id="fl-e0">
         <path>C:\ti\TivaWare_C_Series-2.2.0.295\driverlib\ccs\Debug\</path>
         <kind>archive</kind>
         <file>driverlib.lib</file>
         <name>adc.obj</name>
      </input_file>
      <input_file id="fl-e1">
         <path>C:\ti\TivaWare_C_Series-2.2.0.295\driverlib\ccs\Debug\</path>
         <kind>archive</kind>
         <file>driverlib.lib</file>
         <name>gpio.obj</name>
      </input_file>
      <input_file id="fl-e2">
         <path>C:\ti\TivaWare_C_Series-2.2.0.295\driverlib\ccs\Debug\</path>
         <kind>archive</kind>
         <file>driverlib.lib</file>
         <name>interrupt.obj</name>
      </input_file>
      <input_file id="fl-e3">
         <path>C:\ti\TivaWare_C_Series-2.2.0.295\driverlib\ccs\Debug\</path>
         <kind>archive</kind>
         <file>driverlib.lib</file>
         <name>sysctl.obj</name>
      </input_file>
      <input_file id="fl-e4">
         <path>C:\ti\TivaWare_C_Series-2.2.0.295\driverlib\ccs\Debug\</path>
         <kind>archive</kind>
         <file>driverlib.lib</file>
         <name>timer.obj</name>
      </input_file>
      <input_file id="fl-e5">
         <path>C:\ti\TivaWare_C_Series-2.2.0.295\driverlib\ccs\Debug\</path>
         <kind>archive</kind>
         <file>driverlib.lib</file>
         <name>uart.obj</name>
      </input_file>
      <input_file id="fl-e6">
         <path>C:\ti\TivaWare_C_Series-2.2.0.295\driverlib\ccs\Debug\</path>
         <kind>archive</kind>
         <file>driverlib.lib</file>
         <name>cpu.obj</name>
      </input_file>
   </input_file_list>
   <object_component_list>
      <object_component id="oc-12">
         <name>.intvecs</name>
         <load_address>0x0</load_address>
         <run_address>0x0</run_address>
         <size>0x26c</size>
         <input_file_ref idref="fl-4"/>
      </object_component>
      <object_component id="oc-21f">
         <name>.text:__TI_printfi</name>
         <load_address>0x26c</load_address>
         <run_address>0x26c</run_address>
         <size>0xa4e</size>
         <input_file_ref idref="fl-c5"/>
      </object_component>
      <object_component id="oc-39b">
         <name>.text</name>
         <load_address>0xcba</load_address>
         <run_address>0xcba</run_address>
         <size>0x2</size>
         <input_file_ref idref="fl-de"/>
      </object_component>
      <object_component id="oc-9b">
         <name>.text</name>
         <load_address>0xcbc</load_address>
         <run_address>0xcbc</run_address>
         <size>0x3dc</size>
         <input_file_ref idref="fl-3"/>
      </object_component>
      <object_component id="oc-c8">
         <name>.text</name>
         <load_address>0x1098</load_address>
         <run_address>0x1098</run_address>
         <size>0x274</size>
         <input_file_ref idref="fl-2"/>
      </object_component>
      <object_component id="oc-2b7">
         <name>.text:_pconv_a</name>
         <load_address>0x130c</load_address>
         <run_address>0x130c</run_address>
         <size>0x270</size>
         <input_file_ref idref="fl-c5"/>
      </object_component>
      <object_component id="oc-2a5">
         <name>.text:_pconv_g</name>
         <load_address>0x157c</load_address>
         <run_address>0x157c</run_address>
         <size>0x1d0</size>
         <input_file_ref idref="fl-c5"/>
      </object_component>
      <object_component id="oc-333">
         <name>.text</name>
         <load_address>0x174c</load_address>
         <run_address>0x174c</run_address>
         <size>0x1b6</size>
         <input_file_ref idref="fl-c6"/>
      </object_component>
      <object_component id="oc-1d4">
         <name>.text:GPIOPadConfigSet</name>
         <load_address>0x1904</load_address>
         <run_address>0x1904</run_address>
         <size>0x16c</size>
         <input_file_ref idref="fl-e1"/>
      </object_component>
      <object_component id="oc-2b1">
         <name>.text:_pconv_e</name>
         <load_address>0x1a70</load_address>
         <run_address>0x1a70</run_address>
         <size>0x13c</size>
         <input_file_ref idref="fl-c5"/>
      </object_component>
      <object_component id="oc-319">
         <name>.text</name>
         <load_address>0x1bac</load_address>
         <run_address>0x1bac</run_address>
         <size>0x136</size>
         <input_file_ref idref="fl-c8"/>
      </object_component>
      <object_component id="oc-345">
         <name>.text:fcvt</name>
         <load_address>0x1ce4</load_address>
         <run_address>0x1ce4</run_address>
         <size>0x124</size>
         <input_file_ref idref="fl-c5"/>
      </object_component>
      <object_component id="oc-158">
         <name>.text:SysCtlClockGet</name>
         <load_address>0x1e08</load_address>
         <run_address>0x1e08</run_address>
         <size>0x118</size>
         <input_file_ref idref="fl-e3"/>
      </object_component>
      <object_component id="oc-359">
         <name>.text:scalbn</name>
         <load_address>0x1f20</load_address>
         <run_address>0x1f20</run_address>
         <size>0x110</size>
         <input_file_ref idref="fl-dd"/>
      </object_component>
      <object_component id="oc-314">
         <name>.text</name>
         <load_address>0x2030</load_address>
         <run_address>0x2030</run_address>
         <size>0xfc</size>
         <input_file_ref idref="fl-c9"/>
      </object_component>
      <object_component id="oc-d4">
         <name>.text:SysCtlClockSet</name>
         <load_address>0x212c</load_address>
         <run_address>0x212c</run_address>
         <size>0xf4</size>
         <input_file_ref idref="fl-e3"/>
      </object_component>
      <object_component id="oc-29a">
         <name>.text:_ltostr</name>
         <load_address>0x2220</load_address>
         <run_address>0x2220</run_address>
         <size>0xb1</size>
         <input_file_ref idref="fl-c5"/>
      </object_component>
      <object_component id="oc-3b">
         <name>.text</name>
         <load_address>0x22d2</load_address>
         <run_address>0x22d2</run_address>
         <size>0x9c</size>
         <input_file_ref idref="fl-c0"/>
      </object_component>
      <object_component id="oc-30d">
         <name>.text</name>
         <load_address>0x236e</load_address>
         <run_address>0x236e</run_address>
         <size>0x96</size>
         <input_file_ref idref="fl-cd"/>
      </object_component>
      <object_component id="oc-2a0">
         <name>.text:__aeabi_cdcmple</name>
         <load_address>0x2404</load_address>
         <run_address>0x2404</run_address>
         <size>0x86</size>
         <input_file_ref idref="fl-c7"/>
      </object_component>
      <object_component id="oc-31e">
         <name>.text:__aeabi_cdrcmple</name>
         <load_address>0x248a</load_address>
         <run_address>0x248a</run_address>
         <size>0x86</size>
         <input_file_ref idref="fl-c7"/>
      </object_component>
      <object_component id="oc-128">
         <name>.text:ADCSequenceStepConfigure</name>
         <load_address>0x2510</load_address>
         <run_address>0x2510</run_address>
         <size>0x7a</size>
         <input_file_ref idref="fl-e0"/>
      </object_component>
      <object_component id="oc-8f">
         <name>.text</name>
         <load_address>0x258a</load_address>
         <run_address>0x258a</run_address>
         <size>0x7a</size>
         <input_file_ref idref="fl-cc"/>
      </object_component>
      <object_component id="oc-33e">
         <name>.text:_mcpy</name>
         <load_address>0x2604</load_address>
         <run_address>0x2604</run_address>
         <size>0x6e</size>
         <input_file_ref idref="fl-c5"/>
      </object_component>
      <object_component id="oc-f8">
         <name>.text:IntEnable</name>
         <load_address>0x2674</load_address>
         <run_address>0x2674</run_address>
         <size>0x68</size>
         <input_file_ref idref="fl-e2"/>
      </object_component>
      <object_component id="oc-15">
         <name>.text:decompress:lzss:__TI_decompress_lzss</name>
         <load_address>0x26dc</load_address>
         <run_address>0x26dc</run_address>
         <size>0x68</size>
         <input_file_ref idref="fl-c3"/>
      </object_component>
      <object_component id="oc-353">
         <name>.text:frexp</name>
         <load_address>0x2744</load_address>
         <run_address>0x2744</run_address>
         <size>0x64</size>
         <input_file_ref idref="fl-dc"/>
      </object_component>
      <object_component id="oc-e6">
         <name>.text:TimerConfigure</name>
         <load_address>0x27a8</load_address>
         <run_address>0x27a8</run_address>
         <size>0x60</size>
         <input_file_ref idref="fl-e4"/>
      </object_component>
      <object_component id="oc-2ab">
         <name>.text:_pconv_f</name>
         <load_address>0x2808</load_address>
         <run_address>0x2808</run_address>
         <size>0x56</size>
         <input_file_ref idref="fl-c5"/>
      </object_component>
      <object_component id="oc-328">
         <name>.text:__TI_ltoa</name>
         <load_address>0x285e</load_address>
         <run_address>0x285e</run_address>
         <size>0x54</size>
         <input_file_ref idref="fl-d3"/>
      </object_component>
      <object_component id="oc-338">
         <name>.text:_ecpy</name>
         <load_address>0x28b2</load_address>
         <run_address>0x28b2</run_address>
         <size>0x52</size>
         <input_file_ref idref="fl-c5"/>
      </object_component>
      <object_component id="oc-122">
         <name>.text:ADCSequenceConfigure</name>
         <load_address>0x2904</load_address>
         <run_address>0x2904</run_address>
         <size>0x4e</size>
         <input_file_ref idref="fl-e0"/>
      </object_component>
      <object_component id="oc-14c">
         <name>.text:GPIOPinConfigure</name>
         <load_address>0x2954</load_address>
         <run_address>0x2954</run_address>
         <size>0x4c</size>
         <input_file_ref idref="fl-e1"/>
      </object_component>
      <object_component id="oc-1f1">
         <name>.text:_TimerIntNumberGet</name>
         <load_address>0x29a0</load_address>
         <run_address>0x29a0</run_address>
         <size>0x4c</size>
         <input_file_ref idref="fl-e4"/>
      </object_component>
      <object_component id="oc-294">
         <name>.text:atoi</name>
         <load_address>0x29ec</load_address>
         <run_address>0x29ec</run_address>
         <size>0x4c</size>
         <input_file_ref idref="fl-d5"/>
      </object_component>
      <object_component id="oc-323">
         <name>.text</name>
         <load_address>0x2a38</load_address>
         <run_address>0x2a38</run_address>
         <size>0x48</size>
         <input_file_ref idref="fl-ca"/>
      </object_component>
      <object_component id="oc-15e">
         <name>.text:UARTConfigSetExpClk</name>
         <load_address>0x2a80</load_address>
         <run_address>0x2a80</run_address>
         <size>0x46</size>
         <input_file_ref idref="fl-e5"/>
      </object_component>
      <object_component id="oc-194">
         <name>.text:__TI_auto_init_nobinit_nopinit:__TI_auto_init_nobinit_nopinit</name>
         <load_address>0x2ac8</load_address>
         <run_address>0x2ac8</run_address>
         <size>0x44</size>
         <input_file_ref idref="fl-ce"/>
      </object_component>
      <object_component id="oc-175">
         <name>.text:sprintf</name>
         <load_address>0x2b0c</load_address>
         <run_address>0x2b0c</run_address>
         <size>0x40</size>
         <input_file_ref idref="fl-bf"/>
      </object_component>
      <object_component id="oc-34b">
         <name>.text:_fcpy</name>
         <load_address>0x2b4c</load_address>
         <run_address>0x2b4c</run_address>
         <size>0x3e</size>
         <input_file_ref idref="fl-c5"/>
      </object_component>
      <object_component id="oc-110">
         <name>.text:SysCtlPeripheralReady</name>
         <load_address>0x2b8c</load_address>
         <run_address>0x2b8c</run_address>
         <size>0x38</size>
         <input_file_ref idref="fl-e3"/>
      </object_component>
      <object_component id="oc-1f7">
         <name>.text:IntRegister</name>
         <load_address>0x2bc4</load_address>
         <run_address>0x2bc4</run_address>
         <size>0x34</size>
         <input_file_ref idref="fl-e2"/>
      </object_component>
      <object_component id="oc-da">
         <name>.text:SysCtlPeripheralEnable</name>
         <load_address>0x2bf8</load_address>
         <run_address>0x2bf8</run_address>
         <size>0x34</size>
         <input_file_ref idref="fl-e3"/>
      </object_component>
      <object_component id="oc-59">
         <name>.text:_c_int00_noargs:_c_int00_noargs</name>
         <load_address>0x2c2c</load_address>
         <run_address>0x2c2c</run_address>
         <size>0x34</size>
         <input_file_ref idref="fl-c4"/>
      </object_component>
      <object_component id="oc-140">
         <name>.text:ADCIntStatus</name>
         <load_address>0x2c60</load_address>
         <run_address>0x2c60</run_address>
         <size>0x2e</size>
         <input_file_ref idref="fl-e0"/>
      </object_component>
      <object_component id="oc-32e">
         <name>.text</name>
         <load_address>0x2c8e</load_address>
         <run_address>0x2c8e</run_address>
         <size>0x2e</size>
         <input_file_ref idref="fl-cb"/>
      </object_component>
      <object_component id="oc-1da">
         <name>.text:GPIODirModeSet</name>
         <load_address>0x2cbc</load_address>
         <run_address>0x2cbc</run_address>
         <size>0x2c</size>
         <input_file_ref idref="fl-e1"/>
      </object_component>
      <object_component id="oc-213">
         <name>.text:UARTDisable</name>
         <load_address>0x2ce8</load_address>
         <run_address>0x2ce8</run_address>
         <size>0x20</size>
         <input_file_ref idref="fl-e5"/>
      </object_component>
      <object_component id="oc-146">
         <name>.text:ADCSequenceDataGet</name>
         <load_address>0x2d08</load_address>
         <run_address>0x2d08</run_address>
         <size>0x1e</size>
         <input_file_ref idref="fl-e0"/>
      </object_component>
      <object_component id="oc-47">
         <name>.text:decompress:ZI:__TI_zero_init_nomemset:__TI_zero_init_nomemset</name>
         <load_address>0x2d26</load_address>
         <run_address>0x2d26</run_address>
         <size>0x1c</size>
         <input_file_ref idref="fl-c1"/>
      </object_component>
      <object_component id="oc-2bd">
         <name>.text:memccpy</name>
         <load_address>0x2d42</load_address>
         <run_address>0x2d42</run_address>
         <size>0x1c</size>
         <input_file_ref idref="fl-d7"/>
      </object_component>
      <object_component id="oc-e0">
         <name>.text:GPIOPinTypeGPIOOutput</name>
         <load_address>0x2d5e</load_address>
         <run_address>0x2d5e</run_address>
         <size>0x1a</size>
         <input_file_ref idref="fl-e1"/>
      </object_component>
      <object_component id="oc-3b4">
         <name>.text:copysign</name>
         <load_address>0x2d78</load_address>
         <run_address>0x2d78</run_address>
         <size>0x1a</size>
         <input_file_ref idref="fl-df"/>
      </object_component>
      <object_component id="oc-13a">
         <name>.text:ADCProcessorTrigger</name>
         <load_address>0x2d92</load_address>
         <run_address>0x2d92</run_address>
         <size>0x18</size>
         <input_file_ref idref="fl-e0"/>
      </object_component>
      <object_component id="oc-104">
         <name>.text:TimerIntRegister</name>
         <load_address>0x2daa</load_address>
         <run_address>0x2daa</run_address>
         <size>0x18</size>
         <input_file_ref idref="fl-e4"/>
      </object_component>
      <object_component id="oc-225">
         <name>.text:_outs</name>
         <load_address>0x2dc2</load_address>
         <run_address>0x2dc2</run_address>
         <size>0x18</size>
         <input_file_ref idref="fl-bf"/>
      </object_component>
      <object_component id="oc-116">
         <name>.text:GPIOPinTypeADC</name>
         <load_address>0x2dda</load_address>
         <run_address>0x2dda</run_address>
         <size>0x16</size>
         <input_file_ref idref="fl-e1"/>
      </object_component>
      <object_component id="oc-152">
         <name>.text:GPIOPinTypeUART</name>
         <load_address>0x2df0</load_address>
         <run_address>0x2df0</run_address>
         <size>0x16</size>
         <input_file_ref idref="fl-e1"/>
      </object_component>
      <object_component id="oc-35f">
         <name>.text:strchr</name>
         <load_address>0x2e06</load_address>
         <run_address>0x2e06</run_address>
         <size>0x16</size>
         <input_file_ref idref="fl-d8"/>
      </object_component>
      <object_component id="oc-164">
         <name>.text:UARTEnable</name>
         <load_address>0x2e1c</load_address>
         <run_address>0x2e1c</run_address>
         <size>0x14</size>
         <input_file_ref idref="fl-e5"/>
      </object_component>
      <object_component id="oc-28e">
         <name>.text:strlen</name>
         <load_address>0x2e30</load_address>
         <run_address>0x2e30</run_address>
         <size>0x14</size>
         <input_file_ref idref="fl-d9"/>
      </object_component>
      <object_component id="oc-ec">
         <name>.text:TimerLoadSet</name>
         <load_address>0x2e44</load_address>
         <run_address>0x2e44</run_address>
         <size>0x12</size>
         <input_file_ref idref="fl-e4"/>
      </object_component>
      <object_component id="oc-2c3">
         <name>.text:wcslen</name>
         <load_address>0x2e56</load_address>
         <run_address>0x2e56</run_address>
         <size>0x12</size>
         <input_file_ref idref="fl-db"/>
      </object_component>
      <object_component id="oc-f2">
         <name>.text:IntMasterEnable</name>
         <load_address>0x2e68</load_address>
         <run_address>0x2e68</run_address>
         <size>0x10</size>
         <input_file_ref idref="fl-e2"/>
      </object_component>
      <object_component id="oc-11c">
         <name>.text:ADCSequenceDisable</name>
         <load_address>0x2e78</load_address>
         <run_address>0x2e78</run_address>
         <size>0xe</size>
         <input_file_ref idref="fl-e0"/>
      </object_component>
      <object_component id="oc-12e">
         <name>.text:ADCSequenceEnable</name>
         <load_address>0x2e86</load_address>
         <run_address>0x2e86</run_address>
         <size>0xe</size>
         <input_file_ref idref="fl-e0"/>
      </object_component>
      <object_component id="oc-ce">
         <name>.text:TimerEnable</name>
         <load_address>0x2e94</load_address>
         <run_address>0x2e94</run_address>
         <size>0xe</size>
         <input_file_ref idref="fl-e4"/>
      </object_component>
      <object_component id="oc-1b">
         <name>.text:decompress:none:__TI_decompress_none</name>
         <load_address>0x2ea2</load_address>
         <run_address>0x2ea2</run_address>
         <size>0xe</size>
         <input_file_ref idref="fl-c2"/>
      </object_component>
      <object_component id="oc-1e4">
         <name>.text:CPUcpsie</name>
         <load_address>0x2eb0</load_address>
         <run_address>0x2eb0</run_address>
         <size>0xc</size>
         <input_file_ref idref="fl-e6"/>
      </object_component>
      <object_component id="oc-27">
         <name>.text</name>
         <load_address>0x2ebc</load_address>
         <run_address>0x2ebc</run_address>
         <size>0xc</size>
         <input_file_ref idref="fl-4"/>
      </object_component>
      <object_component id="oc-134">
         <name>.text:ADCIntClear</name>
         <load_address>0x2ec8</load_address>
         <run_address>0x2ec8</run_address>
         <size>0xa</size>
         <input_file_ref idref="fl-e0"/>
      </object_component>
      <object_component id="oc-16a">
         <name>.text:UARTCharGet</name>
         <load_address>0x2ed2</load_address>
         <run_address>0x2ed2</run_address>
         <size>0xa</size>
         <input_file_ref idref="fl-e5"/>
      </object_component>
      <object_component id="oc-22b">
         <name>.text:_outc</name>
         <load_address>0x2edc</load_address>
         <run_address>0x2edc</run_address>
         <size>0xa</size>
         <input_file_ref idref="fl-bf"/>
      </object_component>
      <object_component id="oc-fe">
         <name>.text:TimerIntEnable</name>
         <load_address>0x2ee6</load_address>
         <run_address>0x2ee6</run_address>
         <size>0x8</size>
         <input_file_ref idref="fl-e4"/>
      </object_component>
      <object_component id="oc-2c9">
         <name>.text:__aeabi_errno_addr</name>
         <load_address>0x2ef0</load_address>
         <run_address>0x2ef0</run_address>
         <size>0x8</size>
         <input_file_ref idref="fl-da"/>
      </object_component>
      <object_component id="oc-17b">
         <name>.text:GPIOPinRead</name>
         <load_address>0x2ef8</load_address>
         <run_address>0x2ef8</run_address>
         <size>0x6</size>
         <input_file_ref idref="fl-e1"/>
      </object_component>
      <object_component id="oc-181">
         <name>.text:GPIOPinWrite</name>
         <load_address>0x2efe</load_address>
         <run_address>0x2efe</run_address>
         <size>0x6</size>
         <input_file_ref idref="fl-e1"/>
      </object_component>
      <object_component id="oc-1c8">
         <name>.text:SysCtlDelay</name>
         <load_address>0x2f04</load_address>
         <run_address>0x2f04</run_address>
         <size>0x6</size>
         <input_file_ref idref="fl-e3"/>
      </object_component>
      <object_component id="oc-10a">
         <name>.text:TimerIntClear</name>
         <load_address>0x2f0a</load_address>
         <run_address>0x2f0a</run_address>
         <size>0x4</size>
         <input_file_ref idref="fl-e4"/>
      </object_component>
      <object_component id="oc-95">
         <name>.text:_system_pre_init</name>
         <load_address>0x2f0e</load_address>
         <run_address>0x2f0e</run_address>
         <size>0x4</size>
         <input_file_ref idref="fl-cf"/>
      </object_component>
      <object_component id="oc-188">
         <name>.text:abort:abort</name>
         <load_address>0x2f12</load_address>
         <run_address>0x2f12</run_address>
         <size>0x4</size>
         <input_file_ref idref="fl-d1"/>
      </object_component>
      <object_component id="oc-308">
         <name>.const:.string:_ctypes_</name>
         <load_address>0x2f18</load_address>
         <run_address>0x2f18</run_address>
         <size>0x101</size>
         <input_file_ref idref="fl-d6"/>
      </object_component>
      <object_component id="oc-20a">
         <name>.const:g_pui32GPIOBaseAddrs</name>
         <load_address>0x301c</load_address>
         <run_address>0x301c</run_address>
         <size>0x90</size>
         <input_file_ref idref="fl-e1"/>
      </object_component>
      <object_component id="oc-20f">
         <name>.const:g_pui32Xtals</name>
         <load_address>0x30ac</load_address>
         <run_address>0x30ac</run_address>
         <size>0x6c</size>
         <input_file_ref idref="fl-e3"/>
      </object_component>
      <object_component id="oc-27a">
         <name>.const:g_ppui32TimerIntMap</name>
         <load_address>0x3118</load_address>
         <run_address>0x3118</run_address>
         <size>0x60</size>
         <input_file_ref idref="fl-e4"/>
      </object_component>
      <object_component id="oc-27d">
         <name>.const:g_ppui32TimerIntMapSnowflake</name>
         <load_address>0x3178</load_address>
         <run_address>0x3178</run_address>
         <size>0x40</size>
         <input_file_ref idref="fl-e4"/>
      </object_component>
      <object_component id="oc-1eb">
         <name>.const:g_pui32EnRegs</name>
         <load_address>0x31b8</load_address>
         <run_address>0x31b8</run_address>
         <size>0x14</size>
         <input_file_ref idref="fl-e2"/>
      </object_component>
      <object_component id="oc-40a">
         <name>__TI_handler_table</name>
         <load_address>0x31d0</load_address>
         <run_address>0x31d0</run_address>
         <size>0xc</size>
      </object_component>
      <object_component id="oc-40e">
         <name>.cinit..bss.load</name>
         <load_address>0x31e0</load_address>
         <run_address>0x31e0</run_address>
         <size>0x8</size>
      </object_component>
      <object_component id="oc-40c">
         <name>.cinit..vtable.load</name>
         <load_address>0x31e8</load_address>
         <run_address>0x31e8</run_address>
         <size>0x8</size>
      </object_component>
      <object_component id="oc-40d">
         <name>.cinit..data.load</name>
         <load_address>0x31f0</load_address>
         <run_address>0x31f0</run_address>
         <size>0x7</size>
      </object_component>
      <object_component id="oc-40b">
         <name>__TI_cinit_table</name>
         <load_address>0x31f8</load_address>
         <run_address>0x31f8</run_address>
         <size>0x18</size>
      </object_component>
      <object_component id="oc-281">
         <name>.vtable</name>
         <uninitialized>true</uninitialized>
         <run_address>0x20000000</run_address>
         <size>0x26c</size>
         <input_file_ref idref="fl-e2"/>
      </object_component>
      <object_component id="oc-36f">
         <name>.data</name>
         <load_address>0x2000026c</load_address>
         <run_address>0x2000026c</run_address>
         <size>0x4</size>
         <input_file_ref idref="fl-da"/>
      </object_component>
      <object_component id="oc-170">
         <name>.common:sn</name>
         <uninitialized>true</uninitialized>
         <run_address>0x20000478</run_address>
         <size>0x4</size>
      </object_component>
      <object_component id="oc-173">
         <name>.common:dk</name>
         <uninitialized>true</uninitialized>
         <run_address>0x20000470</run_address>
         <size>0x4</size>
      </object_component>
      <object_component id="oc-174">
         <name>.common:sa</name>
         <uninitialized>true</uninitialized>
         <run_address>0x20000474</run_address>
         <size>0x4</size>
      </object_component>
      <object_component id="oc-24">
         <name>.stack</name>
         <uninitialized>true</uninitialized>
         <run_address>0x20000270</run_address>
         <size>0x4</size>
         <input_file_ref idref="fl-c4"/>
      </object_component>
      <object_component id="oc-410">
         <name>.stack</name>
         <uninitialized>true</uninitialized>
         <run_address>0x20000270</run_address>
         <size>0x0</size>
      </object_component>
      <object_component id="oc-b7">
         <name>.debug_info</name>
         <load_address>0x0</load_address>
         <run_address>0x0</run_address>
         <size>0x37c</size>
         <input_file_ref idref="fl-2"/>
      </object_component>
      <object_component id="oc-c9">
         <name>.debug_info</name>
         <load_address>0x37c</load_address>
         <run_address>0x37c</run_address>
         <size>0x709</size>
         <input_file_ref idref="fl-2"/>
      </object_component>
      <object_component id="oc-70">
         <name>.debug_info</name>
         <load_address>0xa85</load_address>
         <run_address>0xa85</run_address>
         <size>0x26b</size>
         <input_file_ref idref="fl-2"/>
      </object_component>
      <object_component id="oc-b2">
         <name>.debug_info</name>
         <load_address>0xcf0</load_address>
         <run_address>0xcf0</run_address>
         <size>0x8b</size>
         <input_file_ref idref="fl-2"/>
      </object_component>
      <object_component id="oc-ad">
         <name>.debug_info</name>
         <load_address>0xd7b</load_address>
         <run_address>0xd7b</run_address>
         <size>0x2a4</size>
         <input_file_ref idref="fl-2"/>
      </object_component>
      <object_component id="oc-75">
         <name>.debug_info</name>
         <load_address>0x101f</load_address>
         <run_address>0x101f</run_address>
         <size>0xbb</size>
         <input_file_ref idref="fl-2"/>
      </object_component>
      <object_component id="oc-171">
         <name>.debug_info</name>
         <load_address>0x10da</load_address>
         <run_address>0x10da</run_address>
         <size>0x9c3</size>
         <input_file_ref idref="fl-3"/>
      </object_component>
      <object_component id="oc-9e">
         <name>.debug_info</name>
         <load_address>0x1a9d</load_address>
         <run_address>0x1a9d</run_address>
         <size>0x88a</size>
         <input_file_ref idref="fl-3"/>
      </object_component>
      <object_component id="oc-233">
         <name>.debug_info</name>
         <load_address>0x2327</load_address>
         <run_address>0x2327</run_address>
         <size>0x2c</size>
         <input_file_ref idref="fl-3"/>
      </object_component>
      <object_component id="oc-2f">
         <name>.debug_info</name>
         <load_address>0x2353</load_address>
         <run_address>0x2353</run_address>
         <size>0x2ab</size>
         <input_file_ref idref="fl-4"/>
      </object_component>
      <object_component id="oc-13">
         <name>.debug_info</name>
         <load_address>0x25fe</load_address>
         <run_address>0x25fe</run_address>
         <size>0xea</size>
         <input_file_ref idref="fl-4"/>
      </object_component>
      <object_component id="oc-28">
         <name>.debug_info</name>
         <load_address>0x26e8</load_address>
         <run_address>0x26e8</run_address>
         <size>0x266</size>
         <input_file_ref idref="fl-4"/>
      </object_component>
      <object_component id="oc-36">
         <name>.debug_info</name>
         <load_address>0x294e</load_address>
         <run_address>0x294e</run_address>
         <size>0x84</size>
         <input_file_ref idref="fl-4"/>
      </object_component>
      <object_component id="oc-232">
         <name>.debug_info</name>
         <load_address>0x29d2</load_address>
         <run_address>0x29d2</run_address>
         <size>0x333</size>
         <input_file_ref idref="fl-bf"/>
      </object_component>
      <object_component id="oc-176">
         <name>.debug_info</name>
         <load_address>0x2d05</load_address>
         <run_address>0x2d05</run_address>
         <size>0x1d1</size>
         <input_file_ref idref="fl-bf"/>
      </object_component>
      <object_component id="oc-226">
         <name>.debug_info</name>
         <load_address>0x2ed6</load_address>
         <run_address>0x2ed6</run_address>
         <size>0x18d</size>
         <input_file_ref idref="fl-bf"/>
      </object_component>
      <object_component id="oc-22d">
         <name>.debug_info</name>
         <load_address>0x3063</load_address>
         <run_address>0x3063</run_address>
         <size>0x16d</size>
         <input_file_ref idref="fl-bf"/>
      </object_component>
      <object_component id="oc-376">
         <name>.debug_info</name>
         <load_address>0x31d0</load_address>
         <run_address>0x31d0</run_address>
         <size>0x2c</size>
         <input_file_ref idref="fl-bf"/>
      </object_component>
      <object_component id="oc-3c">
         <name>.debug_info</name>
         <load_address>0x31fc</load_address>
         <run_address>0x31fc</run_address>
         <size>0x119</size>
         <input_file_ref idref="fl-c0"/>
      </object_component>
      <object_component id="oc-8e">
         <name>.debug_info</name>
         <load_address>0x3315</load_address>
         <run_address>0x3315</run_address>
         <size>0x2d4</size>
         <input_file_ref idref="fl-c1"/>
      </object_component>
      <object_component id="oc-49">
         <name>.debug_info</name>
         <load_address>0x35e9</load_address>
         <run_address>0x35e9</run_address>
         <size>0x1d2</size>
         <input_file_ref idref="fl-c1"/>
      </object_component>
      <object_component id="oc-89">
         <name>.debug_info</name>
         <load_address>0x37bb</load_address>
         <run_address>0x37bb</run_address>
         <size>0x46</size>
         <input_file_ref idref="fl-c1"/>
      </object_component>
      <object_component id="oc-bf">
         <name>.debug_info</name>
         <load_address>0x3801</load_address>
         <run_address>0x3801</run_address>
         <size>0x2c</size>
         <input_file_ref idref="fl-c1"/>
      </object_component>
      <object_component id="oc-46">
         <name>.debug_info</name>
         <load_address>0x382d</load_address>
         <run_address>0x382d</run_address>
         <size>0x2a8</size>
         <input_file_ref idref="fl-c2"/>
      </object_component>
      <object_component id="oc-1e">
         <name>.debug_info</name>
         <load_address>0x3ad5</load_address>
         <run_address>0x3ad5</run_address>
         <size>0x1ea</size>
         <input_file_ref idref="fl-c2"/>
      </object_component>
      <object_component id="oc-41">
         <name>.debug_info</name>
         <load_address>0x3cbf</load_address>
         <run_address>0x3cbf</run_address>
         <size>0x46</size>
         <input_file_ref idref="fl-c2"/>
      </object_component>
      <object_component id="oc-81">
         <name>.debug_info</name>
         <load_address>0x3d05</load_address>
         <run_address>0x3d05</run_address>
         <size>0x2c</size>
         <input_file_ref idref="fl-c2"/>
      </object_component>
      <object_component id="oc-7f">
         <name>.debug_info</name>
         <load_address>0x3d31</load_address>
         <run_address>0x3d31</run_address>
         <size>0x29e</size>
         <input_file_ref idref="fl-c3"/>
      </object_component>
      <object_component id="oc-16">
         <name>.debug_info</name>
         <load_address>0x3fcf</load_address>
         <run_address>0x3fcf</run_address>
         <size>0x250</size>
         <input_file_ref idref="fl-c3"/>
      </object_component>
      <object_component id="oc-31">
         <name>.debug_info</name>
         <load_address>0x421f</load_address>
         <run_address>0x421f</run_address>
         <size>0x60</size>
         <input_file_ref idref="fl-c3"/>
      </object_component>
      <object_component id="oc-b8">
         <name>.debug_info</name>
         <load_address>0x427f</load_address>
         <run_address>0x427f</run_address>
         <size>0x46</size>
         <input_file_ref idref="fl-c3"/>
      </object_component>
      <object_component id="oc-7a">
         <name>.debug_info</name>
         <load_address>0x42c5</load_address>
         <run_address>0x42c5</run_address>
         <size>0x39</size>
         <input_file_ref idref="fl-c3"/>
      </object_component>
      <object_component id="oc-25">
         <name>.debug_info</name>
         <load_address>0x42fe</load_address>
         <run_address>0x42fe</run_address>
         <size>0x10b</size>
         <input_file_ref idref="fl-c4"/>
      </object_component>
      <object_component id="oc-5a">
         <name>.debug_info</name>
         <load_address>0x4409</load_address>
         <run_address>0x4409</run_address>
         <size>0x1a9</size>
         <input_file_ref idref="fl-c4"/>
      </object_component>
      <object_component id="oc-2d0">
         <name>.debug_info</name>
         <load_address>0x45b2</load_address>
         <run_address>0x45b2</run_address>
         <size>0x590</size>
         <input_file_ref idref="fl-c5"/>
      </object_component>
      <object_component id="oc-29b">
         <name>.debug_info</name>
         <load_address>0x4b42</load_address>
         <run_address>0x4b42</run_address>
         <size>0x21e</size>
         <input_file_ref idref="fl-c5"/>
      </object_component>
      <object_component id="oc-339">
         <name>.debug_info</name>
         <load_address>0x4d60</load_address>
         <run_address>0x4d60</run_address>
         <size>0x1b3</size>
         <input_file_ref idref="fl-c5"/>
      </object_component>
      <object_component id="oc-340">
         <name>.debug_info</name>
         <load_address>0x4f13</load_address>
         <run_address>0x4f13</run_address>
         <size>0x21b</size>
         <input_file_ref idref="fl-c5"/>
      </object_component>
      <object_component id="oc-2a6">
         <name>.debug_info</name>
         <load_address>0x512e</load_address>
         <run_address>0x512e</run_address>
         <size>0x3c0</size>
         <input_file_ref idref="fl-c5"/>
      </object_component>
      <object_component id="oc-347">
         <name>.debug_info</name>
         <load_address>0x54ee</load_address>
         <run_address>0x54ee</run_address>
         <size>0x30a</size>
         <input_file_ref idref="fl-c5"/>
      </object_component>
      <object_component id="oc-34c">
         <name>.debug_info</name>
         <load_address>0x57f8</load_address>
         <run_address>0x57f8</run_address>
         <size>0x215</size>
         <input_file_ref idref="fl-c5"/>
      </object_component>
      <object_component id="oc-2ac">
         <name>.debug_info</name>
         <load_address>0x5a0d</load_address>
         <run_address>0x5a0d</run_address>
         <size>0x215</size>
         <input_file_ref idref="fl-c5"/>
      </object_component>
      <object_component id="oc-2b2">
         <name>.debug_info</name>
         <load_address>0x5c22</load_address>
         <run_address>0x5c22</run_address>
         <size>0x304</size>
         <input_file_ref idref="fl-c5"/>
      </object_component>
      <object_component id="oc-2b8">
         <name>.debug_info</name>
         <load_address>0x5f26</load_address>
         <run_address>0x5f26</run_address>
         <size>0x4b5</size>
         <input_file_ref idref="fl-c5"/>
      </object_component>
      <object_component id="oc-220">
         <name>.debug_info</name>
         <load_address>0x63db</load_address>
         <run_address>0x63db</run_address>
         <size>0x5f4</size>
         <input_file_ref idref="fl-c5"/>
      </object_component>
      <object_component id="oc-2d1">
         <name>.debug_info</name>
         <load_address>0x69cf</load_address>
         <run_address>0x69cf</run_address>
         <size>0x86</size>
         <input_file_ref idref="fl-c5"/>
      </object_component>
      <object_component id="oc-37b">
         <name>.debug_info</name>
         <load_address>0x6a55</load_address>
         <run_address>0x6a55</run_address>
         <size>0x39</size>
         <input_file_ref idref="fl-c5"/>
      </object_component>
      <object_component id="oc-3cb">
         <name>.debug_info</name>
         <load_address>0x6a8e</load_address>
         <run_address>0x6a8e</run_address>
         <size>0xb6</size>
         <input_file_ref idref="fl-c5"/>
      </object_component>
      <object_component id="oc-380">
         <name>.debug_info</name>
         <load_address>0x6b44</load_address>
         <run_address>0x6b44</run_address>
         <size>0x46</size>
         <input_file_ref idref="fl-c5"/>
      </object_component>
      <object_component id="oc-2d6">
         <name>.debug_info</name>
         <load_address>0x6b8a</load_address>
         <run_address>0x6b8a</run_address>
         <size>0x46</size>
         <input_file_ref idref="fl-c5"/>
      </object_component>
      <object_component id="oc-336">
         <name>.debug_info</name>
         <load_address>0x6bd0</load_address>
         <run_address>0x6bd0</run_address>
         <size>0x14c</size>
         <input_file_ref idref="fl-c6"/>
      </object_component>
      <object_component id="oc-2a3">
         <name>.debug_info</name>
         <load_address>0x6d1c</load_address>
         <run_address>0x6d1c</run_address>
         <size>0x128</size>
         <input_file_ref idref="fl-c7"/>
      </object_component>
      <object_component id="oc-31f">
         <name>.debug_info</name>
         <load_address>0x6e44</load_address>
         <run_address>0x6e44</run_address>
         <size>0x12a</size>
         <input_file_ref idref="fl-c7"/>
      </object_component>
      <object_component id="oc-31b">
         <name>.debug_info</name>
         <load_address>0x6f6e</load_address>
         <run_address>0x6f6e</run_address>
         <size>0x13a</size>
         <input_file_ref idref="fl-c8"/>
      </object_component>
      <object_component id="oc-317">
         <name>.debug_info</name>
         <load_address>0x70a8</load_address>
         <run_address>0x70a8</run_address>
         <size>0x13a</size>
         <input_file_ref idref="fl-c9"/>
      </object_component>
      <object_component id="oc-326">
         <name>.debug_info</name>
         <load_address>0x71e2</load_address>
         <run_address>0x71e2</run_address>
         <size>0x12e</size>
         <input_file_ref idref="fl-ca"/>
      </object_component>
      <object_component id="oc-32f">
         <name>.debug_info</name>
         <load_address>0x7310</load_address>
         <run_address>0x7310</run_address>
         <size>0x12c</size>
         <input_file_ref idref="fl-cb"/>
      </object_component>
      <object_component id="oc-91">
         <name>.debug_info</name>
         <load_address>0x743c</load_address>
         <run_address>0x743c</run_address>
         <size>0x147</size>
         <input_file_ref idref="fl-cc"/>
      </object_component>
      <object_component id="oc-30f">
         <name>.debug_info</name>
         <load_address>0x7583</load_address>
         <run_address>0x7583</run_address>
         <size>0x134</size>
         <input_file_ref idref="fl-cd"/>
      </object_component>
      <object_component id="oc-245">
         <name>.debug_info</name>
         <load_address>0x76b7</load_address>
         <run_address>0x76b7</run_address>
         <size>0x4b3</size>
         <input_file_ref idref="fl-ce"/>
      </object_component>
      <object_component id="oc-195">
         <name>.debug_info</name>
         <load_address>0x7b6a</load_address>
         <run_address>0x7b6a</run_address>
         <size>0x1a6</size>
         <input_file_ref idref="fl-ce"/>
      </object_component>
      <object_component id="oc-2ef">
         <name>.debug_info</name>
         <load_address>0x7d10</load_address>
         <run_address>0x7d10</run_address>
         <size>0x39</size>
         <input_file_ref idref="fl-ce"/>
      </object_component>
      <object_component id="oc-388">
         <name>.debug_info</name>
         <load_address>0x7d49</load_address>
         <run_address>0x7d49</run_address>
         <size>0x39</size>
         <input_file_ref idref="fl-ce"/>
      </object_component>
      <object_component id="oc-2f4">
         <name>.debug_info</name>
         <load_address>0x7d82</load_address>
         <run_address>0x7d82</run_address>
         <size>0x39</size>
         <input_file_ref idref="fl-ce"/>
      </object_component>
      <object_component id="oc-2f9">
         <name>.debug_info</name>
         <load_address>0x7dbb</load_address>
         <run_address>0x7dbb</run_address>
         <size>0xcd</size>
         <input_file_ref idref="fl-ce"/>
      </object_component>
      <object_component id="oc-96">
         <name>.debug_info</name>
         <load_address>0x7e88</load_address>
         <run_address>0x7e88</run_address>
         <size>0x153</size>
         <input_file_ref idref="fl-cf"/>
      </object_component>
      <object_component id="oc-189">
         <name>.debug_info</name>
         <load_address>0x7fdb</load_address>
         <run_address>0x7fdb</run_address>
         <size>0x122</size>
         <input_file_ref idref="fl-d1"/>
      </object_component>
      <object_component id="oc-3a6">
         <name>.debug_info</name>
         <load_address>0x80fd</load_address>
         <run_address>0x80fd</run_address>
         <size>0x29c</size>
         <input_file_ref idref="fl-d3"/>
      </object_component>
      <object_component id="oc-32a">
         <name>.debug_info</name>
         <load_address>0x8399</load_address>
         <run_address>0x8399</run_address>
         <size>0x1da</size>
         <input_file_ref idref="fl-d3"/>
      </object_component>
      <object_component id="oc-30c">
         <name>.debug_info</name>
         <load_address>0x8573</load_address>
         <run_address>0x8573</run_address>
         <size>0x2b9</size>
         <input_file_ref idref="fl-d5"/>
      </object_component>
      <object_component id="oc-297">
         <name>.debug_info</name>
         <load_address>0x882c</load_address>
         <run_address>0x882c</run_address>
         <size>0x17c</size>
         <input_file_ref idref="fl-d5"/>
      </object_component>
      <object_component id="oc-398">
         <name>.debug_info</name>
         <load_address>0x89a8</load_address>
         <run_address>0x89a8</run_address>
         <size>0xf9</size>
         <input_file_ref idref="fl-d6"/>
      </object_component>
      <object_component id="oc-309">
         <name>.debug_info</name>
         <load_address>0x8aa1</load_address>
         <run_address>0x8aa1</run_address>
         <size>0x105</size>
         <input_file_ref idref="fl-d6"/>
      </object_component>
      <object_component id="oc-367">
         <name>.debug_info</name>
         <load_address>0x8ba6</load_address>
         <run_address>0x8ba6</run_address>
         <size>0x2a7</size>
         <input_file_ref idref="fl-d7"/>
      </object_component>
      <object_component id="oc-2be">
         <name>.debug_info</name>
         <load_address>0x8e4d</load_address>
         <run_address>0x8e4d</run_address>
         <size>0x1b8</size>
         <input_file_ref idref="fl-d7"/>
      </object_component>
      <object_component id="oc-3bd">
         <name>.debug_info</name>
         <load_address>0x9005</load_address>
         <run_address>0x9005</run_address>
         <size>0x29a</size>
         <input_file_ref idref="fl-d8"/>
      </object_component>
      <object_component id="oc-360">
         <name>.debug_info</name>
         <load_address>0x929f</load_address>
         <run_address>0x929f</run_address>
         <size>0x262</size>
         <input_file_ref idref="fl-d8"/>
      </object_component>
      <object_component id="oc-307">
         <name>.debug_info</name>
         <load_address>0x9501</load_address>
         <run_address>0x9501</run_address>
         <size>0x28f</size>
         <input_file_ref idref="fl-d9"/>
      </object_component>
      <object_component id="oc-291">
         <name>.debug_info</name>
         <load_address>0x9790</load_address>
         <run_address>0x9790</run_address>
         <size>0x245</size>
         <input_file_ref idref="fl-d9"/>
      </object_component>
      <object_component id="oc-373">
         <name>.debug_info</name>
         <load_address>0x99d5</load_address>
         <run_address>0x99d5</run_address>
         <size>0x289</size>
         <input_file_ref idref="fl-da"/>
      </object_component>
      <object_component id="oc-370">
         <name>.debug_info</name>
         <load_address>0x9c5e</load_address>
         <run_address>0x9c5e</run_address>
         <size>0x10e</size>
         <input_file_ref idref="fl-da"/>
      </object_component>
      <object_component id="oc-2cc">
         <name>.debug_info</name>
         <load_address>0x9d6c</load_address>
         <run_address>0x9d6c</run_address>
         <size>0x14e</size>
         <input_file_ref idref="fl-da"/>
      </object_component>
      <object_component id="oc-36e">
         <name>.debug_info</name>
         <load_address>0x9eba</load_address>
         <run_address>0x9eba</run_address>
         <size>0x28f</size>
         <input_file_ref idref="fl-db"/>
      </object_component>
      <object_component id="oc-2c5">
         <name>.debug_info</name>
         <load_address>0xa149</load_address>
         <run_address>0xa149</run_address>
         <size>0x15a</size>
         <input_file_ref idref="fl-db"/>
      </object_component>
      <object_component id="oc-3c0">
         <name>.debug_info</name>
         <load_address>0xa2a3</load_address>
         <run_address>0xa2a3</run_address>
         <size>0x46</size>
         <input_file_ref idref="fl-db"/>
      </object_component>
      <object_component id="oc-369">
         <name>.debug_info</name>
         <load_address>0xa2e9</load_address>
         <run_address>0xa2e9</run_address>
         <size>0x39</size>
         <input_file_ref idref="fl-db"/>
      </object_component>
      <object_component id="oc-3ae">
         <name>.debug_info</name>
         <load_address>0xa322</load_address>
         <run_address>0xa322</run_address>
         <size>0x295</size>
         <input_file_ref idref="fl-dc"/>
      </object_component>
      <object_component id="oc-356">
         <name>.debug_info</name>
         <load_address>0xa5b7</load_address>
         <run_address>0xa5b7</run_address>
         <size>0x195</size>
         <input_file_ref idref="fl-dc"/>
      </object_component>
      <object_component id="oc-3d7">
         <name>.debug_info</name>
         <load_address>0xa74c</load_address>
         <run_address>0xa74c</run_address>
         <size>0x39</size>
         <input_file_ref idref="fl-dc"/>
      </object_component>
      <object_component id="oc-3af">
         <name>.debug_info</name>
         <load_address>0xa785</load_address>
         <run_address>0xa785</run_address>
         <size>0x2c</size>
         <input_file_ref idref="fl-dc"/>
      </object_component>
      <object_component id="oc-3bb">
         <name>.debug_info</name>
         <load_address>0xa7b1</load_address>
         <run_address>0xa7b1</run_address>
         <size>0x2f8</size>
         <input_file_ref idref="fl-dd"/>
      </object_component>
      <object_component id="oc-35b">
         <name>.debug_info</name>
         <load_address>0xaaa9</load_address>
         <run_address>0xaaa9</run_address>
         <size>0x225</size>
         <input_file_ref idref="fl-dd"/>
      </object_component>
      <object_component id="oc-39c">
         <name>.debug_info</name>
         <load_address>0xacce</load_address>
         <run_address>0xacce</run_address>
         <size>0x115</size>
         <input_file_ref idref="fl-de"/>
      </object_component>
      <object_component id="oc-3b6">
         <name>.debug_info</name>
         <load_address>0xade3</load_address>
         <run_address>0xade3</run_address>
         <size>0x161</size>
         <input_file_ref idref="fl-df"/>
      </object_component>
      <object_component id="oc-202">
         <name>.debug_info</name>
         <load_address>0xaf44</load_address>
         <run_address>0xaf44</run_address>
         <size>0x3ba</size>
         <input_file_ref idref="fl-e0"/>
      </object_component>
      <object_component id="oc-12a">
         <name>.debug_info</name>
         <load_address>0xb2fe</load_address>
         <run_address>0xb2fe</run_address>
         <size>0x33c</size>
         <input_file_ref idref="fl-e0"/>
      </object_component>
      <object_component id="oc-130">
         <name>.debug_info</name>
         <load_address>0xb63a</load_address>
         <run_address>0xb63a</run_address>
         <size>0x2a9</size>
         <input_file_ref idref="fl-e0"/>
      </object_component>
      <object_component id="oc-11e">
         <name>.debug_info</name>
         <load_address>0xb8e3</load_address>
         <run_address>0xb8e3</run_address>
         <size>0x2ab</size>
         <input_file_ref idref="fl-e0"/>
      </object_component>
      <object_component id="oc-148">
         <name>.debug_info</name>
         <load_address>0xbb8e</load_address>
         <run_address>0xbb8e</run_address>
         <size>0x308</size>
         <input_file_ref idref="fl-e0"/>
      </object_component>
      <object_component id="oc-123">
         <name>.debug_info</name>
         <load_address>0xbe96</load_address>
         <run_address>0xbe96</run_address>
         <size>0x32f</size>
         <input_file_ref idref="fl-e0"/>
      </object_component>
      <object_component id="oc-13b">
         <name>.debug_info</name>
         <load_address>0xc1c5</load_address>
         <run_address>0xc1c5</run_address>
         <size>0x2ad</size>
         <input_file_ref idref="fl-e0"/>
      </object_component>
      <object_component id="oc-141">
         <name>.debug_info</name>
         <load_address>0xc472</load_address>
         <run_address>0xc472</run_address>
         <size>0x2f0</size>
         <input_file_ref idref="fl-e0"/>
      </object_component>
      <object_component id="oc-136">
         <name>.debug_info</name>
         <load_address>0xc762</load_address>
         <run_address>0xc762</run_address>
         <size>0x29d</size>
         <input_file_ref idref="fl-e0"/>
      </object_component>
      <object_component id="oc-261">
         <name>.debug_info</name>
         <load_address>0xc9ff</load_address>
         <run_address>0xc9ff</run_address>
         <size>0x26b</size>
         <input_file_ref idref="fl-e0"/>
      </object_component>
      <object_component id="oc-25a">
         <name>.debug_info</name>
         <load_address>0xcc6a</load_address>
         <run_address>0xcc6a</run_address>
         <size>0x297</size>
         <input_file_ref idref="fl-e0"/>
      </object_component>
      <object_component id="oc-26c">
         <name>.debug_info</name>
         <load_address>0xcf01</load_address>
         <run_address>0xcf01</run_address>
         <size>0xef</size>
         <input_file_ref idref="fl-e0"/>
      </object_component>
      <object_component id="oc-1cb">
         <name>.debug_info</name>
         <load_address>0xcff0</load_address>
         <run_address>0xcff0</run_address>
         <size>0xbb</size>
         <input_file_ref idref="fl-e0"/>
      </object_component>
      <object_component id="oc-1e1">
         <name>.debug_info</name>
         <load_address>0xd0ab</load_address>
         <run_address>0xd0ab</run_address>
         <size>0x3e4</size>
         <input_file_ref idref="fl-e1"/>
      </object_component>
      <object_component id="oc-20b">
         <name>.debug_info</name>
         <load_address>0xd48f</load_address>
         <run_address>0xd48f</run_address>
         <size>0x164</size>
         <input_file_ref idref="fl-e1"/>
      </object_component>
      <object_component id="oc-183">
         <name>.debug_info</name>
         <load_address>0xd5f3</load_address>
         <run_address>0xd5f3</run_address>
         <size>0x2ac</size>
         <input_file_ref idref="fl-e1"/>
      </object_component>
      <object_component id="oc-1dc">
         <name>.debug_info</name>
         <load_address>0xd89f</load_address>
         <run_address>0xd89f</run_address>
         <size>0x2bc</size>
         <input_file_ref idref="fl-e1"/>
      </object_component>
      <object_component id="oc-1d6">
         <name>.debug_info</name>
         <load_address>0xdb5b</load_address>
         <run_address>0xdb5b</run_address>
         <size>0x31f</size>
         <input_file_ref idref="fl-e1"/>
      </object_component>
      <object_component id="oc-154">
         <name>.debug_info</name>
         <load_address>0xde7a</load_address>
         <run_address>0xde7a</run_address>
         <size>0x29b</size>
         <input_file_ref idref="fl-e1"/>
      </object_component>
      <object_component id="oc-e2">
         <name>.debug_info</name>
         <load_address>0xe115</load_address>
         <run_address>0xe115</run_address>
         <size>0x2c0</size>
         <input_file_ref idref="fl-e1"/>
      </object_component>
      <object_component id="oc-119">
         <name>.debug_info</name>
         <load_address>0xe3d5</load_address>
         <run_address>0xe3d5</run_address>
         <size>0x299</size>
         <input_file_ref idref="fl-e1"/>
      </object_component>
      <object_component id="oc-17e">
         <name>.debug_info</name>
         <load_address>0xe66e</load_address>
         <run_address>0xe66e</run_address>
         <size>0x284</size>
         <input_file_ref idref="fl-e1"/>
      </object_component>
      <object_component id="oc-14f">
         <name>.debug_info</name>
         <load_address>0xe8f2</load_address>
         <run_address>0xe8f2</run_address>
         <size>0x289</size>
         <input_file_ref idref="fl-e1"/>
      </object_component>
      <object_component id="oc-1ef">
         <name>.debug_info</name>
         <load_address>0xeb7b</load_address>
         <run_address>0xeb7b</run_address>
         <size>0x3b7</size>
         <input_file_ref idref="fl-e2"/>
      </object_component>
      <object_component id="oc-1ec">
         <name>.debug_info</name>
         <load_address>0xef32</load_address>
         <run_address>0xef32</run_address>
         <size>0x15b</size>
         <input_file_ref idref="fl-e2"/>
      </object_component>
      <object_component id="oc-282">
         <name>.debug_info</name>
         <load_address>0xf08d</load_address>
         <run_address>0xf08d</run_address>
         <size>0x160</size>
         <input_file_ref idref="fl-e2"/>
      </object_component>
      <object_component id="oc-1f8">
         <name>.debug_info</name>
         <load_address>0xf1ed</load_address>
         <run_address>0xf1ed</run_address>
         <size>0x2ca</size>
         <input_file_ref idref="fl-e2"/>
      </object_component>
      <object_component id="oc-f3">
         <name>.debug_info</name>
         <load_address>0xf4b7</load_address>
         <run_address>0xf4b7</run_address>
         <size>0x247</size>
         <input_file_ref idref="fl-e2"/>
      </object_component>
      <object_component id="oc-f9">
         <name>.debug_info</name>
         <load_address>0xf6fe</load_address>
         <run_address>0xf6fe</run_address>
         <size>0x271</size>
         <input_file_ref idref="fl-e2"/>
      </object_component>
      <object_component id="oc-1d2">
         <name>.debug_info</name>
         <load_address>0xf96f</load_address>
         <run_address>0xf96f</run_address>
         <size>0x441</size>
         <input_file_ref idref="fl-e3"/>
      </object_component>
      <object_component id="oc-210">
         <name>.debug_info</name>
         <load_address>0xfdb0</load_address>
         <run_address>0xfdb0</run_address>
         <size>0x156</size>
         <input_file_ref idref="fl-e3"/>
      </object_component>
      <object_component id="oc-112">
         <name>.debug_info</name>
         <load_address>0xff06</load_address>
         <run_address>0xff06</run_address>
         <size>0x288</size>
         <input_file_ref idref="fl-e3"/>
      </object_component>
      <object_component id="oc-dc">
         <name>.debug_info</name>
         <load_address>0x1018e</load_address>
         <run_address>0x1018e</run_address>
         <size>0x286</size>
         <input_file_ref idref="fl-e3"/>
      </object_component>
      <object_component id="oc-d6">
         <name>.debug_info</name>
         <load_address>0x10414</load_address>
         <run_address>0x10414</run_address>
         <size>0x2e4</size>
         <input_file_ref idref="fl-e3"/>
      </object_component>
      <object_component id="oc-15a">
         <name>.debug_info</name>
         <load_address>0x106f8</load_address>
         <run_address>0x106f8</run_address>
         <size>0x2be</size>
         <input_file_ref idref="fl-e3"/>
      </object_component>
      <object_component id="oc-268">
         <name>.debug_info</name>
         <load_address>0x109b6</load_address>
         <run_address>0x109b6</run_address>
         <size>0x51</size>
         <input_file_ref idref="fl-e3"/>
      </object_component>
      <object_component id="oc-1d0">
         <name>.debug_info</name>
         <load_address>0x10a07</load_address>
         <run_address>0x10a07</run_address>
         <size>0x3c7</size>
         <input_file_ref idref="fl-e4"/>
      </object_component>
      <object_component id="oc-27b">
         <name>.debug_info</name>
         <load_address>0x10dce</load_address>
         <run_address>0x10dce</run_address>
         <size>0x163</size>
         <input_file_ref idref="fl-e4"/>
      </object_component>
      <object_component id="oc-27e">
         <name>.debug_info</name>
         <load_address>0x10f31</load_address>
         <run_address>0x10f31</run_address>
         <size>0x175</size>
         <input_file_ref idref="fl-e4"/>
      </object_component>
      <object_component id="oc-ed">
         <name>.debug_info</name>
         <load_address>0x110a6</load_address>
         <run_address>0x110a6</run_address>
         <size>0x2c3</size>
         <input_file_ref idref="fl-e4"/>
      </object_component>
      <object_component id="oc-1f2">
         <name>.debug_info</name>
         <load_address>0x11369</load_address>
         <run_address>0x11369</run_address>
         <size>0x2f4</size>
         <input_file_ref idref="fl-e4"/>
      </object_component>
      <object_component id="oc-105">
         <name>.debug_info</name>
         <load_address>0x1165d</load_address>
         <run_address>0x1165d</run_address>
         <size>0x2ed</size>
         <input_file_ref idref="fl-e4"/>
      </object_component>
      <object_component id="oc-ff">
         <name>.debug_info</name>
         <load_address>0x1194a</load_address>
         <run_address>0x1194a</run_address>
         <size>0x29d</size>
         <input_file_ref idref="fl-e4"/>
      </object_component>
      <object_component id="oc-10c">
         <name>.debug_info</name>
         <load_address>0x11be7</load_address>
         <run_address>0x11be7</run_address>
         <size>0x29b</size>
         <input_file_ref idref="fl-e4"/>
      </object_component>
      <object_component id="oc-cf">
         <name>.debug_info</name>
         <load_address>0x11e82</load_address>
         <run_address>0x11e82</run_address>
         <size>0x288</size>
         <input_file_ref idref="fl-e4"/>
      </object_component>
      <object_component id="oc-e7">
         <name>.debug_info</name>
         <load_address>0x1210a</load_address>
         <run_address>0x1210a</run_address>
         <size>0x295</size>
         <input_file_ref idref="fl-e4"/>
      </object_component>
      <object_component id="oc-21a">
         <name>.debug_info</name>
         <load_address>0x1239f</load_address>
         <run_address>0x1239f</run_address>
         <size>0x3cb</size>
         <input_file_ref idref="fl-e5"/>
      </object_component>
      <object_component id="oc-165">
         <name>.debug_info</name>
         <load_address>0x1276a</load_address>
         <run_address>0x1276a</run_address>
         <size>0x250</size>
         <input_file_ref idref="fl-e5"/>
      </object_component>
      <object_component id="oc-214">
         <name>.debug_info</name>
         <load_address>0x129ba</load_address>
         <run_address>0x129ba</run_address>
         <size>0x252</size>
         <input_file_ref idref="fl-e5"/>
      </object_component>
      <object_component id="oc-15f">
         <name>.debug_info</name>
         <load_address>0x12c0c</load_address>
         <run_address>0x12c0c</run_address>
         <size>0x32f</size>
         <input_file_ref idref="fl-e5"/>
      </object_component>
      <object_component id="oc-16b">
         <name>.debug_info</name>
         <load_address>0x12f3b</load_address>
         <run_address>0x12f3b</run_address>
         <size>0x256</size>
         <input_file_ref idref="fl-e5"/>
      </object_component>
      <object_component id="oc-1e5">
         <name>.debug_info</name>
         <load_address>0x13191</load_address>
         <run_address>0x13191</run_address>
         <size>0x21b</size>
         <input_file_ref idref="fl-e6"/>
      </object_component>
      <object_component id="oc-411">
         <name>.debug_info</name>
         <load_address>0x133ac</load_address>
         <run_address>0x133ac</run_address>
         <size>0x9d</size>
      </object_component>
      <object_component id="oc-1c7">
         <name>.debug_line</name>
         <load_address>0x0</load_address>
         <run_address>0x0</run_address>
         <size>0x8e</size>
         <input_file_ref idref="fl-2"/>
      </object_component>
      <object_component id="oc-cc">
         <name>.debug_line</name>
         <load_address>0x8e</load_address>
         <run_address>0x8e</run_address>
         <size>0x107</size>
         <input_file_ref idref="fl-2"/>
      </object_component>
      <object_component id="oc-73">
         <name>.debug_line</name>
         <load_address>0x195</load_address>
         <run_address>0x195</run_address>
         <size>0x6f</size>
         <input_file_ref idref="fl-2"/>
      </object_component>
      <object_component id="oc-b5">
         <name>.debug_line</name>
         <load_address>0x204</load_address>
         <run_address>0x204</run_address>
         <size>0x20</size>
         <input_file_ref idref="fl-2"/>
      </object_component>
      <object_component id="oc-b0">
         <name>.debug_line</name>
         <load_address>0x224</load_address>
         <run_address>0x224</run_address>
         <size>0x73</size>
         <input_file_ref idref="fl-2"/>
      </object_component>
      <object_component id="oc-78">
         <name>.debug_line</name>
         <load_address>0x297</load_address>
         <run_address>0x297</run_address>
         <size>0x70</size>
         <input_file_ref idref="fl-2"/>
      </object_component>
      <object_component id="oc-21e">
         <name>.debug_line</name>
         <load_address>0x307</load_address>
         <run_address>0x307</run_address>
         <size>0x1ce</size>
         <input_file_ref idref="fl-3"/>
      </object_component>
      <object_component id="oc-9c">
         <name>.debug_line</name>
         <load_address>0x4d5</load_address>
         <run_address>0x4d5</run_address>
         <size>0x162</size>
         <input_file_ref idref="fl-3"/>
      </object_component>
      <object_component id="oc-236">
         <name>.debug_line</name>
         <load_address>0x637</load_address>
         <run_address>0x637</run_address>
         <size>0x6b</size>
         <input_file_ref idref="fl-3"/>
      </object_component>
      <object_component id="oc-6f">
         <name>.debug_line</name>
         <load_address>0x6a2</load_address>
         <run_address>0x6a2</run_address>
         <size>0x41</size>
         <input_file_ref idref="fl-4"/>
      </object_component>
      <object_component id="oc-2e">
         <name>.debug_line</name>
         <load_address>0x6e3</load_address>
         <run_address>0x6e3</run_address>
         <size>0x41</size>
         <input_file_ref idref="fl-4"/>
      </object_component>
      <object_component id="oc-2b">
         <name>.debug_line</name>
         <load_address>0x724</load_address>
         <run_address>0x724</run_address>
         <size>0xa1</size>
         <input_file_ref idref="fl-4"/>
      </object_component>
      <object_component id="oc-39">
         <name>.debug_line</name>
         <load_address>0x7c5</load_address>
         <run_address>0x7c5</run_address>
         <size>0x20</size>
         <input_file_ref idref="fl-4"/>
      </object_component>
      <object_component id="oc-2de">
         <name>.debug_line</name>
         <load_address>0x7e5</load_address>
         <run_address>0x7e5</run_address>
         <size>0x2d</size>
         <input_file_ref idref="fl-bf"/>
      </object_component>
      <object_component id="oc-179">
         <name>.debug_line</name>
         <load_address>0x812</load_address>
         <run_address>0x812</run_address>
         <size>0x4b</size>
         <input_file_ref idref="fl-bf"/>
      </object_component>
      <object_component id="oc-22a">
         <name>.debug_line</name>
         <load_address>0x85d</load_address>
         <run_address>0x85d</run_address>
         <size>0x4b</size>
         <input_file_ref idref="fl-bf"/>
      </object_component>
      <object_component id="oc-22c">
         <name>.debug_line</name>
         <load_address>0x8a8</load_address>
         <run_address>0x8a8</run_address>
         <size>0x3f</size>
         <input_file_ref idref="fl-bf"/>
      </object_component>
      <object_component id="oc-379">
[...]
            <load_size>0x8</load_size>
            <run_address>0x20000000</run_address>
            <run_size>0x26c</run_size>
            <compression>zero_init</compression>
         </cprec>
         <cprec>
            <name>.data</name>
            <load_address>0x31f0</load_address>
            <load_size>0x7</load_size>
            <run_address>0x2000026c</run_address>
            <run_size>0x4</run_size>
            <compression>lzss</compression>
         </cprec>
      </cptbl>
   </cptbl_list>
   <handler_table>
      <handler_table_name>__TI_handler_table</handler_table_name>
      <handler>
         <index>0x0</index>
         <name>__TI_zero_init</name>
      </handler>
      <handler>
         <index>0x1</index>
         <name>__TI_decompress_lzss</name>
      </handler>
      <handler>
         <index>0x2</index>
         <name>__TI_decompress_none</name>
      </handler>
   </handler_table>
   <symbol_table>
      <symbol id="sm-1">
         <name>__STACK_TOP</name>
         <value>0x20000470</value>
      </symbol>
      <symbol id="sm-2">
         <name>__start___llvm_prf_cnts</name>
         <value>0x20000000</value>
      </symbol>
      <symbol id="sm-3">
         <name>__stop___llvm_prf_cnts</name>
         <value>0x20000000</value>
      </symbol>
      <symbol id="sm-4">
         <name>__TI_CINIT_Base</name>
         <value>0x31f8</value>
      </symbol>
      <symbol id="sm-5">
         <name>__TI_CINIT_Limit</name>
         <value>0x3210</value>
      </symbol>
      <symbol id="sm-6">
         <name>__TI_Handler_Table_Base</name>
         <value>0x31d0</value>
      </symbol>
      <symbol id="sm-7">
         <name>__TI_Handler_Table_Limit</name>
         <value>0x31dc</value>
      </symbol>
      <symbol id="sm-8">
         <name>binit</name>
         <value>0xffffffff</value>
      </symbol>
      <symbol id="sm-9">
         <name>__binit__</name>
         <value>0xffffffff</value>
      </symbol>
      <symbol id="sm-a">
         <name>__STACK_SIZE</name>
         <value>0x200</value>
      </symbol>
      <symbol id="sm-b">
         <name>__STACK_END</name>
         <value>0x20000470</value>
      </symbol>
      <symbol id="sm-c">
         <name>__c_args__</name>
         <value>0xffffffff</value>
      </symbol>
      <symbol id="sm-d">
         <name>__TI_pprof_out_hndl</name>
         <value>0xffffffff</value>
      </symbol>
      <symbol id="sm-e">
         <name>__TI_prof_data_start</name>
         <value>0xffffffff</value>
      </symbol>
      <symbol id="sm-f">
         <name>__TI_prof_data_size</name>
         <value>0xffffffff</value>
      </symbol>
      <symbol id="sm-55">
         <name>Lcd_init</name>
         <value>0x1099</value>
         <object_component_ref idref="oc-c8"/>
      </symbol>
      <symbol id="sm-56">
         <name>Lcd_Temizle</name>
         <value>0x128b</value>
         <object_component_ref idref="oc-c8"/>
      </symbol>
      <symbol id="sm-57">
         <name>Lcd_Putch</name>
         <value>0x120b</value>
         <object_component_ref idref="oc-c8"/>
      </symbol>
      <symbol id="sm-58">
         <name>Lcd_Komut</name>
         <value>0x118b</value>
         <object_component_ref idref="oc-c8"/>
      </symbol>
      <symbol id="sm-59">
         <name>Lcd_Goto</name>
         <value>0x129b</value>
         <object_component_ref idref="oc-c8"/>
      </symbol>
      <symbol id="sm-5a">
         <name>Lcd_Puts</name>
         <value>0x12e5</value>
         <object_component_ref idref="oc-c8"/>
      </symbol>
      <symbol id="sm-96">
         <name>sn</name>
         <value>0x20000478</value>
      </symbol>
      <symbol id="sm-97">
         <name>dk</name>
         <value>0x20000470</value>
      </symbol>
      <symbol id="sm-98">
         <name>sa</name>
         <value>0x20000474</value>
      </symbol>
      <symbol id="sm-99">
         <name>timerkesme</name>
         <value>0xf4d</value>
         <object_component_ref idref="oc-9b"/>
      </symbol>
      <symbol id="sm-9a">
         <name>main</name>
         <value>0xcbd</value>
         <object_component_ref idref="oc-9b"/>
      </symbol>
      <symbol id="sm-9b">
         <name>UART_ReadTimeFromPC</name>
         <value>0xe21</value>
         <object_component_ref idref="oc-9b"/>
      </symbol>
      <symbol id="sm-9c">
         <name>ReadADC</name>
         <value>0xd9f</value>
         <object_component_ref idref="oc-9b"/>
      </symbol>
      <symbol id="sm-9d">
         <name>UART0_Init</name>
         <value>0xdcd</value>
         <object_component_ref idref="oc-9b"/>
      </symbol>
      <symbol id="sm-9e">
         <name>ADC0_Init</name>
         <value>0xd43</value>
         <object_component_ref idref="oc-9b"/>
      </symbol>
      <symbol id="sm-9f">
         <name>initmikro</name>
         <value>0xcdd</value>
         <object_component_ref idref="oc-9b"/>
      </symbol>
      <symbol id="sm-c0">
         <name>ResetISR</name>
         <value>0x2ebd</value>
         <object_component_ref idref="oc-27"/>
      </symbol>
      <symbol id="sm-c1">
         <name>g_pfnVectors</name>
         <value>0x0</value>
         <object_component_ref idref="oc-12"/>
      </symbol>
      <symbol id="sm-e8">
         <name>sprintf</name>
         <value>0x2b0d</value>
         <object_component_ref idref="oc-175"/>
      </symbol>
      <symbol id="sm-103">
         <name>memcpy</name>
         <value>0x22d3</value>
         <object_component_ref idref="oc-3b"/>
      </symbol>
      <symbol id="sm-104">
         <name>__aeabi_memcpy</name>
         <value>0x22d3</value>
         <object_component_ref idref="oc-3b"/>
      </symbol>
      <symbol id="sm-105">
         <name>__aeabi_memcpy8</name>
         <value>0x22d3</value>
         <object_component_ref idref="oc-3b"/>
      </symbol>
      <symbol id="sm-106">
         <name>__aeabi_memcpy4</name>
         <value>0x22d3</value>
         <object_component_ref idref="oc-3b"/>
      </symbol>
      <symbol id="sm-11f">
         <name>__TI_zero_init_nomemset</name>
         <value>0x2d27</value>
         <object_component_ref idref="oc-47"/>
      </symbol>
      <symbol id="sm-136">
         <name>__TI_decompress_none</name>
         <value>0x2ea3</value>
         <object_component_ref idref="oc-1b"/>
      </symbol>
      <symbol id="sm-159">
         <name>__TI_decompress_lzss</name>
         <value>0x26dd</value>
         <object_component_ref idref="oc-15"/>
      </symbol>
      <symbol id="sm-16c">
         <name>__stack</name>
         <value>0x20000270</value>
         <object_component_ref idref="oc-24"/>
      </symbol>
      <symbol id="sm-16d">
         <name>_c_int00_noargs</name>
         <value>0x2c2d</value>
         <object_component_ref idref="oc-59"/>
      </symbol>
      <symbol id="sm-2d2">
         <name>__TI_printfi</name>
         <value>0x26d</value>
         <object_component_ref idref="oc-21f"/>
      </symbol>
      <symbol id="sm-2e9">
         <name>__aeabi_dsub</name>
         <value>0x174d</value>
         <object_component_ref idref="oc-333"/>
      </symbol>
      <symbol id="sm-2ea">
         <name>__aeabi_dadd</name>
         <value>0x1757</value>
         <object_component_ref idref="oc-333"/>
      </symbol>
      <symbol id="sm-30c">
         <name>__aeabi_cdcmpeq</name>
         <value>0x2405</value>
         <object_component_ref idref="oc-2a0"/>
      </symbol>
      <symbol id="sm-30d">
         <name>__aeabi_cdcmple</name>
         <value>0x2405</value>
         <object_component_ref idref="oc-2a0"/>
      </symbol>
      <symbol id="sm-30e">
         <name>__aeabi_cdrcmple</name>
         <value>0x248b</value>
         <object_component_ref idref="oc-31e"/>
      </symbol>
      <symbol id="sm-322">
         <name>__aeabi_ddiv</name>
         <value>0x1bad</value>
         <object_component_ref idref="oc-319"/>
      </symbol>
      <symbol id="sm-32d">
         <name>__aeabi_dmul</name>
         <value>0x2031</value>
         <object_component_ref idref="oc-314"/>
      </symbol>
      <symbol id="sm-337">
         <name>__aeabi_d2iz</name>
         <value>0x2a39</value>
         <object_component_ref idref="oc-323"/>
      </symbol>
      <symbol id="sm-341">
         <name>__aeabi_i2d</name>
         <value>0x2c8f</value>
         <object_component_ref idref="oc-32e"/>
      </symbol>
      <symbol id="sm-350">
         <name>__aeabi_memset</name>
         <value>0x258d</value>
         <object_component_ref idref="oc-8f"/>
      </symbol>
      <symbol id="sm-351">
         <name>memset</name>
         <value>0x2593</value>
         <object_component_ref idref="oc-8f"/>
      </symbol>
      <symbol id="sm-352">
         <name>__aeabi_memset8</name>
         <value>0x258d</value>
         <object_component_ref idref="oc-8f"/>
      </symbol>
      <symbol id="sm-353">
         <name>__aeabi_memset4</name>
         <value>0x258d</value>
         <object_component_ref idref="oc-8f"/>
      </symbol>
      <symbol id="sm-354">
         <name>__aeabi_memclr8</name>
         <value>0x258b</value>
         <object_component_ref idref="oc-8f"/>
      </symbol>
      <symbol id="sm-355">
         <name>__aeabi_memclr4</name>
         <value>0x258b</value>
         <object_component_ref idref="oc-8f"/>
      </symbol>
      <symbol id="sm-356">
         <name>__aeabi_memclr</name>
         <value>0x258b</value>
         <object_component_ref idref="oc-8f"/>
      </symbol>
      <symbol id="sm-363">
         <name>__aeabi_uldivmod</name>
         <value>0x236f</value>
         <object_component_ref idref="oc-30d"/>
      </symbol>
      <symbol id="sm-38b">
         <name>__TI_auto_init_nobinit_nopinit</name>
         <value>0x2ac9</value>
         <object_component_ref idref="oc-194"/>
      </symbol>
      <symbol id="sm-395">
         <name>_system_pre_init</name>
         <value>0x2f0f</value>
         <object_component_ref idref="oc-95"/>
      </symbol>
      <symbol id="sm-3a1">
         <name>C$$EXIT</name>
         <value>0x2f13</value>
         <object_component_ref idref="oc-188"/>
      </symbol>
      <symbol id="sm-3a2">
         <name>abort</name>
         <value>0x2f13</value>
         <object_component_ref idref="oc-188"/>
      </symbol>
      <symbol id="sm-3b2">
         <name>__TI_ltoa</name>
         <value>0x285f</value>
         <object_component_ref idref="oc-328"/>
      </symbol>
      <symbol id="sm-3c9">
         <name>atoi</name>
         <value>0x29ed</value>
         <object_component_ref idref="oc-294"/>
      </symbol>
      <symbol id="sm-3d4">
         <name>_ctypes_</name>
         <value>0x2f18</value>
         <object_component_ref idref="oc-308"/>
      </symbol>
      <symbol id="sm-3e4">
         <name>memccpy</name>
         <value>0x2d43</value>
         <object_component_ref idref="oc-2bd"/>
      </symbol>
      <symbol id="sm-3f4">
         <name>strchr</name>
         <value>0x2e07</value>
         <object_component_ref idref="oc-35f"/>
      </symbol>
      <symbol id="sm-402">
         <name>strlen</name>
         <value>0x2e31</value>
         <object_component_ref idref="oc-28e"/>
      </symbol>
      <symbol id="sm-418">
         <name>__aeabi_errno_addr</name>
         <value>0x2ef1</value>
         <object_component_ref idref="oc-2c9"/>
      </symbol>
      <symbol id="sm-419">
         <name>errno</name>
         <value>0x2000026c</value>
         <object_component_ref idref="oc-36f"/>
      </symbol>
      <symbol id="sm-432">
         <name>wcslen</name>
         <value>0x2e57</value>
         <object_component_ref idref="oc-2c3"/>
      </symbol>
      <symbol id="sm-452">
         <name>frexpl</name>
         <value>0x2745</value>
         <object_component_ref idref="oc-353"/>
      </symbol>
      <symbol id="sm-453">
         <name>frexp</name>
         <value>0x2745</value>
         <object_component_ref idref="oc-353"/>
      </symbol>
      <symbol id="sm-470">
         <name>scalbn</name>
         <value>0x1f21</value>
         <object_component_ref idref="oc-359"/>
      </symbol>
      <symbol id="sm-471">
         <name>scalbnl</name>
         <value>0x1f21</value>
         <object_component_ref idref="oc-359"/>
      </symbol>
      <symbol id="sm-472">
         <name>ldexpl</name>
         <value>0x1f21</value>
         <object_component_ref idref="oc-359"/>
      </symbol>
      <symbol id="sm-473">
         <name>ldexp</name>
         <value>0x1f21</value>
         <object_component_ref idref="oc-359"/>
      </symbol>
      <symbol id="sm-47d">
         <name>__aeabi_idiv0</name>
         <value>0xcbb</value>
         <object_component_ref idref="oc-39b"/>
      </symbol>
      <symbol id="sm-47e">
         <name>__aeabi_ldiv0</name>
         <value>0xcbb</value>
         <object_component_ref idref="oc-39b"/>
      </symbol>
      <symbol id="sm-488">
         <name>copysign</name>
         <value>0x2d79</value>
         <object_component_ref idref="oc-3b4"/>
      </symbol>
      <symbol id="sm-489">
         <name>copysignl</name>
         <value>0x2d79</value>
         <object_component_ref idref="oc-3b4"/>
      </symbol>
      <symbol id="sm-4ea">
         <name>ADCProcessorTrigger</name>
         <value>0x2d93</value>
         <object_component_ref idref="oc-13a"/>
      </symbol>
      <symbol id="sm-4eb">
         <name>ADCSequenceEnable</name>
         <value>0x2e87</value>
         <object_component_ref idref="oc-12e"/>
      </symbol>
      <symbol id="sm-4ec">
         <name>ADCSequenceConfigure</name>
         <value>0x2905</value>
         <object_component_ref idref="oc-122"/>
      </symbol>
      <symbol id="sm-4ed">
         <name>ADCSequenceStepConfigure</name>
         <value>0x2511</value>
         <object_component_ref idref="oc-128"/>
      </symbol>
      <symbol id="sm-4ee">
         <name>ADCIntClear</name>
         <value>0x2ec9</value>
         <object_component_ref idref="oc-134"/>
      </symbol>
      <symbol id="sm-4ef">
         <name>ADCIntStatus</name>
         <value>0x2c61</value>
         <object_component_ref idref="oc-140"/>
      </symbol>
      <symbol id="sm-4f0">
         <name>ADCSequenceDisable</name>
         <value>0x2e79</value>
         <object_component_ref idref="oc-11c"/>
      </symbol>
      <symbol id="sm-4f1">
         <name>ADCSequenceDataGet</name>
         <value>0x2d09</value>
         <object_component_ref idref="oc-146"/>
      </symbol>
      <symbol id="sm-54b">
         <name>GPIOPinConfigure</name>
         <value>0x2955</value>
         <object_component_ref idref="oc-14c"/>
      </symbol>
      <symbol id="sm-54c">
         <name>GPIOPinTypeADC</name>
         <value>0x2ddb</value>
         <object_component_ref idref="oc-116"/>
      </symbol>
      <symbol id="sm-54d">
         <name>GPIOPinTypeUART</name>
         <value>0x2df1</value>
         <object_component_ref idref="oc-152"/>
      </symbol>
      <symbol id="sm-54e">
         <name>GPIOPinTypeGPIOOutput</name>
         <value>0x2d5f</value>
         <object_component_ref idref="oc-e0"/>
      </symbol>
      <symbol id="sm-54f">
         <name>GPIOPinRead</name>
         <value>0x2ef9</value>
         <object_component_ref idref="oc-17b"/>
      </symbol>
      <symbol id="sm-550">
         <name>GPIODirModeSet</name>
         <value>0x2cbd</value>
         <object_component_ref idref="oc-1da"/>
      </symbol>
      <symbol id="sm-551">
         <name>GPIOPinWrite</name>
         <value>0x2eff</value>
         <object_component_ref idref="oc-181"/>
      </symbol>
      <symbol id="sm-552">
         <name>GPIOPadConfigSet</name>
         <value>0x1905</value>
         <object_component_ref idref="oc-1d4"/>
      </symbol>
      <symbol id="sm-58c">
         <name>IntEnable</name>
         <value>0x2675</value>
         <object_component_ref idref="oc-f8"/>
      </symbol>
      <symbol id="sm-58d">
         <name>IntRegister</name>
         <value>0x2bc5</value>
         <object_component_ref idref="oc-1f7"/>
      </symbol>
      <symbol id="sm-58e">
         <name>g_pfnRAMVectors</name>
         <value>0x20000000</value>
         <object_component_ref idref="oc-281"/>
      </symbol>
      <symbol id="sm-58f">
         <name>IntMasterEnable</name>
         <value>0x2e69</value>
         <object_component_ref idref="oc-f2"/>
      </symbol>
      <symbol id="sm-5ed">
         <name>SysCtlClockSet</name>
         <value>0x212d</value>
         <object_component_ref idref="oc-d4"/>
      </symbol>
      <symbol id="sm-5ee">
         <name>SysCtlDelay</name>
         <value>0x2f05</value>
         <object_component_ref idref="oc-1c8"/>
      </symbol>
      <symbol id="sm-5ef">
         <name>SysCtlPeripheralEnable</name>
         <value>0x2bf9</value>
         <object_component_ref idref="oc-da"/>
      </symbol>
      <symbol id="sm-5f0">
         <name>SysCtlClockGet</name>
         <value>0x1e09</value>
         <object_component_ref idref="oc-158"/>
      </symbol>
      <symbol id="sm-5f1">
         <name>SysCtlPeripheralReady</name>
         <value>0x2b8d</value>
         <object_component_ref idref="oc-110"/>
      </symbol>
      <symbol id="sm-64c">
         <name>TimerLoadSet</name>
         <value>0x2e45</value>
         <object_component_ref idref="oc-ec"/>
      </symbol>
      <symbol id="sm-64d">
         <name>TimerIntRegister</name>
         <value>0x2dab</value>
         <object_component_ref idref="oc-104"/>
      </symbol>
      <symbol id="sm-64e">
         <name>TimerEnable</name>
         <value>0x2e95</value>
         <object_component_ref idref="oc-ce"/>
      </symbol>
      <symbol id="sm-64f">
         <name>TimerIntEnable</name>
         <value>0x2ee7</value>
         <object_component_ref idref="oc-fe"/>
      </symbol>
      <symbol id="sm-650">
         <name>TimerConfigure</name>
         <value>0x27a9</value>
         <object_component_ref idref="oc-e6"/>
      </symbol>
      <symbol id="sm-651">
         <name>TimerIntClear</name>
         <value>0x2f0b</value>
         <object_component_ref idref="oc-10a"/>
      </symbol>
      <symbol id="sm-67b">
         <name>UARTConfigSetExpClk</name>
         <value>0x2a81</value>
         <object_component_ref idref="oc-15e"/>
      </symbol>
      <symbol id="sm-67c">
         <name>UARTDisable</name>
         <value>0x2ce9</value>
         <object_component_ref idref="oc-213"/>
      </symbol>
      <symbol id="sm-67d">
         <name>UARTEnable</name>
         <value>0x2e1d</value>
         <object_component_ref idref="oc-164"/>
      </symbol>
      <symbol id="sm-67e">
         <name>UARTCharGet</name>
         <value>0x2ed3</value>
         <object_component_ref idref="oc-16a"/>
      </symbol>
      <symbol id="sm-688">
         <name>CPUcpsie</name>
         <value>0x2eb1</value>
         <object_component_ref idref="oc-1e4"/>
      </symbol>
      <symbol id="sm-689">
         <name>__TI_static_base__</name>
         <value>0x0</value>
      </symbol>
      <symbol id="sm-68c">
         <name>__mpu_init</name>
         <value>0x0</value>
      </symbol>
      <symbol id="sm-68d">
         <name>_system_post_cinit</name>
         <value>0x0</value>
      </symbol>
   </symbol_table>
   <title>Link successful</title>
</link_info>
