******************************************************************************
                  TI ARM Linker PC v20.2.7                     
******************************************************************************
>> Linked Wed Nov  5 21:15:24 2025

OUTPUT FILE NAME:   <LCD_odev_01.out>
ENTRY POINT SYMBOL: "_c_int00_noinit_noargs"  address: 0000081d


MEMORY CONFIGURATION

         name            origin    length      used     unused   attr    fill
----------------------  --------  ---------  --------  --------  ----  --------
  FLASH                 00000000   00040000  00000882  0003f77e  R  X
  SRAM                  20000000   00008000  00000200  00007e00  RW X


SEGMENT ALLOCATION MAP

run origin  load origin   length   init length attrs members
----------  ----------- ---------- ----------- ----- -------
00000000    00000000    00000882   00000882    r-x
  00000000    00000000    0000026c   0000026c    r-- .intvecs
  0000026c    0000026c    00000616   00000616    r-x .text
20000000    20000000    00000200   00000000    rw-
  20000000    20000000    00000200   00000000    rw- .stack


SECTION ALLOCATION MAP

 output                                  attributes/
section   page    origin      length       input sections
--------  ----  ----------  ----------   ----------------
.intvecs   0    00000000    0000026c     
                  00000000    0000026c     tm4c123gh6pm_startup_ccs.obj (.intvecs)

.text      0    0000026c    00000616     
                  0000026c    00000274     lcd.obj (.text)
                  000004e0    0000016c     driverlib.lib : gpio.obj (.text:GPIOPadConfigSet)
                  0000064c    000000f4                   : sysctl.obj (.text:SysCtlClockSet)
                  00000740    00000044     main.obj (.text)
                  00000784    00000038     driverlib.lib : sysctl.obj (.text:SysCtlPeripheralReady)
                  000007bc    00000034                   : sysctl.obj (.text:SysCtlPeripheralEnable)
                  000007f0    0000002c                   : gpio.obj (.text:GPIODirModeSet)
                  0000081c    0000002c     rtsv7M4_T_le_v4SPD16_eabi.lib : boot_cortex_m.c.obj (.text:_c_int00_noinit_noargs:_c_int00_noinit_noargs)
                  00000848    0000001a     driverlib.lib : gpio.obj (.text:GPIOPinTypeGPIOOutput)
                  00000862    0000000c     tm4c123gh6pm_startup_ccs.obj (.text)
                  0000086e    00000006     driverlib.lib : gpio.obj (.text:GPIOPinWrite)
                  00000874    00000006                   : sysctl.obj (.text:SysCtlDelay)
                  0000087a    00000004     rtsv7M4_T_le_v4SPD16_eabi.lib : pre_init.c.obj (.text:_system_pre_init)
                  0000087e    00000004                                   : exit.c.obj (.text:abort:abort)

.cinit     0    00000000    00000000     UNINITIALIZED

.init_array 
*          0    00000000    00000000     UNINITIALIZED

.stack     0    20000000    00000200     UNINITIALIZED
                  20000000    00000004     rtsv7M4_T_le_v4SPD16_eabi.lib : boot_cortex_m.c.obj (.stack)
                  20000004    000001fc     --HOLE--

__llvm_prf_cnts 
*          0    20000000    00000000     UNINITIALIZED

MODULE SUMMARY

       Module                         code   ro data   rw data
       ------                         ----   -------   -------
    .\
       tm4c123gh6pm_startup_ccs.obj   12     620       0      
       lcd.obj                        628    0         0      
       main.obj                       68     0         0      
    +--+------------------------------+------+---------+---------+
       Total:                         708    620       0      
                                                              
    C:/ti/TivaWare_C_Series-2.2.0.295/driverlib/ccs/Debug/driverlib.lib
       gpio.obj                       440    0         0      
       sysctl.obj                     358    0         0      
    +--+------------------------------+------+---------+---------+
       Total:                         798    0         0      
                                                              
    C:\ti\ccs1281\ccs\tools\compiler\ti-cgt-arm_20.2.7.LTS\lib\rtsv7M4_T_le_v4SPD16_eabi.lib
       boot_cortex_m.c.obj            44     0         0      
       exit.c.obj                     4      0         0      
       pre_init.c.obj                 4      0         0      
    +--+------------------------------+------+---------+---------+
       Total:                         52     0         0      
                                                              
       Stack:                         0      0         512    
    +--+------------------------------+------+---------+---------+
       Grand Total:                   1558   620       512    


GLOBAL SYMBOLS: SORTED ALPHABETICALLY BY Name 

address   name                   
-------   ----                   
0000087f  C$$EXIT                
000007f1  GPIODirModeSet         
000004e1  GPIOPadConfigSet       
00000849  GPIOPinTypeGPIOOutput  
0000086f  GPIOPinWrite           
0000046f  Lcd_Goto               
0000035f  Lcd_Komut              
000003df  Lcd_Putch              
000004b9  Lcd_Puts               
0000045f  Lcd_Temizle            
0000026d  Lcd_init               
00000863  ResetISR               
0000064d  SysCtlClockSet         
00000875  SysCtlDelay            
000007bd  SysCtlPeripheralEnable 
00000785  SysCtlPeripheralReady  
20000200  __STACK_END            
00000200  __STACK_SIZE           
20000200  __STACK_TOP            
ffffffff  __TI_pprof_out_hndl    
ffffffff  __TI_prof_data_size    
ffffffff  __TI_prof_data_start   
00000000  __TI_static_base__     
ffffffff  __binit__              
ffffffff  __c_args__             
UNDEFED   __mpu_init             
20000000  __stack                
20000000  __start___llvm_prf_cnts
20000000  __stop___llvm_prf_cnts 
0000081d  _c_int00_noinit_noargs 
0000087b  _system_pre_init       
0000087f  abort                  
ffffffff  binit                  
00000000  g_pfnVectors           
00000741  main                   


GLOBAL SYMBOLS: SORTED BY Symbol Address 

address   name                   
-------   ----                   
00000000  __TI_static_base__     
00000000  g_pfnVectors           
00000200  __STACK_SIZE           
0000026d  Lcd_init               
0000035f  Lcd_Komut              
000003df  Lcd_Putch              
0000045f  Lcd_Temizle            
0000046f  Lcd_Goto               
000004b9  Lcd_Puts               
000004e1  GPIOPadConfigSet       
0000064d  SysCtlClockSet         
00000741  main                   
00000785  SysCtlPeripheralReady  
000007bd  SysCtlPeripheralEnable 
000007f1  GPIODirModeSet         
0000081d  _c_int00_noinit_noargs 
00000849  GPIOPinTypeGPIOOutput  
00000863  ResetISR               
0000086f  GPIOPinWrite           
00000875  SysCtlDelay            
0000087b  _system_pre_init       
0000087f  C$$EXIT                
0000087f  abort                  
20000000  __stack                
20000000  __start___llvm_prf_cnts
20000000  __stop___llvm_prf_cnts 
20000200  __STACK_END            
20000200  __STACK_TOP            
ffffffff  __TI_pprof_out_hndl    
ffffffff  __TI_prof_data_size    
ffffffff  __TI_prof_data_start   
ffffffff  __binit__              
ffffffff  __c_args__             
ffffffff  binit                  
UNDEFED   __mpu_init             

[35 symbols]
