<?xml version="1.0" encoding="ISO-8859-1" ?>
<link_info>
   <banner>TI ARM Linker PC v20.2.7.LTS</banner>
   <copyright>Copyright (c) 1996-2018 Texas Instruments Incorporated</copyright>
   <link_time>0x6940751f</link_time>
   <link_errors>0x0</link_errors>
   <output_file>LCD_odev_4.out</output_file>
   <entry_point>
      <name>_c_int00_noargs</name>
      <address>0x44a5</address>
   </entry_point>
   <input_file_list>
      <input_file id="fl-2">
         <path>.\</path>
         <kind>object</kind>
         <file>lcd.obj</file>
         <name>lcd.obj</name>
      </input_file>
      <input_file id="fl-3">
         <path>.\</path>
         <kind>object</kind>
         <file>main.obj</file>
         <name>main.obj</name>
      </input_file>
      <input_file id="fl-4">
         <path>.\</path>
         <kind>object</kind>
         <file>tm4c123gh6pm_startup_ccs.obj</file>
         <name>tm4c123gh6pm_startup_ccs.obj</name>
      </input_file>
      <input_file id="fl-9">
         <kind>object</kind>
         <file>&lt;internal&gt;</file>
         <name>&lt;internal&gt;</name>
      </input_file>
      <input_file id="fl-bf">
         <path>C:\ti\ccs1281\ccs\tools\compiler\ti-cgt-arm_20.2.7.LTS\lib\</path>
         <kind>archive</kind>
         <file>rtsv7M4_T_le_v4SPD16_eabi.lib</file>
         <name>snprintf.c.obj</name>
      </input_file>
      <input_file id="fl-c0">
         <path>C:\ti\ccs1281\ccs\tools\compiler\ti-cgt-arm_20.2.7.LTS\lib\</path>
         <kind>archive</kind>
         <file>rtsv7M4_T_le_v4SPD16_eabi.lib</file>
         <name>sscanf.c.obj</name>
      </input_file>
      <input_file id="fl-c1">
         <path>C:\ti\ccs1281\ccs\tools\compiler\ti-cgt-arm_20.2.7.LTS\lib\</path>
         <kind>archive</kind>
         <file>rtsv7M4_T_le_v4SPD16_eabi.lib</file>
         <name>memcpy_t2.asm.obj</name>
      </input_file>
      <input_file id="fl-c2">
         <path>C:\ti\ccs1281\ccs\tools\compiler\ti-cgt-arm_20.2.7.LTS\lib\</path>
         <kind>archive</kind>
         <file>rtsv7M4_T_le_v4SPD16_eabi.lib</file>
         <name>copy_zero_init.c.obj</name>
      </input_file>
      <input_file id="fl-c3">
         <path>C:\ti\ccs1281\ccs\tools\compiler\ti-cgt-arm_20.2.7.LTS\lib\</path>
         <kind>archive</kind>
         <file>rtsv7M4_T_le_v4SPD16_eabi.lib</file>
         <name>copy_decompress_none.c.obj</name>
      </input_file>
      <input_file id="fl-c4">
         <path>C:\ti\ccs1281\ccs\tools\compiler\ti-cgt-arm_20.2.7.LTS\lib\</path>
         <kind>archive</kind>
         <file>rtsv7M4_T_le_v4SPD16_eabi.lib</file>
         <name>copy_decompress_lzss.c.obj</name>
      </input_file>
      <input_file id="fl-c5">
         <path>C:\ti\ccs1281\ccs\tools\compiler\ti-cgt-arm_20.2.7.LTS\lib\</path>
         <kind>archive</kind>
         <file>rtsv7M4_T_le_v4SPD16_eabi.lib</file>
         <name>ctype.c.obj</name>
      </input_file>
      <input_file id="fl-c6">
         <path>C:\ti\ccs1281\ccs\tools\compiler\ti-cgt-arm_20.2.7.LTS\lib\</path>
         <kind>archive</kind>
         <file>rtsv7M4_T_le_v4SPD16_eabi.lib</file>
         <name>strlen.c.obj</name>
      </input_file>
      <input_file id="fl-c7">
         <path>C:\ti\ccs1281\ccs\tools\compiler\ti-cgt-arm_20.2.7.LTS\lib\</path>
         <kind>archive</kind>
         <file>rtsv7M4_T_le_v4SPD16_eabi.lib</file>
         <name>boot_cortex_m.c.obj</name>
      </input_file>
      <input_file id="fl-c8">
         <path>C:\ti\ccs1281\ccs\tools\compiler\ti-cgt-arm_20.2.7.LTS\lib\</path>
         <kind>archive</kind>
         <file>rtsv7M4_T_le_v4SPD16_eabi.lib</file>
         <name>_printfi.c.obj</name>
      </input_file>
      <input_file id="fl-c9">
         <path>C:\ti\ccs1281\ccs\tools\compiler\ti-cgt-arm_20.2.7.LTS\lib\</path>
         <kind>archive</kind>
         <file>rtsv7M4_T_le_v4SPD16_eabi.lib</file>
         <name>_scanfi.c.obj</name>
      </input_file>
      <input_file id="fl-ca">
         <path>C:\ti\ccs1281\ccs\tools\compiler\ti-cgt-arm_20.2.7.LTS\lib\</path>
         <kind>archive</kind>
         <file>rtsv7M4_T_le_v4SPD16_eabi.lib</file>
         <name>fd_add_t2.asm.obj</name>
      </input_file>
      <input_file id="fl-cb">
         <path>C:\ti\ccs1281\ccs\tools\compiler\ti-cgt-arm_20.2.7.LTS\lib\</path>
         <kind>archive</kind>
         <file>rtsv7M4_T_le_v4SPD16_eabi.lib</file>
         <name>fd_cmp_t2.asm.obj</name>
      </input_file>
      <input_file id="fl-cc">
         <path>C:\ti\ccs1281\ccs\tools\compiler\ti-cgt-arm_20.2.7.LTS\lib\</path>
         <kind>archive</kind>
         <file>rtsv7M4_T_le_v4SPD16_eabi.lib</file>
         <name>fd_div_t2.asm.obj</name>
      </input_file>
      <input_file id="fl-cd">
         <path>C:\ti\ccs1281\ccs\tools\compiler\ti-cgt-arm_20.2.7.LTS\lib\</path>
         <kind>archive</kind>
         <file>rtsv7M4_T_le_v4SPD16_eabi.lib</file>
         <name>fd_mul_t2.asm.obj</name>
      </input_file>
      <input_file id="fl-ce">
         <path>C:\ti\ccs1281\ccs\tools\compiler\ti-cgt-arm_20.2.7.LTS\lib\</path>
         <kind>archive</kind>
         <file>rtsv7M4_T_le_v4SPD16_eabi.lib</file>
         <name>fd_toi_t2.asm.obj</name>
      </input_file>
      <input_file id="fl-cf">
         <path>C:\ti\ccs1281\ccs\tools\compiler\ti-cgt-arm_20.2.7.LTS\lib\</path>
         <kind>archive</kind>
         <file>rtsv7M4_T_le_v4SPD16_eabi.lib</file>
         <name>fd_tos_t2.asm.obj</name>
      </input_file>
      <input_file id="fl-d0">
         <path>C:\ti\ccs1281\ccs\tools\compiler\ti-cgt-arm_20.2.7.LTS\lib\</path>
         <kind>archive</kind>
         <file>rtsv7M4_T_le_v4SPD16_eabi.lib</file>
         <name>i_tofd_t2.asm.obj</name>
      </input_file>
      <input_file id="fl-d1">
         <path>C:\ti\ccs1281\ccs\tools\compiler\ti-cgt-arm_20.2.7.LTS\lib\</path>
         <kind>archive</kind>
         <file>rtsv7M4_T_le_v4SPD16_eabi.lib</file>
         <name>memset_t2.asm.obj</name>
      </input_file>
      <input_file id="fl-d2">
         <path>C:\ti\ccs1281\ccs\tools\compiler\ti-cgt-arm_20.2.7.LTS\lib\</path>
         <kind>archive</kind>
         <file>rtsv7M4_T_le_v4SPD16_eabi.lib</file>
         <name>ull_div_t2.asm.obj</name>
      </input_file>
      <input_file id="fl-d3">
         <path>C:\ti\ccs1281\ccs\tools\compiler\ti-cgt-arm_20.2.7.LTS\lib\</path>
         <kind>archive</kind>
         <file>rtsv7M4_T_le_v4SPD16_eabi.lib</file>
         <name>autoinit.c.obj</name>
      </input_file>
      <input_file id="fl-d4">
         <path>C:\ti\ccs1281\ccs\tools\compiler\ti-cgt-arm_20.2.7.LTS\lib\</path>
         <kind>archive</kind>
         <file>rtsv7M4_T_le_v4SPD16_eabi.lib</file>
         <name>pre_init.c.obj</name>
      </input_file>
      <input_file id="fl-d5">
         <path>C:\ti\ccs1281\ccs\tools\compiler\ti-cgt-arm_20.2.7.LTS\lib\</path>
         <kind>archive</kind>
         <file>rtsv7M4_T_le_v4SPD16_eabi.lib</file>
         <name>cpy_tbl.c.obj</name>
      </input_file>
      <input_file id="fl-d6">
         <path>C:\ti\ccs1281\ccs\tools\compiler\ti-cgt-arm_20.2.7.LTS\lib\</path>
         <kind>archive</kind>
         <file>rtsv7M4_T_le_v4SPD16_eabi.lib</file>
         <name>exit.c.obj</name>
      </input_file>
      <input_file id="fl-d7">
         <path>C:\ti\ccs1281\ccs\tools\compiler\ti-cgt-arm_20.2.7.LTS\lib\</path>
         <kind>archive</kind>
         <file>rtsv7M4_T_le_v4SPD16_eabi.lib</file>
         <name>_lock.c.obj</name>
      </input_file>
      <input_file id="fl-d8">
         <path>C:\ti\ccs1281\ccs\tools\compiler\ti-cgt-arm_20.2.7.LTS\lib\</path>
         <kind>archive</kind>
         <file>rtsv7M4_T_le_v4SPD16_eabi.lib</file>
         <name>_ltoa.c.obj</name>
      </input_file>
      <input_file id="fl-d9">
         <path>C:\ti\ccs1281\ccs\tools\compiler\ti-cgt-arm_20.2.7.LTS\lib\</path>
         <kind>archive</kind>
         <file>rtsv7M4_T_le_v4SPD16_eabi.lib</file>
         <name>args_main.c.obj</name>
      </input_file>
      <input_file id="fl-da">
         <path>C:\ti\ccs1281\ccs\tools\compiler\ti-cgt-arm_20.2.7.LTS\lib\</path>
         <kind>archive</kind>
         <file>rtsv7M4_T_le_v4SPD16_eabi.lib</file>
         <name>atoi.c.obj</name>
      </input_file>
      <input_file id="fl-db">
         <path>C:\ti\ccs1281\ccs\tools\compiler\ti-cgt-arm_20.2.7.LTS\lib\</path>
         <kind>archive</kind>
         <file>rtsv7M4_T_le_v4SPD16_eabi.lib</file>
         <name>memccpy.c.obj</name>
      </input_file>
      <input_file id="fl-dc">
         <path>C:\ti\ccs1281\ccs\tools\compiler\ti-cgt-arm_20.2.7.LTS\lib\</path>
         <kind>archive</kind>
         <file>rtsv7M4_T_le_v4SPD16_eabi.lib</file>
         <name>strchr.c.obj</name>
      </input_file>
      <input_file id="fl-dd">
         <path>C:\ti\ccs1281\ccs\tools\compiler\ti-cgt-arm_20.2.7.LTS\lib\</path>
         <kind>archive</kind>
         <file>rtsv7M4_T_le_v4SPD16_eabi.lib</file>
         <name>strcpy.c.obj</name>
      </input_file>
      <input_file id="fl-de">
         <path>C:\ti\ccs1281\ccs\tools\compiler\ti-cgt-arm_20.2.7.LTS\lib\</path>
         <kind>archive</kind>
         <file>rtsv7M4_T_le_v4SPD16_eabi.lib</file>
         <name>strrchr.c.obj</name>
      </input_file>
      <input_file id="fl-df">
         <path>C:\ti\ccs1281\ccs\tools\compiler\ti-cgt-arm_20.2.7.LTS\lib\</path>
         <kind>archive</kind>
         <file>rtsv7M4_T_le_v4SPD16_eabi.lib</file>
         <name>strtod.c.obj</name>
      </input_file>
      <input_file id="fl-e0">
         <path>C:\ti\ccs1281\ccs\tools\compiler\ti-cgt-arm_20.2.7.LTS\lib\</path>
         <kind>archive</kind>
         <file>rtsv7M4_T_le_v4SPD16_eabi.lib</file>
         <name>strtol.c.obj</name>
      </input_file>
      <input_file id="fl-e1">
         <path>C:\ti\ccs1281\ccs\tools\compiler\ti-cgt-arm_20.2.7.LTS\lib\</path>
         <kind>archive</kind>
         <file>rtsv7M4_T_le_v4SPD16_eabi.lib</file>
         <name>strtoll.c.obj</name>
      </input_file>
      <input_file id="fl-e2">
         <path>C:\ti\ccs1281\ccs\tools\compiler\ti-cgt-arm_20.2.7.LTS\lib\</path>
         <kind>archive</kind>
         <file>rtsv7M4_T_le_v4SPD16_eabi.lib</file>
         <name>strtoul.c.obj</name>
      </input_file>
      <input_file id="fl-e3">
         <path>C:\ti\ccs1281\ccs\tools\compiler\ti-cgt-arm_20.2.7.LTS\lib\</path>
         <kind>archive</kind>
         <file>rtsv7M4_T_le_v4SPD16_eabi.lib</file>
         <name>strtoull.c.obj</name>
      </input_file>
      <input_file id="fl-e4">
         <path>C:\ti\ccs1281\ccs\tools\compiler\ti-cgt-arm_20.2.7.LTS\lib\</path>
         <kind>archive</kind>
         <file>rtsv7M4_T_le_v4SPD16_eabi.lib</file>
         <name>errno.c.obj</name>
      </input_file>
      <input_file id="fl-e5">
         <path>C:\ti\ccs1281\ccs\tools\compiler\ti-cgt-arm_20.2.7.LTS\lib\</path>
         <kind>archive</kind>
         <file>rtsv7M4_T_le_v4SPD16_eabi.lib</file>
         <name>wcslen.c.obj</name>
      </input_file>
      <input_file id="fl-e6">
         <path>C:\ti\ccs1281\ccs\tools\compiler\ti-cgt-arm_20.2.7.LTS\lib\</path>
         <kind>archive</kind>
         <file>rtsv7M4_T_le_v4SPD16_eabi.lib</file>
         <name>s_frexp.c.obj</name>
      </input_file>
      <input_file id="fl-e7">
         <path>C:\ti\ccs1281\ccs\tools\compiler\ti-cgt-arm_20.2.7.LTS\lib\</path>
         <kind>archive</kind>
         <file>rtsv7M4_T_le_v4SPD16_eabi.lib</file>
         <name>s_scalbn.c.obj</name>
      </input_file>
      <input_file id="fl-e8">
         <path>C:\ti\ccs1281\ccs\tools\compiler\ti-cgt-arm_20.2.7.LTS\lib\</path>
         <kind>archive</kind>
         <file>rtsv7M4_T_le_v4SPD16_eabi.lib</file>
         <name>div0.asm.obj</name>
      </input_file>
      <input_file id="fl-e9">
         <path>C:\ti\ccs1281\ccs\tools\compiler\ti-cgt-arm_20.2.7.LTS\lib\</path>
         <kind>archive</kind>
         <file>rtsv7M4_T_le_v4SPD16_eabi.lib</file>
         <name>ll_mul_t2.asm.obj</name>
      </input_file>
      <input_file id="fl-ea">
         <path>C:\ti\ccs1281\ccs\tools\compiler\ti-cgt-arm_20.2.7.LTS\lib\</path>
         <kind>archive</kind>
         <file>rtsv7M4_T_le_v4SPD16_eabi.lib</file>
         <name>s_copysign.c.obj</name>
      </input_file>
      <input_file id="fl-eb">
         <path>C:\ti\TivaWare_C_Series-2.2.0.295\driverlib\ccs\Debug\</path>
         <kind>archive</kind>
         <file>driverlib.lib</file>
         <name>adc.obj</name>
      </input_file>
      <input_file id="fl-ec">
         <path>C:\ti\TivaWare_C_Series-2.2.0.295\driverlib\ccs\Debug\</path>
         <kind>archive</kind>
         <file>driverlib.lib</file>
         <name>gpio.obj</name>
      </input_file>
      <input_file id="fl-ed">
         <path>C:\ti\TivaWare_C_Series-2.2.0.295\driverlib\ccs\Debug\</path>
         <kind>archive</kind>
         <file>driverlib.lib</file>
         <name>interrupt.obj</name>
      </input_file>
      <input_file id="fl-ee">
         <path>C:\ti\TivaWare_C_Series-2.2.0.295\driverlib\ccs\Debug\</path>
         <kind>archive</kind>
         <file>driverlib.lib</file>
         <name>sysctl.obj</name>
      </input_file>
      <input_file id="fl-ef">
         <path>C:\ti\TivaWare_C_Series-2.2.0.295\driverlib\ccs\Debug\</path>
         <kind>archive</kind>
         <file>driverlib.lib</file>
         <name>timer.obj</name>
      </input_file>
      <input_file id="fl-f0">
         <path>C:\ti\TivaWare_C_Series-2.2.0.295\driverlib\ccs\Debug\</path>
         <kind>archive</kind>
         <file>driverlib.lib</file>
         <name>uart.obj</name>
      </input_file>
      <input_file id="fl-f1">
         <path>C:\ti\TivaWare_C_Series-2.2.0.295\driverlib\ccs\Debug\</path>
         <kind>archive</kind>
         <file>driverlib.lib</file>
         <name>cpu.obj</name>
      </input_file>
   </input_file_list>
   <object_component_list>
      <object_component id="oc-12">
         <name>.intvecs</name>
         <load_address>0x0</load_address>
         <run_address>0x0</run_address>
         <size>0x26c</size>
         <input_file_ref idref="fl-4"/>
      </object_component>
      <object_component id="oc-265">
         <name>.text:__TI_scanfi</name>
         <load_address>0x26c</load_address>
         <run_address>0x26c</run_address>
         <size>0xb14</size>
         <input_file_ref idref="fl-c9"/>
      </object_component>
      <object_component id="oc-227">
         <name>.text:__TI_printfi</name>
         <load_address>0xd80</load_address>
         <run_address>0xd80</run_address>
         <size>0xa4e</size>
         <input_file_ref idref="fl-c8"/>
      </object_component>
      <object_component id="oc-48c">
         <name>.text</name>
         <load_address>0x17ce</load_address>
         <run_address>0x17ce</run_address>
         <size>0x2</size>
         <input_file_ref idref="fl-e8"/>
      </object_component>
      <object_component id="oc-9b">
         <name>.text</name>
         <load_address>0x17d0</load_address>
         <run_address>0x17d0</run_address>
         <size>0x610</size>
         <input_file_ref idref="fl-3"/>
      </object_component>
      <object_component id="oc-36d">
         <name>.text:strtod</name>
         <load_address>0x1de0</load_address>
         <run_address>0x1de0</run_address>
         <size>0x460</size>
         <input_file_ref idref="fl-df"/>
      </object_component>
      <object_component id="oc-d4">
         <name>.text</name>
         <load_address>0x2240</load_address>
         <run_address>0x2240</run_address>
         <size>0x274</size>
         <input_file_ref idref="fl-2"/>
      </object_component>
      <object_component id="oc-323">
         <name>.text:_pconv_a</name>
         <load_address>0x24b4</load_address>
         <run_address>0x24b4</run_address>
         <size>0x270</size>
         <input_file_ref idref="fl-c8"/>
      </object_component>
      <object_component id="oc-37e">
         <name>.text:strtoll</name>
         <load_address>0x2724</load_address>
         <run_address>0x2724</run_address>
         <size>0x1dc</size>
         <input_file_ref idref="fl-e1"/>
      </object_component>
      <object_component id="oc-311">
         <name>.text:_pconv_g</name>
         <load_address>0x2900</load_address>
         <run_address>0x2900</run_address>
         <size>0x1d0</size>
         <input_file_ref idref="fl-c8"/>
      </object_component>
      <object_component id="oc-40b">
         <name>.text</name>
         <load_address>0x2ad0</load_address>
         <run_address>0x2ad0</run_address>
         <size>0x1b6</size>
         <input_file_ref idref="fl-ca"/>
      </object_component>
      <object_component id="oc-122">
         <name>.text:GPIOPadConfigSet</name>
         <load_address>0x2c88</load_address>
         <run_address>0x2c88</run_address>
         <size>0x16c</size>
         <input_file_ref idref="fl-ec"/>
      </object_component>
      <object_component id="oc-361">
         <name>.text:strtoull</name>
         <load_address>0x2df4</load_address>
         <run_address>0x2df4</run_address>
         <size>0x15c</size>
         <input_file_ref idref="fl-e3"/>
      </object_component>
      <object_component id="oc-31d">
         <name>.text:_pconv_e</name>
         <load_address>0x2f50</load_address>
         <run_address>0x2f50</run_address>
         <size>0x13c</size>
         <input_file_ref idref="fl-c8"/>
      </object_component>
      <object_component id="oc-3f1">
         <name>.text</name>
         <load_address>0x308c</load_address>
         <run_address>0x308c</run_address>
         <size>0x136</size>
         <input_file_ref idref="fl-cc"/>
      </object_component>
      <object_component id="oc-378">
         <name>.text:strtol</name>
         <load_address>0x31c4</load_address>
         <run_address>0x31c4</run_address>
         <size>0x130</size>
         <input_file_ref idref="fl-e0"/>
      </object_component>
      <object_component id="oc-41d">
         <name>.text:fcvt</name>
         <load_address>0x32f4</load_address>
         <run_address>0x32f4</run_address>
         <size>0x124</size>
         <input_file_ref idref="fl-c8"/>
      </object_component>
      <object_component id="oc-176">
         <name>.text:SysCtlClockGet</name>
         <load_address>0x3418</load_address>
         <run_address>0x3418</run_address>
         <size>0x118</size>
         <input_file_ref idref="fl-ee"/>
      </object_component>
      <object_component id="oc-431">
         <name>.text:scalbn</name>
         <load_address>0x3530</load_address>
         <run_address>0x3530</run_address>
         <size>0x110</size>
         <input_file_ref idref="fl-e7"/>
      </object_component>
      <object_component id="oc-367">
         <name>.text:strtoul</name>
         <load_address>0x3640</load_address>
         <run_address>0x3640</run_address>
         <size>0x110</size>
         <input_file_ref idref="fl-e2"/>
      </object_component>
      <object_component id="oc-3ec">
         <name>.text</name>
         <load_address>0x3750</load_address>
         <run_address>0x3750</run_address>
         <size>0xfc</size>
         <input_file_ref idref="fl-cd"/>
      </object_component>
      <object_component id="oc-1c4">
         <name>.text:SysCtlClockSet</name>
         <load_address>0x384c</load_address>
         <run_address>0x384c</run_address>
         <size>0xf4</size>
         <input_file_ref idref="fl-ee"/>
      </object_component>
      <object_component id="oc-306">
         <name>.text:_ltostr</name>
         <load_address>0x3940</load_address>
         <run_address>0x3940</run_address>
         <size>0xb1</size>
         <input_file_ref idref="fl-c8"/>
      </object_component>
      <object_component id="oc-3b">
         <name>.text</name>
         <load_address>0x39f2</load_address>
         <run_address>0x39f2</run_address>
         <size>0x9c</size>
         <input_file_ref idref="fl-c1"/>
      </object_component>
      <object_component id="oc-3e5">
         <name>.text</name>
         <load_address>0x3a8e</load_address>
         <run_address>0x3a8e</run_address>
         <size>0x96</size>
         <input_file_ref idref="fl-d2"/>
      </object_component>
      <object_component id="oc-30c">
         <name>.text:__aeabi_cdcmple</name>
         <load_address>0x3b24</load_address>
         <run_address>0x3b24</run_address>
         <size>0x86</size>
         <input_file_ref idref="fl-cb"/>
      </object_component>
      <object_component id="oc-3f6">
         <name>.text:__aeabi_cdrcmple</name>
         <load_address>0x3baa</load_address>
         <run_address>0x3baa</run_address>
         <size>0x86</size>
         <input_file_ref idref="fl-cb"/>
      </object_component>
      <object_component id="oc-f8">
         <name>.text:ADCSequenceStepConfigure</name>
         <load_address>0x3c30</load_address>
         <run_address>0x3c30</run_address>
         <size>0x7a</size>
         <input_file_ref idref="fl-eb"/>
      </object_component>
      <object_component id="oc-8f">
         <name>.text</name>
         <load_address>0x3caa</load_address>
         <run_address>0x3caa</run_address>
         <size>0x7a</size>
         <input_file_ref idref="fl-d1"/>
      </object_component>
      <object_component id="oc-416">
         <name>.text:_mcpy</name>
         <load_address>0x3d24</load_address>
         <run_address>0x3d24</run_address>
         <size>0x6e</size>
         <input_file_ref idref="fl-c8"/>
      </object_component>
      <object_component id="oc-373">
         <name>.text</name>
         <load_address>0x3d92</load_address>
         <run_address>0x3d92</run_address>
         <size>0x6e</size>
         <input_file_ref idref="fl-cf"/>
      </object_component>
      <object_component id="oc-19a">
         <name>.text:IntEnable</name>
         <load_address>0x3e00</load_address>
         <run_address>0x3e00</run_address>
         <size>0x68</size>
         <input_file_ref idref="fl-ed"/>
      </object_component>
      <object_component id="oc-277">
         <name>.text:_chkmbc</name>
         <load_address>0x3e68</load_address>
         <run_address>0x3e68</run_address>
         <size>0x68</size>
         <input_file_ref idref="fl-c0"/>
      </object_component>
      <object_component id="oc-15">
         <name>.text:decompress:lzss:__TI_decompress_lzss</name>
         <load_address>0x3ed0</load_address>
         <run_address>0x3ed0</run_address>
         <size>0x68</size>
         <input_file_ref idref="fl-c4"/>
      </object_component>
      <object_component id="oc-42b">
         <name>.text:frexp</name>
         <load_address>0x3f38</load_address>
         <run_address>0x3f38</run_address>
         <size>0x64</size>
         <input_file_ref idref="fl-e6"/>
      </object_component>
      <object_component id="oc-1a6">
         <name>.text:TimerConfigure</name>
         <load_address>0x3f9c</load_address>
         <run_address>0x3f9c</run_address>
         <size>0x60</size>
         <input_file_ref idref="fl-ef"/>
      </object_component>
      <object_component id="oc-317">
         <name>.text:_pconv_f</name>
         <load_address>0x3ffc</load_address>
         <run_address>0x3ffc</run_address>
         <size>0x56</size>
         <input_file_ref idref="fl-c8"/>
      </object_component>
      <object_component id="oc-400">
         <name>.text:__TI_ltoa</name>
         <load_address>0x4052</load_address>
         <run_address>0x4052</run_address>
         <size>0x54</size>
         <input_file_ref idref="fl-d8"/>
      </object_component>
      <object_component id="oc-410">
         <name>.text:_ecpy</name>
         <load_address>0x40a6</load_address>
         <run_address>0x40a6</run_address>
         <size>0x52</size>
         <input_file_ref idref="fl-c8"/>
      </object_component>
      <object_component id="oc-f2">
         <name>.text:ADCSequenceConfigure</name>
         <load_address>0x40f8</load_address>
         <run_address>0x40f8</run_address>
         <size>0x4e</size>
         <input_file_ref idref="fl-eb"/>
      </object_component>
      <object_component id="oc-16a">
         <name>.text:GPIOPinConfigure</name>
         <load_address>0x4148</load_address>
         <run_address>0x4148</run_address>
         <size>0x4c</size>
         <input_file_ref idref="fl-ec"/>
      </object_component>
      <object_component id="oc-2b3">
         <name>.text:_TimerIntNumberGet</name>
         <load_address>0x4194</load_address>
         <run_address>0x4194</run_address>
         <size>0x4c</size>
         <input_file_ref idref="fl-ef"/>
      </object_component>
      <object_component id="oc-300">
         <name>.text:atoi</name>
         <load_address>0x41e0</load_address>
         <run_address>0x41e0</run_address>
         <size>0x4c</size>
         <input_file_ref idref="fl-da"/>
      </object_component>
      <object_component id="oc-ce">
         <name>.text:snprintf</name>
         <load_address>0x422c</load_address>
         <run_address>0x422c</run_address>
         <size>0x4c</size>
         <input_file_ref idref="fl-bf"/>
      </object_component>
      <object_component id="oc-3fb">
         <name>.text</name>
         <load_address>0x4278</load_address>
         <run_address>0x4278</run_address>
         <size>0x48</size>
         <input_file_ref idref="fl-ce"/>
      </object_component>
      <object_component id="oc-17c">
         <name>.text:UARTConfigSetExpClk</name>
         <load_address>0x42c0</load_address>
         <run_address>0x42c0</run_address>
         <size>0x46</size>
         <input_file_ref idref="fl-f0"/>
      </object_component>
      <object_component id="oc-1ec">
         <name>.text:__TI_auto_init_nobinit_nopinit:__TI_auto_init_nobinit_nopinit</name>
         <load_address>0x4308</load_address>
         <run_address>0x4308</run_address>
         <size>0x44</size>
         <input_file_ref idref="fl-d3"/>
      </object_component>
      <object_component id="oc-29c">
         <name>.text:_UARTIntNumberGet</name>
         <load_address>0x434c</load_address>
         <run_address>0x434c</run_address>
         <size>0x40</size>
         <input_file_ref idref="fl-f0"/>
      </object_component>
      <object_component id="oc-423">
         <name>.text:_fcpy</name>
         <load_address>0x438c</load_address>
         <run_address>0x438c</run_address>
         <size>0x3e</size>
         <input_file_ref idref="fl-c8"/>
      </object_component>
      <object_component id="oc-e0">
         <name>.text:SysCtlPeripheralReady</name>
         <load_address>0x43cc</load_address>
         <run_address>0x43cc</run_address>
         <size>0x38</size>
         <input_file_ref idref="fl-ee"/>
      </object_component>
      <object_component id="oc-13a">
         <name>.text:sscanf</name>
         <load_address>0x4404</load_address>
         <run_address>0x4404</run_address>
         <size>0x38</size>
         <input_file_ref idref="fl-c0"/>
      </object_component>
      <object_component id="oc-2a2">
         <name>.text:IntRegister</name>
         <load_address>0x443c</load_address>
         <run_address>0x443c</run_address>
         <size>0x34</size>
         <input_file_ref idref="fl-ed"/>
      </object_component>
      <object_component id="oc-da">
         <name>.text:SysCtlPeripheralEnable</name>
         <load_address>0x4470</load_address>
         <run_address>0x4470</run_address>
         <size>0x34</size>
         <input_file_ref idref="fl-ee"/>
      </object_component>
      <object_component id="oc-59">
         <name>.text:_c_int00_noargs:_c_int00_noargs</name>
         <load_address>0x44a4</load_address>
         <run_address>0x44a4</run_address>
         <size>0x34</size>
         <input_file_ref idref="fl-c7"/>
      </object_component>
      <object_component id="oc-22d">
         <name>.text:_outs</name>
         <load_address>0x44d8</load_address>
         <run_address>0x44d8</run_address>
         <size>0x30</size>
         <input_file_ref idref="fl-bf"/>
      </object_component>
      <object_component id="oc-110">
         <name>.text:ADCIntStatus</name>
         <load_address>0x4508</load_address>
         <run_address>0x4508</run_address>
         <size>0x2e</size>
         <input_file_ref idref="fl-eb"/>
      </object_component>
      <object_component id="oc-406">
         <name>.text</name>
         <load_address>0x4536</load_address>
         <run_address>0x4536</run_address>
         <size>0x2e</size>
         <input_file_ref idref="fl-d0"/>
      </object_component>
      <object_component id="oc-24f">
         <name>.text:GPIODirModeSet</name>
         <load_address>0x4564</load_address>
         <run_address>0x4564</run_address>
         <size>0x2c</size>
         <input_file_ref idref="fl-ec"/>
      </object_component>
      <object_component id="oc-294">
         <name>.text:UARTDisable</name>
         <load_address>0x4590</load_address>
         <run_address>0x4590</run_address>
         <size>0x20</size>
         <input_file_ref idref="fl-f0"/>
      </object_component>
      <object_component id="oc-116">
         <name>.text:ADCSequenceDataGet</name>
         <load_address>0x45b0</load_address>
         <run_address>0x45b0</run_address>
         <size>0x1e</size>
         <input_file_ref idref="fl-eb"/>
      </object_component>
      <object_component id="oc-47">
         <name>.text:decompress:ZI:__TI_zero_init_nomemset:__TI_zero_init_nomemset</name>
         <load_address>0x45ce</load_address>
         <run_address>0x45ce</run_address>
         <size>0x1c</size>
         <input_file_ref idref="fl-c2"/>
      </object_component>
      <object_component id="oc-329">
         <name>.text:memccpy</name>
         <load_address>0x45ea</load_address>
         <run_address>0x45ea</run_address>
         <size>0x1c</size>
         <input_file_ref idref="fl-db"/>
      </object_component>
      <object_component id="oc-128">
         <name>.text:GPIOPinTypeGPIOOutput</name>
         <load_address>0x4606</load_address>
         <run_address>0x4606</run_address>
         <size>0x1a</size>
         <input_file_ref idref="fl-ec"/>
      </object_component>
      <object_component id="oc-4a5">
         <name>.text:copysign</name>
         <load_address>0x4620</load_address>
         <run_address>0x4620</run_address>
         <size>0x1a</size>
         <input_file_ref idref="fl-ea"/>
      </object_component>
      <object_component id="oc-10a">
         <name>.text:ADCProcessorTrigger</name>
         <load_address>0x463a</load_address>
         <run_address>0x463a</run_address>
         <size>0x18</size>
         <input_file_ref idref="fl-eb"/>
      </object_component>
      <object_component id="oc-1a0">
         <name>.text:TimerDisable</name>
         <load_address>0x4654</load_address>
         <run_address>0x4654</run_address>
         <size>0x18</size>
         <input_file_ref idref="fl-ef"/>
      </object_component>
      <object_component id="oc-1b2">
         <name>.text:TimerIntRegister</name>
         <load_address>0x466c</load_address>
         <run_address>0x466c</run_address>
         <size>0x18</size>
         <input_file_ref idref="fl-ef"/>
      </object_component>
      <object_component id="oc-188">
         <name>.text:UARTIntRegister</name>
         <load_address>0x4684</load_address>
         <run_address>0x4684</run_address>
         <size>0x18</size>
         <input_file_ref idref="fl-f0"/>
      </object_component>
      <object_component id="oc-233">
         <name>.text:_outc</name>
         <load_address>0x469c</load_address>
         <run_address>0x469c</run_address>
         <size>0x18</size>
         <input_file_ref idref="fl-bf"/>
      </object_component>
      <object_component id="oc-454">
         <name>.text</name>
         <load_address>0x46b4</load_address>
         <run_address>0x46b4</run_address>
         <size>0x18</size>
         <input_file_ref idref="fl-e9"/>
      </object_component>
      <object_component id="oc-387">
         <name>.text:strrchr</name>
         <load_address>0x46cc</load_address>
         <run_address>0x46cc</run_address>
         <size>0x18</size>
         <input_file_ref idref="fl-de"/>
      </object_component>
      <object_component id="oc-e6">
         <name>.text:GPIOPinTypeADC</name>
         <load_address>0x46e4</load_address>
         <run_address>0x46e4</run_address>
         <size>0x16</size>
         <input_file_ref idref="fl-ec"/>
      </object_component>
      <object_component id="oc-11c">
         <name>.text:GPIOPinTypeGPIOInput</name>
         <load_address>0x46fa</load_address>
         <run_address>0x46fa</run_address>
         <size>0x16</size>
         <input_file_ref idref="fl-ec"/>
      </object_component>
      <object_component id="oc-170">
         <name>.text:GPIOPinTypeUART</name>
         <load_address>0x4710</load_address>
         <run_address>0x4710</run_address>
         <size>0x16</size>
         <input_file_ref idref="fl-ec"/>
      </object_component>
      <object_component id="oc-38d">
         <name>.text:strchr</name>
         <load_address>0x4726</load_address>
         <run_address>0x4726</run_address>
         <size>0x16</size>
         <input_file_ref idref="fl-dc"/>
      </object_component>
      <object_component id="oc-182">
         <name>.text:UARTEnable</name>
         <load_address>0x473c</load_address>
         <run_address>0x473c</run_address>
         <size>0x14</size>
         <input_file_ref idref="fl-f0"/>
      </object_component>
      <object_component id="oc-35b">
         <name>.text:strcpy</name>
         <load_address>0x4750</load_address>
         <run_address>0x4750</run_address>
         <size>0x14</size>
         <input_file_ref idref="fl-dd"/>
      </object_component>
      <object_component id="oc-140">
         <name>.text:strlen</name>
         <load_address>0x4764</load_address>
         <run_address>0x4764</run_address>
         <size>0x14</size>
         <input_file_ref idref="fl-c6"/>
      </object_component>
      <object_component id="oc-1ac">
         <name>.text:TimerLoadSet</name>
         <load_address>0x4778</load_address>
         <run_address>0x4778</run_address>
         <size>0x12</size>
         <input_file_ref idref="fl-ef"/>
      </object_component>
      <object_component id="oc-26b">
         <name>.text:_inpchar</name>
         <load_address>0x478a</load_address>
         <run_address>0x478a</run_address>
         <size>0x12</size>
         <input_file_ref idref="fl-c0"/>
      </object_component>
      <object_component id="oc-32f">
         <name>.text:wcslen</name>
         <load_address>0x479c</load_address>
         <run_address>0x479c</run_address>
         <size>0x12</size>
         <input_file_ref idref="fl-e5"/>
      </object_component>
      <object_component id="oc-1ca">
         <name>.text:IntMasterDisable</name>
         <load_address>0x47ae</load_address>
         <run_address>0x47ae</run_address>
         <size>0x10</size>
         <input_file_ref idref="fl-ed"/>
      </object_component>
      <object_component id="oc-1d0">
         <name>.text:IntMasterEnable</name>
         <load_address>0x47be</load_address>
         <run_address>0x47be</run_address>
         <size>0x10</size>
         <input_file_ref idref="fl-ed"/>
      </object_component>
      <object_component id="oc-ec">
         <name>.text:ADCSequenceDisable</name>
         <load_address>0x47ce</load_address>
         <run_address>0x47ce</run_address>
         <size>0xe</size>
         <input_file_ref idref="fl-eb"/>
      </object_component>
      <object_component id="oc-fe">
         <name>.text:ADCSequenceEnable</name>
         <load_address>0x47dc</load_address>
         <run_address>0x47dc</run_address>
         <size>0xe</size>
         <input_file_ref idref="fl-eb"/>
      </object_component>
      <object_component id="oc-1be">
         <name>.text:TimerEnable</name>
         <load_address>0x47ea</load_address>
         <run_address>0x47ea</run_address>
         <size>0xe</size>
         <input_file_ref idref="fl-ef"/>
      </object_component>
      <object_component id="oc-155">
         <name>.text:UARTCharGetNonBlocking</name>
         <load_address>0x47f8</load_address>
         <run_address>0x47f8</run_address>
         <size>0xe</size>
         <input_file_ref idref="fl-f0"/>
      </object_component>
      <object_component id="oc-15b">
         <name>.text:UARTCharsAvail</name>
         <load_address>0x4806</load_address>
         <run_address>0x4806</run_address>
         <size>0xe</size>
         <input_file_ref idref="fl-f0"/>
      </object_component>
      <object_component id="oc-1b">
         <name>.text:decompress:none:__TI_decompress_none</name>
         <load_address>0x4814</load_address>
         <run_address>0x4814</run_address>
         <size>0xe</size>
         <input_file_ref idref="fl-c3"/>
      </object_component>
      <object_component id="oc-2bd">
         <name>.text:CPUcpsid</name>
         <load_address>0x4822</load_address>
         <run_address>0x4822</run_address>
         <size>0xc</size>
         <input_file_ref idref="fl-f1"/>
      </object_component>
      <object_component id="oc-2c4">
         <name>.text:CPUcpsie</name>
         <load_address>0x482e</load_address>
         <run_address>0x482e</run_address>
         <size>0xc</size>
         <input_file_ref idref="fl-f1"/>
      </object_component>
      <object_component id="oc-27">
         <name>.text</name>
         <load_address>0x483a</load_address>
         <run_address>0x483a</run_address>
         <size>0xc</size>
         <input_file_ref idref="fl-4"/>
      </object_component>
      <object_component id="oc-104">
         <name>.text:ADCIntClear</name>
         <load_address>0x4846</load_address>
         <run_address>0x4846</run_address>
         <size>0xa</size>
         <input_file_ref idref="fl-eb"/>
      </object_component>
      <object_component id="oc-c8">
         <name>.text:UARTCharPut</name>
         <load_address>0x4850</load_address>
         <run_address>0x4850</run_address>
         <size>0xa</size>
         <input_file_ref idref="fl-f0"/>
      </object_component>
      <object_component id="oc-18e">
         <name>.text:UARTIntDisable</name>
         <load_address>0x485a</load_address>
         <run_address>0x485a</run_address>
         <size>0xa</size>
         <input_file_ref idref="fl-f0"/>
      </object_component>
      <object_component id="oc-149">
         <name>.text:UARTIntStatus</name>
         <load_address>0x4864</load_address>
         <run_address>0x4864</run_address>
         <size>0xa</size>
         <input_file_ref idref="fl-f0"/>
      </object_component>
      <object_component id="oc-1b8">
         <name>.text:TimerIntEnable</name>
         <load_address>0x486e</load_address>
         <run_address>0x486e</run_address>
         <size>0x8</size>
         <input_file_ref idref="fl-ef"/>
      </object_component>
      <object_component id="oc-194">
         <name>.text:UARTIntEnable</name>
         <load_address>0x4876</load_address>
         <run_address>0x4876</run_address>
         <size>0x8</size>
         <input_file_ref idref="fl-f0"/>
      </object_component>
      <object_component id="oc-335">
         <name>.text:__aeabi_errno_addr</name>
         <load_address>0x4880</load_address>
         <run_address>0x4880</run_address>
         <size>0x8</size>
         <input_file_ref idref="fl-e4"/>
      </object_component>
      <object_component id="oc-271">
         <name>.text:_uninpchar</name>
         <load_address>0x4888</load_address>
         <run_address>0x4888</run_address>
         <size>0x8</size>
         <input_file_ref idref="fl-c0"/>
      </object_component>
      <object_component id="oc-134">
         <name>.text:GPIOPinRead</name>
         <load_address>0x4890</load_address>
         <run_address>0x4890</run_address>
         <size>0x6</size>
         <input_file_ref idref="fl-ec"/>
      </object_component>
      <object_component id="oc-12e">
         <name>.text:GPIOPinWrite</name>
         <load_address>0x4896</load_address>
         <run_address>0x4896</run_address>
         <size>0x6</size>
         <input_file_ref idref="fl-ec"/>
      </object_component>
      <object_component id="oc-24a">
         <name>.text:SysCtlDelay</name>
         <load_address>0x489c</load_address>
         <run_address>0x489c</run_address>
         <size>0x6</size>
         <input_file_ref idref="fl-ee"/>
      </object_component>
      <object_component id="oc-164">
         <name>.text:TimerIntClear</name>
         <load_address>0x48a2</load_address>
         <run_address>0x48a2</run_address>
         <size>0x4</size>
         <input_file_ref idref="fl-ef"/>
      </object_component>
      <object_component id="oc-14f">
         <name>.text:UARTIntClear</name>
         <load_address>0x48a6</load_address>
         <run_address>0x48a6</run_address>
         <size>0x4</size>
         <input_file_ref idref="fl-f0"/>
      </object_component>
      <object_component id="oc-95">
         <name>.text:_system_pre_init</name>
         <load_address>0x48aa</load_address>
         <run_address>0x48aa</run_address>
         <size>0x4</size>
         <input_file_ref idref="fl-d4"/>
      </object_component>
      <object_component id="oc-1e0">
         <name>.text:abort:abort</name>
         <load_address>0x48ae</load_address>
         <run_address>0x48ae</run_address>
         <size>0x4</size>
         <input_file_ref idref="fl-d6"/>
      </object_component>
      <object_component id="oc-384">
         <name>.const:.string:_ctypes_</name>
         <load_address>0x48b8</load_address>
         <run_address>0x48b8</run_address>
         <size>0x101</size>
         <input_file_ref idref="fl-c5"/>
      </object_component>
      <object_component id="oc-45d">
         <name>.const:$O1$$</name>
         <load_address>0x49c0</load_address>
         <run_address>0x49c0</run_address>
         <size>0xc8</size>
         <input_file_ref idref="fl-df"/>
      </object_component>
      <object_component id="oc-28b">
         <name>.const:g_pui32GPIOBaseAddrs</name>
         <load_address>0x4a88</load_address>
         <run_address>0x4a88</run_address>
         <size>0x90</size>
         <input_file_ref idref="fl-ec"/>
      </object_component>
      <object_component id="oc-290">
         <name>.const:g_pui32Xtals</name>
         <load_address>0x4b18</load_address>
         <run_address>0x4b18</run_address>
         <size>0x6c</size>
         <input_file_ref idref="fl-ee"/>
      </object_component>
      <object_component id="oc-3b9">
         <name>.const:g_ppui32TimerIntMap</name>
         <load_address>0x4b84</load_address>
         <run_address>0x4b84</run_address>
         <size>0x60</size>
         <input_file_ref idref="fl-ef"/>
      </object_component>
      <object_component id="oc-3bc">
         <name>.const:g_ppui32TimerIntMapSnowflake</name>
         <load_address>0x4be4</load_address>
         <run_address>0x4be4</run_address>
         <size>0x40</size>
         <input_file_ref idref="fl-ef"/>
      </object_component>
      <object_component id="oc-3aa">
         <name>.const:g_ppui32UARTIntMap</name>
         <load_address>0x4c24</load_address>
         <run_address>0x4c24</run_address>
         <size>0x40</size>
         <input_file_ref idref="fl-f0"/>
      </object_component>
      <object_component id="oc-3ad">
         <name>.const:g_ppui32UARTIntMapSnowflake</name>
         <load_address>0x4c64</load_address>
         <run_address>0x4c64</run_address>
         <size>0x40</size>
         <input_file_ref idref="fl-f0"/>
      </object_component>
      <object_component id="oc-2ab">
         <name>.const:g_pui32EnRegs</name>
         <load_address>0x4ca4</load_address>
         <run_address>0x4ca4</run_address>
         <size>0x14</size>
         <input_file_ref idref="fl-ed"/>
      </object_component>
      <object_component id="oc-393">
         <name>.const:$O1$$</name>
         <load_address>0x4cb8</load_address>
         <run_address>0x4cb8</run_address>
         <size>0x10</size>
         <input_file_ref idref="fl-c9"/>
      </object_component>
      <object_component id="oc-50d">
         <name>.cinit..data.load</name>
         <load_address>0x4cc8</load_address>
         <run_address>0x4cc8</run_address>
         <size>0x12</size>
      </object_component>
      <object_component id="oc-50a">
         <name>__TI_handler_table</name>
         <load_address>0x4cdc</load_address>
         <run_address>0x4cdc</run_address>
         <size>0xc</size>
      </object_component>
      <object_component id="oc-50e">
         <name>.cinit..bss.load</name>
         <load_address>0x4ce8</load_address>
         <run_address>0x4ce8</run_address>
         <size>0x8</size>
      </object_component>
      <object_component id="oc-50c">
         <name>.cinit..vtable.load</name>
         <load_address>0x4cf0</load_address>
         <run_address>0x4cf0</run_address>
         <size>0x8</size>
      </object_component>
      <object_component id="oc-50b">
         <name>__TI_cinit_table</name>
         <load_address>0x4cf8</load_address>
         <run_address>0x4cf8</run_address>
         <size>0x18</size>
      </object_component>
      <object_component id="oc-3b1">
         <name>.vtable</name>
         <uninitialized>true</uninitialized>
         <run_address>0x20000000</run_address>
         <size>0x26c</size>
         <input_file_ref idref="fl-ed"/>
      </object_component>
      <object_component id="oc-146">
         <name>.data</name>
         <load_address>0x20000490</load_address>
         <run_address>0x20000490</run_address>
         <size>0xc</size>
         <input_file_ref idref="fl-3"/>
      </object_component>
      <object_component id="oc-161">
         <name>.data:g_text3</name>
         <load_address>0x2000049c</load_address>
         <run_address>0x2000049c</run_address>
         <size>0x4</size>
         <input_file_ref idref="fl-3"/>
      </object_component>
      <object_component id="oc-441">
         <name>.data</name>
         <load_address>0x200004a0</load_address>
         <run_address>0x200004a0</run_address>
         <size>0x4</size>
         <input_file_ref idref="fl-e4"/>
      </object_component>
      <object_component id="oc-1d6">
         <name>.bss:g_rxLine</name>
         <uninitialized>true</uninitialized>
         <run_address>0x20000470</run_address>
         <size>0x20</size>
         <input_file_ref idref="fl-3"/>
      </object_component>
      <object_component id="oc-24">
         <name>.stack</name>
         <uninitialized>true</uninitialized>
         <run_address>0x20000270</run_address>
         <size>0x4</size>
         <input_file_ref idref="fl-c7"/>
      </object_component>
      <object_component id="oc-510">
         <name>.stack</name>
         <uninitialized>true</uninitialized>
         <run_address>0x20000270</run_address>
         <size>0x0</size>
      </object_component>
      <object_component id="oc-b7">
         <name>.debug_info</name>
         <load_address>0x0</load_address>
         <run_address>0x0</run_address>
         <size>0x37b</size>
         <input_file_ref idref="fl-2"/>
      </object_component>
      <object_component id="oc-d5">
         <name>.debug_info</name>
         <load_address>0x37b</load_address>
         <run_address>0x37b</run_address>
         <size>0x708</size>
         <input_file_ref idref="fl-2"/>
      </object_component>
      <object_component id="oc-70">
         <name>.debug_info</name>
         <load_address>0xa83</load_address>
         <run_address>0xa83</run_address>
         <size>0x26b</size>
         <input_file_ref idref="fl-2"/>
      </object_component>
      <object_component id="oc-b2">
         <name>.debug_info</name>
         <load_address>0xcee</load_address>
         <run_address>0xcee</run_address>
         <size>0x8b</size>
         <input_file_ref idref="fl-2"/>
      </object_component>
      <object_component id="oc-ad">
         <name>.debug_info</name>
         <load_address>0xd79</load_address>
         <run_address>0xd79</run_address>
         <size>0x2a4</size>
         <input_file_ref idref="fl-2"/>
      </object_component>
      <object_component id="oc-75">
         <name>.debug_info</name>
         <load_address>0x101d</load_address>
         <run_address>0x101d</run_address>
         <size>0xbb</size>
         <input_file_ref idref="fl-2"/>
      </object_component>
      <object_component id="oc-1da">
         <name>.debug_info</name>
         <load_address>0x10d8</load_address>
         <run_address>0x10d8</run_address>
         <size>0xc50</size>
         <input_file_ref idref="fl-3"/>
      </object_component>
      <object_component id="oc-147">
         <name>.debug_info</name>
         <load_address>0x1d28</load_address>
         <run_address>0x1d28</run_address>
         <size>0x157</size>
         <input_file_ref idref="fl-3"/>
      </object_component>
      <object_component id="oc-162">
         <name>.debug_info</name>
         <load_address>0x1e7f</load_address>
         <run_address>0x1e7f</run_address>
         <size>0xca</size>
         <input_file_ref idref="fl-3"/>
      </object_component>
      <object_component id="oc-1d7">
         <name>.debug_info</name>
         <load_address>0x1f49</load_address>
         <run_address>0x1f49</run_address>
         <size>0xcc</size>
         <input_file_ref idref="fl-3"/>
      </object_component>
      <object_component id="oc-9d">
         <name>.debug_info</name>
         <load_address>0x2015</load_address>
         <run_address>0x2015</run_address>
         <size>0x1016</size>
         <input_file_ref idref="fl-3"/>
      </object_component>
      <object_component id="oc-1db">
         <name>.debug_info</name>
         <load_address>0x302b</load_address>
         <run_address>0x302b</run_address>
         <size>0xcc</size>
         <input_file_ref idref="fl-3"/>
      </object_component>
      <object_component id="oc-245">
         <name>.debug_info</name>
         <load_address>0x30f7</load_address>
         <run_address>0x30f7</run_address>
         <size>0x2c</size>
         <input_file_ref idref="fl-3"/>
      </object_component>
      <object_component id="oc-2cf">
         <name>.debug_info</name>
         <load_address>0x3123</load_address>
         <run_address>0x3123</run_address>
         <size>0x35</size>
         <input_file_ref idref="fl-3"/>
      </object_component>
      <object_component id="oc-2f">
         <name>.debug_info</name>
         <load_address>0x3158</load_address>
         <run_address>0x3158</run_address>
         <size>0x2aa</size>
         <input_file_ref idref="fl-4"/>
      </object_component>
      <object_component id="oc-13">
         <name>.debug_info</name>
         <load_address>0x3402</load_address>
         <run_address>0x3402</run_address>
         <size>0xe9</size>
         <input_file_ref idref="fl-4"/>
      </object_component>
      <object_component id="oc-28">
         <name>.debug_info</name>
         <load_address>0x34eb</load_address>
         <run_address>0x34eb</run_address>
         <size>0x265</size>
         <input_file_ref idref="fl-4"/>
      </object_component>
      <object_component id="oc-36">
         <name>.debug_info</name>
         <load_address>0x3750</load_address>
         <run_address>0x3750</run_address>
         <size>0x84</size>
         <input_file_ref idref="fl-4"/>
      </object_component>
      <object_component id="oc-23a">
         <name>.debug_info</name>
         <load_address>0x37d4</load_address>
         <run_address>0x37d4</run_address>
         <size>0x33a</size>
         <input_file_ref idref="fl-bf"/>
      </object_component>
      <object_component id="oc-d1">
         <name>.debug_info</name>
         <load_address>0x3b0e</load_address>
         <run_address>0x3b0e</run_address>
         <size>0x1ee</size>
         <input_file_ref idref="fl-bf"/>
      </object_component>
      <object_component id="oc-231">
         <name>.debug_info</name>
         <load_address>0x3cfc</load_address>
         <run_address>0x3cfc</run_address>
         <size>0x1c3</size>
         <input_file_ref idref="fl-bf"/>
      </object_component>
      <object_component id="oc-234">
         <name>.debug_info</name>
         <load_address>0x3ebf</load_address>
         <run_address>0x3ebf</run_address>
         <size>0x176</size>
         <input_file_ref idref="fl-bf"/>
      </object_component>
      <object_component id="oc-23b">
         <name>.debug_info</name>
         <load_address>0x4035</load_address>
         <run_address>0x4035</run_address>
         <size>0x2c</size>
         <input_file_ref idref="fl-bf"/>
      </object_component>
      <object_component id="oc-240">
         <name>.debug_info</name>
         <load_address>0x4061</load_address>
         <run_address>0x4061</run_address>
         <size>0x69</size>
         <input_file_ref idref="fl-bf"/>
      </object_component>
      <object_component id="oc-27e">
         <name>.debug_info</name>
         <load_address>0x40ca</load_address>
         <run_address>0x40ca</run_address>
         <size>0x37a</size>
         <input_file_ref idref="fl-c0"/>
      </object_component>
      <object_component id="oc-13e">
         <name>.debug_info</name>
         <load_address>0x4444</load_address>
         <run_address>0x4444</run_address>
         <size>0x17e</size>
         <input_file_ref idref="fl-c0"/>
      </object_component>
      <object_component id="oc-275">
         <name>.debug_info</name>
         <load_address>0x45c2</load_address>
         <run_address>0x45c2</run_address>
         <size>0x171</size>
         <input_file_ref idref="fl-c0"/>
      </object_component>
      <object_component id="oc-26f">
         <name>.debug_info</name>
         <load_address>0x4733</load_address>
         <run_address>0x4733</run_address>
         <size>0x17e</size>
         <input_file_ref idref="fl-c0"/>
      </object_component>
      <object_component id="oc-27b">
         <name>.debug_info</name>
         <load_address>0x48b1</load_address>
         <run_address>0x48b1</run_address>
         <size>0x1de</size>
         <input_file_ref idref="fl-c0"/>
      </object_component>
      <object_component id="oc-3e">
         <name>.debug_info</name>
         <load_address>0x4a8f</load_address>
         <run_address>0x4a8f</run_address>
         <size>0x119</size>
         <input_file_ref idref="fl-c1"/>
      </object_component>
      <object_component id="oc-8e">
         <name>.debug_info</name>
         <load_address>0x4ba8</load_address>
         <run_address>0x4ba8</run_address>
         <size>0x2d4</size>
         <input_file_ref idref="fl-c2"/>
      </object_component>
      <object_component id="oc-49">
         <name>.debug_info</name>
         <load_address>0x4e7c</load_address>
         <run_address>0x4e7c</run_address>
         <size>0x1d2</size>
         <input_file_ref idref="fl-c2"/>
      </object_component>
      <object_component id="oc-89">
         <name>.debug_info</name>
         <load_address>0x504e</load_address>
         <run_address>0x504e</run_address>
         <size>0x46</size>
         <input_file_ref idref="fl-c2"/>
      </object_component>
      <object_component id="oc-bf">
         <name>.debug_info</name>
         <load_address>0x5094</load_address>
         <run_address>0x5094</run_address>
         <size>0x2c</size>
         <input_file_ref idref="fl-c2"/>
      </object_component>
      <object_component id="oc-46">
         <name>.debug_info</name>
         <load_address>0x50c0</load_address>
         <run_address>0x50c0</run_address>
         <size>0x2a8</size>
         <input_file_ref idref="fl-c3"/>
      </object_component>
      <object_component id="oc-1e">
         <name>.debug_info</name>
         <load_address>0x5368</load_address>
         <run_address>0x5368</run_address>
         <size>0x1ea</size>
         <input_file_ref idref="fl-c3"/>
      </object_component>
      <object_component id="oc-41">
         <name>.debug_info</name>
         <load_address>0x5552</load_address>
         <run_address>0x5552</run_address>
         <size>0x46</size>
         <input_file_ref idref="fl-c3"/>
      </object_component>
      <object_component id="oc-81">
         <name>.debug_info</name>
         <load_address>0x5598</load_address>
         <run_address>0x5598</run_address>
         <size>0x2c</size>
         <input_file_ref idref="fl-c3"/>
      </object_component>
      <object_component id="oc-7f">
         <name>.debug_info</name>
         <load_address>0x55c4</load_address>
         <run_address>0x55c4</run_address>
         <size>0x29e</size>
         <input_file_ref idref="fl-c4"/>
      </object_component>
      <object_component id="oc-17">
         <name>.debug_info</name>
         <load_address>0x5862</load_address>
         <run_address>0x5862</run_address>
         <size>0x250</size>
         <input_file_ref idref="fl-c4"/>
      </object_component>
      <object_component id="oc-31">
         <name>.debug_info</name>
         <load_address>0x5ab2</load_address>
         <run_address>0x5ab2</run_address>
         <size>0x60</size>
         <input_file_ref idref="fl-c4"/>
      </object_component>
      <object_component id="oc-b8">
         <name>.debug_info</name>
         <load_address>0x5b12</load_address>
         <run_address>0x5b12</run_address>
         <size>0x46</size>
         <input_file_ref idref="fl-c4"/>
      </object_component>
      <object_component id="oc-7a">
         <name>.debug_info</name>
         <load_address>0x5b58</load_address>
         <run_address>0x5b58</run_address>
         <size>0x39</size>
         <input_file_ref idref="fl-c4"/>
      </object_component>
      <object_component id="oc-46a">
         <name>.debug_info</name>
         <load_address>0x5b91</load_address>
         <run_address>0x5b91</run_address>
         <size>0xf9</size>
         <input_file_ref idref="fl-c5"/>
      </object_component>
      <object_component id="oc-385">
         <name>.debug_info</name>
         <load_address>0x5c8a</load_address>
         <run_address>0x5c8a</run_address>
         <size>0x105</size>
         <input_file_ref idref="fl-c5"/>
      </object_component>
      <object_component id="oc-280">
         <name>.debug_info</name>
         <load_address>0x5d8f</load_address>
         <run_address>0x5d8f</run_address>
         <size>0x28f</size>
         <input_file_ref idref="fl-c6"/>
      </object_component>
      <object_component id="oc-143">
         <name>.debug_info</name>
         <load_address>0x601e</load_address>
         <run_address>0x601e</run_address>
         <size>0x245</size>
         <input_file_ref idref="fl-c6"/>
      </object_component>
      <object_component id="oc-25">
         <name>.debug_info</name>
         <load_address>0x6263</load_address>
         <run_address>0x6263</run_address>
         <size>0x10b</size>
         <input_file_ref idref="fl-c7"/>
      </object_component>
      <object_component id="oc-5c">
         <name>.debug_info</name>
         <load_address>0x636e</load_address>
         <run_address>0x636e</run_address>
         <size>0x1a9</size>
         <input_file_ref idref="fl-c7"/>
      </object_component>
      <object_component id="oc-33c">
         <name>.debug_info</name>
         <load_address>0x6517</load_address>
         <run_address>0x6517</run_address>
         <size>0x590</size>
         <input_file_ref idref="fl-c8"/>
      </object_component>
      <object_component id="oc-307">
         <name>.debug_info</name>
         <load_address>0x6aa7</load_address>
         <run_address>0x6aa7</run_address>
         <size>0x21e</size>
         <input_file_ref idref="fl-c8"/>
      </object_component>
      <object_component id="oc-411">
         <name>.debug_info</name>
         <load_address>0x6cc5</load_address>
         <run_address>0x6cc5</run_address>
         <size>0x1b3</size>
         <input_file_ref idref="fl-c8"/>
      </object_component>
      <object_component id="oc-417">
         <name>.debug_info</name>
         <load_address>0x6e78</load_address>
         <run_address>0x6e78</run_address>
         <size>0x21b</size>
         <input_file_ref idref="fl-c8"/>
      </object_component>
      <object_component id="oc-312">
         <name>.debug_info</name>
         <load_address>0x7093</load_address>
         <run_address>0x7093</run_address>
         <size>0x3c0</size>
         <input_file_ref idref="fl-c8"/>
      </object_component>
      <object_component id="oc-41e">
         <name>.debug_info</name>
         <load_address>0x7453</load_address>
         <run_address>0x7453</run_address>
         <size>0x30a</size>
         <input_file_ref idref="fl-c8"/>
      </object_component>
      <object_component id="oc-424">
         <name>.debug_info</name>
         <load_address>0x775d</load_address>
         <run_address>0x775d</run_address>
         <size>0x215</size>
         <input_file_ref idref="fl-c8"/>
      </object_component>
      <object_component id="oc-318">
         <name>.debug_info</name>
         <load_address>0x7972</load_address>
         <run_address>0x7972</run_address>
         <size>0x215</size>
         <input_file_ref idref="fl-c8"/>
      </object_component>
      <object_component id="oc-31e">
         <name>.debug_info</name>
         <load_address>0x7b87</load_address>
         <run_address>0x7b87</run_address>
         <size>0x304</size>
         <input_file_ref idref="fl-c8"/>
      </object_component>
      <object_component id="oc-324">
         <name>.debug_info</name>
         <load_address>0x7e8b</load_address>
         <run_address>0x7e8b</run_address>
         <size>0x4b5</size>
         <input_file_ref idref="fl-c8"/>
      </object_component>
      <object_component id="oc-228">
         <name>.debug_info</name>
         <load_address>0x8340</load_address>
         <run_address>0x8340</run_address>
         <size>0x5f4</size>
         <input_file_ref idref="fl-c8"/>
      </object_component>
      <object_component id="oc-33d">
         <name>.debug_info</name>
         <load_address>0x8934</load_address>
         <run_address>0x8934</run_address>
         <size>0x86</size>
         <input_file_ref idref="fl-c8"/>
      </object_component>
      <object_component id="oc-448">
         <name>.debug_info</name>
         <load_address>0x89ba</load_address>
         <run_address>0x89ba</run_address>
         <size>0x39</size>
         <input_file_ref idref="fl-c8"/>
      </object_component>
      <object_component id="oc-4ba">
         <name>.debug_info</name>
         <load_address>0x89f3</load_address>
         <run_address>0x89f3</run_address>
         <size>0xb6</size>
         <input_file_ref idref="fl-c8"/>
      </object_component>
      <object_component id="oc-44d">
         <name>.debug_info</name>
         <load_address>0x8aa9</load_address>
         <run_address>0x8aa9</run_address>
         <size>0x46</size>
         <input_file_ref idref="fl-c8"/>
      </object_component>
      <object_component id="oc-342">
         <name>.debug_info</name>
         <load_address>0x8aef</load_address>
         <run_address>0x8aef</run_address>
         <size>0x46</size>
         <input_file_ref idref="fl-c8"/>
      </object_component>
      <object_component id="oc-395">
         <name>.debug_info</name>
         <load_address>0x8b35</load_address>
         <run_address>0x8b35</run_address>
         <size>0x5ce</size>
         <input_file_ref idref="fl-c9"/>
      </object_component>
      <object_component id="oc-267">
         <name>.debug_info</name>
         <load_address>0x9103</load_address>
         <run_address>0x9103</run_address>
         <size>0xa45</size>
         <input_file_ref idref="fl-c9"/>
      </object_component>
      <object_component id="oc-397">
         <name>.debug_info</name>
         <load_address>0x9b48</load_address>
         <run_address>0x9b48</run_address>
         <size>0x9a</size>
         <input_file_ref idref="fl-c9"/>
      </object_component>
      <object_component id="oc-40d">
         <name>.debug_info</name>
         <load_address>0x9be2</load_address>
         <run_address>0x9be2</run_address>
         <size>0x14c</size>
         <input_file_ref idref="fl-ca"/>
      </object_component>
      <object_component id="oc-30d">
         <name>.debug_info</name>
         <load_address>0x9d2e</load_address>
         <run_address>0x9d2e</run_address>
         <size>0x128</size>
         <input_file_ref idref="fl-cb"/>
      </object_component>
      <object_component id="oc-3f7">
         <name>.debug_info</name>
         <load_address>0x9e56</load_address>
         <run_address>0x9e56</run_address>
         <size>0x12a</size>
         <input_file_ref idref="fl-cb"/>
      </object_component>
      <object_component id="oc-3f4">
         <name>.debug_info</name>
         <load_address>0x9f80</load_address>
         <run_address>0x9f80</run_address>
         <size>0x13a</size>
         <input_file_ref idref="fl-cc"/>
      </object_component>
      <object_component id="oc-3ed">
         <name>.debug_info</name>
         <load_address>0xa0ba</load_address>
         <run_address>0xa0ba</run_address>
         <size>0x13a</size>
         <input_file_ref idref="fl-cd"/>
      </object_component>
      <object_component id="oc-3fd">
         <name>.debug_info</name>
         <load_address>0xa1f4</load_address>
         <run_address>0xa1f4</run_address>
         <size>0x12e</size>
         <input_file_ref idref="fl-ce"/>
      </object_component>
      <object_component id="oc-375">
         <name>.debug_info</name>
         <load_address>0xa322</load_address>
         <run_address>0xa322</run_address>
         <size>0x13e</size>
         <input_file_ref idref="fl-cf"/>
      </object_component>
      <object_component id="oc-408">
         <name>.debug_info</name>
         <load_address>0xa460</load_address>
         <run_address>0xa460</run_address>
         <size>0x12c</size>
         <input_file_ref idref="fl-d0"/>
      </object_component>
      <object_component id="oc-90">
         <name>.debug_info</name>
         <load_address>0xa58c</load_address>
         <run_address>0xa58c</run_address>
         <size>0x147</size>
         <input_file_ref idref="fl-d1"/>
      </object_component>
      <object_component id="oc-3e6">
         <name>.debug_info</name>
         <load_address>0xa6d3</load_address>
         <run_address>0xa6d3</run_address>
         <size>0x134</size>
         <input_file_ref idref="fl-d2"/>
      </object_component>
      <object_component id="oc-2df">
         <name>.debug_info</name>
         <load_address>0xa807</load_address>
         <run_address>0xa807</run_address>
         <size>0x4b3</size>
         <input_file_ref idref="fl-d3"/>
      </object_component>
      <object_component id="oc-1ed">
         <name>.debug_info</name>
         <load_address>0xacba</load_address>
         <run_address>0xacba</run_address>
         <size>0x1a6</size>
         <input_file_ref idref="fl-d3"/>
      </object_component>
      <object_component id="oc-3d2">
         <name>.debug_info</name>
         <load_address>0xae60</load_address>
         <run_address>0xae60</run_address>
         <size>0x39</size>
         <input_file_ref idref="fl-d3"/>
      </object_component>
      <object_component id="oc-47e">
         <name>.debug_info</name>
         <load_address>0xae99</load_address>
         <run_address>0xae99</run_address>
         <size>0x39</size>
         <input_file_ref idref="fl-d3"/>
      </object_component>
      <object_component id="oc-3d7">
         <name>.debug_info</name>
         <load_address>0xaed2</load_address>
         <run_address>0xaed2</run_address>
         <size>0x39</size>
         <input_file_ref idref="fl-d3"/>
      </object_component>
      <object_component id="oc-3dc">
         <name>.debug_info</name>
         <load_address>0xaf0b</load_address>
         <run_address>0xaf0b</run_address>
         <size>0xcd</size>
         <input_file_ref idref="fl-d3"/>
      </object_component>
      <object_component id="oc-98">
         <name>.debug_info</name>
         <load_address>0xafd8</load_address>
         <run_address>0xafd8</run_address>
         <size>0x153</size>
         <input_file_ref idref="fl-d4"/>
      </object_component>
      <object_component id="oc-1e1">
         <name>.debug_info</name>
         <load_address>0xb12b</load_address>
         <run_address>0xb12b</run_address>
         <size>0x122</size>
         <input_file_ref idref="fl-d6"/>
      </object_component>
      <object_component id="oc-497">
         <name>.debug_info</name>
         <load_address>0xb24d</load_address>
         <run_address>0xb24d</run_address>
         <size>0x29c</size>
         <input_file_ref idref="fl-d8"/>
      </object_component>
      <object_component id="oc-402">
         <name>.debug_info</name>
         <load_address>0xb4e9</load_address>
         <run_address>0xb4e9</run_address>
         <size>0x1da</size>
         <input_file_ref idref="fl-d8"/>
      </object_component>
      <object_component id="oc-3e4">
         <name>.debug_info</name>
         <load_address>0xb6c3</load_address>
         <run_address>0xb6c3</run_address>
         <size>0x2b9</size>
         <input_file_ref idref="fl-da"/>
      </object_component>
      <object_component id="oc-304">
         <name>.debug_info</name>
         <load_address>0xb97c</load_address>
         <run_address>0xb97c</run_address>
         <size>0x17c</size>
         <input_file_ref idref="fl-da"/>
      </object_component>
      <object_component id="oc-439">
         <name>.debug_info</name>
         <load_address>0xbaf8</load_address>
         <run_address>0xbaf8</run_address>
         <size>0x2a7</size>
         <input_file_ref idref="fl-db"/>
      </object_component>
      <object_component id="oc-32a">
         <name>.debug_info</name>
         <load_address>0xbd9f</load_address>
         <run_address>0xbd9f</run_address>
         <size>0x1b8</size>
         <input_file_ref idref="fl-db"/>
      </object_component>
      <object_component id="oc-46e">
         <name>.debug_info</name>
         <load_address>0xbf57</load_address>
         <run_address>0xbf57</run_address>
         <size>0x29a</size>
         <input_file_ref idref="fl-dc"/>
      </object_component>
      <object_component id="oc-391">
         <name>.debug_info</name>
         <load_address>0xc1f1</load_address>
         <run_address>0xc1f1</run_address>
         <size>0x262</size>
         <input_file_ref idref="fl-dc"/>
      </object_component>
      <object_component id="oc-453">
         <name>.debug_info</name>
         <load_address>0xc453</load_address>
         <run_address>0xc453</run_address>
         <size>0x2a4</size>
         <input_file_ref idref="fl-dd"/>
      </object_component>
      <object_component id="oc-35c">
         <name>.debug_info</name>
         <load_address>0xc6f7</load_address>
         <run_address>0xc6f7</run_address>
         <size>0x24d</size>
         <input_file_ref idref="fl-dd"/>
      </object_component>
      <object_component id="oc-46c">
         <name>.debug_info</name>
         <load_address>0xc944</load_address>
         <run_address>0xc944</run_address>
         <size>0x296</size>
         <input_file_ref idref="fl-de"/>
      </object_component>
      <object_component id="oc-38a">
         <name>.debug_info</name>
         <load_address>0xcbda</load_address>
         <run_address>0xcbda</run_address>
         <size>0x265</size>
         <input_file_ref idref="fl-de"/>
      </object_component>
      <object_component id="oc-461">
         <name>.debug_info</name>
         <load_address>0xce3f</load_address>
         <run_address>0xce3f</run_address>
         <size>0x3b1</size>
         <input_file_ref idref="fl-df"/>
      </object_component>
      <object_component id="oc-45e">
         <name>.debug_info</name>
         <load_address>0xd1f0</load_address>
         <run_address>0xd1f0</run_address>
         <size>0x123</size>
         <input_file_ref idref="fl-df"/>
      </object_component>
      <object_component id="oc-370">
         <name>.debug_info</name>
         <load_address>0xd313</load_address>
         <run_address>0xd313</run_address>
         <size>0x4e0</size>
         <input_file_ref idref="fl-df"/>
      </object_component>
      <object_component id="oc-465">
         <name>.debug_info</name>
         <load_address>0xd7f3</load_address>
         <run_address>0xd7f3</run_address>
         <size>0x321</size>
         <input_file_ref idref="fl-e0"/>
      </object_component>
      <object_component id="oc-379">
         <name>.debug_info</name>
         <load_address>0xdb14</load_address>
         <run_address>0xdb14</run_address>
         <size>0x28b</size>
         <input_file_ref idref="fl-e0"/>
      </object_component>
      <object_component id="oc-467">
         <name>.debug_info</name>
         <load_address>0xdd9f</load_address>
         <run_address>0xdd9f</run_address>
         <size>0x322</size>
         <input_file_ref idref="fl-e1"/>
      </object_component>
      <object_component id="oc-382">
         <name>.debug_info</name>
         <load_address>0xe0c1</load_address>
         <run_address>0xe0c1</run_address>
         <size>0x2cf</size>
         <input_file_ref idref="fl-e1"/>
      </object_component>
      <object_component id="oc-45c">
         <name>.debug_info</name>
         <load_address>0xe390</load_address>
         <run_address>0xe390</run_address>
         <size>0x322</size>
         <input_file_ref idref="fl-e2"/>
      </object_component>
      <object_component id="oc-368">
         <name>.debug_info</name>
         <load_address>0xe6b2</load_address>
         <run_address>0xe6b2</run_address>
         <size>0x231</size>
         <input_file_ref idref="fl-e2"/>
      </object_component>
      <object_component id="oc-45a">
         <name>.debug_info</name>
         <load_address>0xe8e3</load_address>
         <run_address>0xe8e3</run_address>
         <size>0x323</size>
         <input_file_ref idref="fl-e3"/>
      </object_component>
      <object_component id="oc-364">
         <name>.debug_info</name>
         <load_address>0xec06</load_address>
         <run_address>0xec06</run_address>
         <size>0x254</size>
         <input_file_ref idref="fl-e3"/>
      </object_component>
      <object_component id="oc-445">
         <name>.debug_info</name>
         <load_address>0xee5a</load_address>
         <run_address>0xee5a</run_address>
         <size>0x289</size>
         <input_file_ref idref="fl-e4"/>
      </object_component>
      <object_component id="oc-442">
         <name>.debug_info</name>
         <load_address>0xf0e3</load_address>
         <run_address>0xf0e3</run_address>
         <size>0x10e</size>
         <input_file_ref idref="fl-e4"/>
      </object_component>
      <object_component id="oc-336">
         <name>.debug_info</name>
         <load_address>0xf1f1</load_address>
         <run_address>0xf1f1</run_address>
         <size>0x14e</size>
         <input_file_ref idref="fl-e4"/>
      </object_component>
      <object_component id="oc-440">
         <name>.debug_info</name>
         <load_address>0xf33f</load_address>
         <run_address>0xf33f</run_address>
         <size>0x28f</size>
         <input_file_ref idref="fl-e5"/>
      </object_component>
      <object_component id="oc-332">
         <name>.debug_info</name>
         <load_address>0xf5ce</load_address>
         <run_address>0xf5ce</run_address>
         <size>0x15a</size>
         <input_file_ref idref="fl-e5"/>
      </object_component>
      <object_component id="oc-4af">
         <name>.debug_info</name>
         <load_address>0xf728</load_address>
         <run_address>0xf728</run_address>
         <size>0x46</size>
         <input_file_ref idref="fl-e5"/>
      </object_component>
      <object_component id="oc-43b">
         <name>.debug_info</name>
         <load_address>0xf76e</load_address>
         <run_address>0xf76e</run_address>
         <size>0x39</size>
         <input_file_ref idref="fl-e5"/>
      </object_component>
      <object_component id="oc-49f">
         <name>.debug_info</name>
         <load_address>0xf7a7</load_address>
         <run_address>0xf7a7</run_address>
         <size>0x295</size>
         <input_file_ref idref="fl-e6"/>
      </object_component>
      <object_component id="oc-42d">
         <name>.debug_info</name>
         <load_address>0xfa3c</load_address>
         <run_address>0xfa3c</run_address>
         <size>0x195</size>
         <input_file_ref idref="fl-e6"/>
      </object_component>
      <object_component id="oc-4d9">
         <name>.debug_info</name>
         <load_address>0xfbd1</load_address>
         <run_address>0xfbd1</run_address>
         <size>0x39</size>
         <input_file_ref idref="fl-e6"/>
      </object_component>
      <object_component id="oc-4a0">
         <name>.debug_info</name>
         <load_address>0xfc0a</load_address>
         <run_address>0xfc0a</run_address>
         <size>0x2c</size>
         <input_file_ref idref="fl-e6"/>
      </object_component>
      <object_component id="oc-4ac">
         <name>.debug_info</name>
         <load_address>0xfc36</load_address>
         <run_address>0xfc36</run_address>
         <size>0x2f8</size>
         <input_file_ref idref="fl-e7"/>
      </object_component>
      <object_component id="oc-433">
         <name>.debug_info</name>
         <load_address>0xff2e</load_address>
         <run_address>0xff2e</run_address>
         <size>0x225</size>
         <input_file_ref idref="fl-e7"/>
[...]
      <symbol id="sm-58">
         <name>Lcd_Komut</name>
         <value>0x2333</value>
         <object_component_ref idref="oc-d4"/>
      </symbol>
      <symbol id="sm-59">
         <name>Lcd_Goto</name>
         <value>0x2443</value>
         <object_component_ref idref="oc-d4"/>
      </symbol>
      <symbol id="sm-5a">
         <name>Lcd_Puts</name>
         <value>0x248d</value>
         <object_component_ref idref="oc-d4"/>
      </symbol>
      <symbol id="sm-fb">
         <name>g_lcdFlag</name>
         <value>0x20000494</value>
         <object_component_ref idref="oc-146"/>
      </symbol>
      <symbol id="sm-fc">
         <name>main</name>
         <value>0x1cf3</value>
         <object_component_ref idref="oc-9b"/>
      </symbol>
      <symbol id="sm-fd">
         <name>g_s</name>
         <value>0x20000492</value>
         <object_component_ref idref="oc-146"/>
      </symbol>
      <symbol id="sm-fe">
         <name>g_m</name>
         <value>0x20000491</value>
         <object_component_ref idref="oc-146"/>
      </symbol>
      <symbol id="sm-ff">
         <name>g_h</name>
         <value>0x20000490</value>
         <object_component_ref idref="oc-146"/>
      </symbol>
      <symbol id="sm-100">
         <name>g_sendFlag</name>
         <value>0x20000493</value>
         <object_component_ref idref="oc-146"/>
      </symbol>
      <symbol id="sm-121">
         <name>ResetISR</name>
         <value>0x483b</value>
         <object_component_ref idref="oc-27"/>
      </symbol>
      <symbol id="sm-122">
         <name>g_pfnVectors</name>
         <value>0x0</value>
         <object_component_ref idref="oc-12"/>
      </symbol>
      <symbol id="sm-151">
         <name>snprintf</name>
         <value>0x422d</value>
         <object_component_ref idref="oc-ce"/>
      </symbol>
      <symbol id="sm-188">
         <name>sscanf</name>
         <value>0x4405</value>
         <object_component_ref idref="oc-13a"/>
      </symbol>
      <symbol id="sm-1a3">
         <name>memcpy</name>
         <value>0x39f3</value>
         <object_component_ref idref="oc-3b"/>
      </symbol>
      <symbol id="sm-1a4">
         <name>__aeabi_memcpy</name>
         <value>0x39f3</value>
         <object_component_ref idref="oc-3b"/>
      </symbol>
      <symbol id="sm-1a5">
         <name>__aeabi_memcpy8</name>
         <value>0x39f3</value>
         <object_component_ref idref="oc-3b"/>
      </symbol>
      <symbol id="sm-1a6">
         <name>__aeabi_memcpy4</name>
         <value>0x39f3</value>
         <object_component_ref idref="oc-3b"/>
      </symbol>
      <symbol id="sm-1bf">
         <name>__TI_zero_init_nomemset</name>
         <value>0x45cf</value>
         <object_component_ref idref="oc-47"/>
      </symbol>
      <symbol id="sm-1d6">
         <name>__TI_decompress_none</name>
         <value>0x4815</value>
         <object_component_ref idref="oc-1b"/>
      </symbol>
      <symbol id="sm-1f9">
         <name>__TI_decompress_lzss</name>
         <value>0x3ed1</value>
         <object_component_ref idref="oc-15"/>
      </symbol>
      <symbol id="sm-204">
         <name>_ctypes_</name>
         <value>0x48b8</value>
         <object_component_ref idref="oc-384"/>
      </symbol>
      <symbol id="sm-212">
         <name>strlen</name>
         <value>0x4765</value>
         <object_component_ref idref="oc-140"/>
      </symbol>
      <symbol id="sm-225">
         <name>__stack</name>
         <value>0x20000270</value>
         <object_component_ref idref="oc-24"/>
      </symbol>
      <symbol id="sm-226">
         <name>_c_int00_noargs</name>
         <value>0x44a5</value>
         <object_component_ref idref="oc-59"/>
      </symbol>
      <symbol id="sm-38b">
         <name>__TI_printfi</name>
         <value>0xd81</value>
         <object_component_ref idref="oc-227"/>
      </symbol>
      <symbol id="sm-441">
         <name>__TI_scanfi</name>
         <value>0x26d</value>
         <object_component_ref idref="oc-265"/>
      </symbol>
      <symbol id="sm-458">
         <name>__aeabi_dsub</name>
         <value>0x2ad1</value>
         <object_component_ref idref="oc-40b"/>
      </symbol>
      <symbol id="sm-459">
         <name>__aeabi_dadd</name>
         <value>0x2adb</value>
         <object_component_ref idref="oc-40b"/>
      </symbol>
      <symbol id="sm-47b">
         <name>__aeabi_cdcmpeq</name>
         <value>0x3b25</value>
         <object_component_ref idref="oc-30c"/>
      </symbol>
      <symbol id="sm-47c">
         <name>__aeabi_cdcmple</name>
         <value>0x3b25</value>
         <object_component_ref idref="oc-30c"/>
      </symbol>
      <symbol id="sm-47d">
         <name>__aeabi_cdrcmple</name>
         <value>0x3bab</value>
         <object_component_ref idref="oc-3f6"/>
      </symbol>
      <symbol id="sm-491">
         <name>__aeabi_ddiv</name>
         <value>0x308d</value>
         <object_component_ref idref="oc-3f1"/>
      </symbol>
      <symbol id="sm-49c">
         <name>__aeabi_dmul</name>
         <value>0x3751</value>
         <object_component_ref idref="oc-3ec"/>
      </symbol>
      <symbol id="sm-4a6">
         <name>__aeabi_d2iz</name>
         <value>0x4279</value>
         <object_component_ref idref="oc-3fb"/>
      </symbol>
      <symbol id="sm-4b2">
         <name>__aeabi_d2f</name>
         <value>0x3d93</value>
         <object_component_ref idref="oc-373"/>
      </symbol>
      <symbol id="sm-4bc">
         <name>__aeabi_i2d</name>
         <value>0x4537</value>
         <object_component_ref idref="oc-406"/>
      </symbol>
      <symbol id="sm-4cb">
         <name>__aeabi_memset</name>
         <value>0x3cad</value>
         <object_component_ref idref="oc-8f"/>
      </symbol>
      <symbol id="sm-4cc">
         <name>memset</name>
         <value>0x3cb3</value>
         <object_component_ref idref="oc-8f"/>
      </symbol>
      <symbol id="sm-4cd">
         <name>__aeabi_memset8</name>
         <value>0x3cad</value>
         <object_component_ref idref="oc-8f"/>
      </symbol>
      <symbol id="sm-4ce">
         <name>__aeabi_memset4</name>
         <value>0x3cad</value>
         <object_component_ref idref="oc-8f"/>
      </symbol>
      <symbol id="sm-4cf">
         <name>__aeabi_memclr8</name>
         <value>0x3cab</value>
         <object_component_ref idref="oc-8f"/>
      </symbol>
      <symbol id="sm-4d0">
         <name>__aeabi_memclr4</name>
         <value>0x3cab</value>
         <object_component_ref idref="oc-8f"/>
      </symbol>
      <symbol id="sm-4d1">
         <name>__aeabi_memclr</name>
         <value>0x3cab</value>
         <object_component_ref idref="oc-8f"/>
      </symbol>
      <symbol id="sm-4de">
         <name>__aeabi_uldivmod</name>
         <value>0x3a8f</value>
         <object_component_ref idref="oc-3e5"/>
      </symbol>
      <symbol id="sm-506">
         <name>__TI_auto_init_nobinit_nopinit</name>
         <value>0x4309</value>
         <object_component_ref idref="oc-1ec"/>
      </symbol>
      <symbol id="sm-510">
         <name>_system_pre_init</name>
         <value>0x48ab</value>
         <object_component_ref idref="oc-95"/>
      </symbol>
      <symbol id="sm-51c">
         <name>C$$EXIT</name>
         <value>0x48af</value>
         <object_component_ref idref="oc-1e0"/>
      </symbol>
      <symbol id="sm-51d">
         <name>abort</name>
         <value>0x48af</value>
         <object_component_ref idref="oc-1e0"/>
      </symbol>
      <symbol id="sm-52d">
         <name>__TI_ltoa</name>
         <value>0x4053</value>
         <object_component_ref idref="oc-400"/>
      </symbol>
      <symbol id="sm-544">
         <name>atoi</name>
         <value>0x41e1</value>
         <object_component_ref idref="oc-300"/>
      </symbol>
      <symbol id="sm-554">
         <name>memccpy</name>
         <value>0x45eb</value>
         <object_component_ref idref="oc-329"/>
      </symbol>
      <symbol id="sm-564">
         <name>strchr</name>
         <value>0x4727</value>
         <object_component_ref idref="oc-38d"/>
      </symbol>
      <symbol id="sm-572">
         <name>strcpy</name>
         <value>0x4751</value>
         <object_component_ref idref="oc-35b"/>
      </symbol>
      <symbol id="sm-581">
         <name>strrchr</name>
         <value>0x46cd</value>
         <object_component_ref idref="oc-387"/>
      </symbol>
      <symbol id="sm-5e1">
         <name>strtold</name>
         <value>0x1de1</value>
         <object_component_ref idref="oc-36d"/>
      </symbol>
      <symbol id="sm-5e2">
         <name>strtod</name>
         <value>0x1de1</value>
         <object_component_ref idref="oc-36d"/>
      </symbol>
      <symbol id="sm-606">
         <name>strtol</name>
         <value>0x31c5</value>
         <object_component_ref idref="oc-378"/>
      </symbol>
      <symbol id="sm-62c">
         <name>strtoll</name>
         <value>0x2725</value>
         <object_component_ref idref="oc-37e"/>
      </symbol>
      <symbol id="sm-64c">
         <name>strtoul</name>
         <value>0x3641</value>
         <object_component_ref idref="oc-367"/>
      </symbol>
      <symbol id="sm-66f">
         <name>strtoull</name>
         <value>0x2df5</value>
         <object_component_ref idref="oc-361"/>
      </symbol>
      <symbol id="sm-685">
         <name>__aeabi_errno_addr</name>
         <value>0x4881</value>
         <object_component_ref idref="oc-335"/>
      </symbol>
      <symbol id="sm-686">
         <name>errno</name>
         <value>0x200004a0</value>
         <object_component_ref idref="oc-441"/>
      </symbol>
      <symbol id="sm-69f">
         <name>wcslen</name>
         <value>0x479d</value>
         <object_component_ref idref="oc-32f"/>
      </symbol>
      <symbol id="sm-6bf">
         <name>frexpl</name>
         <value>0x3f39</value>
         <object_component_ref idref="oc-42b"/>
      </symbol>
      <symbol id="sm-6c0">
         <name>frexp</name>
         <value>0x3f39</value>
         <object_component_ref idref="oc-42b"/>
      </symbol>
      <symbol id="sm-6dd">
         <name>scalbn</name>
         <value>0x3531</value>
         <object_component_ref idref="oc-431"/>
      </symbol>
      <symbol id="sm-6de">
         <name>scalbnl</name>
         <value>0x3531</value>
         <object_component_ref idref="oc-431"/>
      </symbol>
      <symbol id="sm-6df">
         <name>ldexpl</name>
         <value>0x3531</value>
         <object_component_ref idref="oc-431"/>
      </symbol>
      <symbol id="sm-6e0">
         <name>ldexp</name>
         <value>0x3531</value>
         <object_component_ref idref="oc-431"/>
      </symbol>
      <symbol id="sm-6ea">
         <name>__aeabi_idiv0</name>
         <value>0x17cf</value>
         <object_component_ref idref="oc-48c"/>
      </symbol>
      <symbol id="sm-6eb">
         <name>__aeabi_ldiv0</name>
         <value>0x17cf</value>
         <object_component_ref idref="oc-48c"/>
      </symbol>
      <symbol id="sm-6f4">
         <name>__aeabi_lmul</name>
         <value>0x46b5</value>
         <object_component_ref idref="oc-454"/>
      </symbol>
      <symbol id="sm-6fe">
         <name>copysign</name>
         <value>0x4621</value>
         <object_component_ref idref="oc-4a5"/>
      </symbol>
      <symbol id="sm-6ff">
         <name>copysignl</name>
         <value>0x4621</value>
         <object_component_ref idref="oc-4a5"/>
      </symbol>
      <symbol id="sm-760">
         <name>ADCProcessorTrigger</name>
         <value>0x463b</value>
         <object_component_ref idref="oc-10a"/>
      </symbol>
      <symbol id="sm-761">
         <name>ADCSequenceEnable</name>
         <value>0x47dd</value>
         <object_component_ref idref="oc-fe"/>
      </symbol>
      <symbol id="sm-762">
         <name>ADCSequenceConfigure</name>
         <value>0x40f9</value>
         <object_component_ref idref="oc-f2"/>
      </symbol>
      <symbol id="sm-763">
         <name>ADCSequenceStepConfigure</name>
         <value>0x3c31</value>
         <object_component_ref idref="oc-f8"/>
      </symbol>
      <symbol id="sm-764">
         <name>ADCIntClear</name>
         <value>0x4847</value>
         <object_component_ref idref="oc-104"/>
      </symbol>
      <symbol id="sm-765">
         <name>ADCIntStatus</name>
         <value>0x4509</value>
         <object_component_ref idref="oc-110"/>
      </symbol>
      <symbol id="sm-766">
         <name>ADCSequenceDisable</name>
         <value>0x47cf</value>
         <object_component_ref idref="oc-ec"/>
      </symbol>
      <symbol id="sm-767">
         <name>ADCSequenceDataGet</name>
         <value>0x45b1</value>
         <object_component_ref idref="oc-116"/>
      </symbol>
      <symbol id="sm-7c9">
         <name>GPIOPinConfigure</name>
         <value>0x4149</value>
         <object_component_ref idref="oc-16a"/>
      </symbol>
      <symbol id="sm-7ca">
         <name>GPIOPinTypeADC</name>
         <value>0x46e5</value>
         <object_component_ref idref="oc-e6"/>
      </symbol>
      <symbol id="sm-7cb">
         <name>GPIOPinTypeGPIOInput</name>
         <value>0x46fb</value>
         <object_component_ref idref="oc-11c"/>
      </symbol>
      <symbol id="sm-7cc">
         <name>GPIOPinTypeUART</name>
         <value>0x4711</value>
         <object_component_ref idref="oc-170"/>
      </symbol>
      <symbol id="sm-7cd">
         <name>GPIOPinTypeGPIOOutput</name>
         <value>0x4607</value>
         <object_component_ref idref="oc-128"/>
      </symbol>
      <symbol id="sm-7ce">
         <name>GPIOPinRead</name>
         <value>0x4891</value>
         <object_component_ref idref="oc-134"/>
      </symbol>
      <symbol id="sm-7cf">
         <name>GPIODirModeSet</name>
         <value>0x4565</value>
         <object_component_ref idref="oc-24f"/>
      </symbol>
      <symbol id="sm-7d0">
         <name>GPIOPinWrite</name>
         <value>0x4897</value>
         <object_component_ref idref="oc-12e"/>
      </symbol>
      <symbol id="sm-7d1">
         <name>GPIOPadConfigSet</name>
         <value>0x2c89</value>
         <object_component_ref idref="oc-122"/>
      </symbol>
      <symbol id="sm-814">
         <name>IntEnable</name>
         <value>0x3e01</value>
         <object_component_ref idref="oc-19a"/>
      </symbol>
      <symbol id="sm-815">
         <name>IntRegister</name>
         <value>0x443d</value>
         <object_component_ref idref="oc-2a2"/>
      </symbol>
      <symbol id="sm-816">
         <name>IntMasterDisable</name>
         <value>0x47af</value>
         <object_component_ref idref="oc-1ca"/>
      </symbol>
      <symbol id="sm-817">
         <name>g_pfnRAMVectors</name>
         <value>0x20000000</value>
         <object_component_ref idref="oc-3b1"/>
      </symbol>
      <symbol id="sm-818">
         <name>IntMasterEnable</name>
         <value>0x47bf</value>
         <object_component_ref idref="oc-1d0"/>
      </symbol>
      <symbol id="sm-876">
         <name>SysCtlClockSet</name>
         <value>0x384d</value>
         <object_component_ref idref="oc-1c4"/>
      </symbol>
      <symbol id="sm-877">
         <name>SysCtlDelay</name>
         <value>0x489d</value>
         <object_component_ref idref="oc-24a"/>
      </symbol>
      <symbol id="sm-878">
         <name>SysCtlPeripheralEnable</name>
         <value>0x4471</value>
         <object_component_ref idref="oc-da"/>
      </symbol>
      <symbol id="sm-879">
         <name>SysCtlClockGet</name>
         <value>0x3419</value>
         <object_component_ref idref="oc-176"/>
      </symbol>
      <symbol id="sm-87a">
         <name>SysCtlPeripheralReady</name>
         <value>0x43cd</value>
         <object_component_ref idref="oc-e0"/>
      </symbol>
      <symbol id="sm-8df">
         <name>TimerLoadSet</name>
         <value>0x4779</value>
         <object_component_ref idref="oc-1ac"/>
      </symbol>
      <symbol id="sm-8e0">
         <name>TimerDisable</name>
         <value>0x4655</value>
         <object_component_ref idref="oc-1a0"/>
      </symbol>
      <symbol id="sm-8e1">
         <name>TimerIntRegister</name>
         <value>0x466d</value>
         <object_component_ref idref="oc-1b2"/>
      </symbol>
      <symbol id="sm-8e2">
         <name>TimerEnable</name>
         <value>0x47eb</value>
         <object_component_ref idref="oc-1be"/>
      </symbol>
      <symbol id="sm-8e3">
         <name>TimerIntEnable</name>
         <value>0x486f</value>
         <object_component_ref idref="oc-1b8"/>
      </symbol>
      <symbol id="sm-8e4">
         <name>TimerConfigure</name>
         <value>0x3f9d</value>
         <object_component_ref idref="oc-1a6"/>
      </symbol>
      <symbol id="sm-8e5">
         <name>TimerIntClear</name>
         <value>0x48a3</value>
         <object_component_ref idref="oc-164"/>
      </symbol>
      <symbol id="sm-966">
         <name>UARTConfigSetExpClk</name>
         <value>0x42c1</value>
         <object_component_ref idref="oc-17c"/>
      </symbol>
      <symbol id="sm-967">
         <name>UARTDisable</name>
         <value>0x4591</value>
         <object_component_ref idref="oc-294"/>
      </symbol>
      <symbol id="sm-968">
         <name>UARTIntEnable</name>
         <value>0x4877</value>
         <object_component_ref idref="oc-194"/>
      </symbol>
      <symbol id="sm-969">
         <name>UARTCharsAvail</name>
         <value>0x4807</value>
         <object_component_ref idref="oc-15b"/>
      </symbol>
      <symbol id="sm-96a">
         <name>UARTCharGetNonBlocking</name>
         <value>0x47f9</value>
         <object_component_ref idref="oc-155"/>
      </symbol>
      <symbol id="sm-96b">
         <name>UARTIntDisable</name>
         <value>0x485b</value>
         <object_component_ref idref="oc-18e"/>
      </symbol>
      <symbol id="sm-96c">
         <name>UARTCharPut</name>
         <value>0x4851</value>
         <object_component_ref idref="oc-c8"/>
      </symbol>
      <symbol id="sm-96d">
         <name>UARTEnable</name>
         <value>0x473d</value>
         <object_component_ref idref="oc-182"/>
      </symbol>
      <symbol id="sm-96e">
         <name>UARTIntClear</name>
         <value>0x48a7</value>
         <object_component_ref idref="oc-14f"/>
      </symbol>
      <symbol id="sm-96f">
         <name>UARTIntStatus</name>
         <value>0x4865</value>
         <object_component_ref idref="oc-149"/>
      </symbol>
      <symbol id="sm-970">
         <name>UARTIntRegister</name>
         <value>0x4685</value>
         <object_component_ref idref="oc-188"/>
      </symbol>
      <symbol id="sm-982">
         <name>CPUcpsie</name>
         <value>0x482f</value>
         <object_component_ref idref="oc-2c4"/>
      </symbol>
      <symbol id="sm-983">
         <name>CPUcpsid</name>
         <value>0x4823</value>
         <object_component_ref idref="oc-2bd"/>
      </symbol>
      <symbol id="sm-984">
         <name>__TI_static_base__</name>
         <value>0x0</value>
      </symbol>
      <symbol id="sm-987">
         <name>__mpu_init</name>
         <value>0x0</value>
      </symbol>
      <symbol id="sm-988">
         <name>_system_post_cinit</name>
         <value>0x0</value>
      </symbol>
   </symbol_table>
   <title>Link successful</title>
</link_info>
