******************************************************************************
                  TI ARM Linker PC v20.2.7                     
******************************************************************************
>> Linked Sun Dec 14 00:51:24 2025

OUTPUT FILE NAME:   <LCD_odev_03.out>
ENTRY POINT SYMBOL: "_c_int00_noargs"  address: 00002c2d


MEMORY CONFIGURATION

         name            origin    length      used     unused   attr    fill
----------------------  --------  ---------  --------  --------  ----  --------
  FLASH                 00000000   00040000  0000320a  0003cdf6  R  X
  SRAM                  20000000   00008000  0000047c  00007b84  RW X


SEGMENT ALLOCATION MAP

run origin  load origin   length   init length attrs members
----------  ----------- ---------- ----------- ----- -------
00000000    00000000    00003210   00003210    r-x
  00000000    00000000    0000026c   0000026c    r-- .intvecs
  0000026c    0000026c    00002caa   00002caa    r-x .text
  00002f18    00002f18    000002b4   000002b4    r-- .const
  000031d0    000031d0    00000040   00000040    r-- .cinit
20000000    20000000    0000047c   00000000    rw-
  20000000    20000000    0000026c   00000000    rw- .vtable
  2000026c    2000026c    00000004   00000000    rw- .data
  20000270    20000270    00000200   00000000    rw- .stack
  20000470    20000470    0000000c   00000000    rw- .bss


SECTION ALLOCATION MAP

 output                                  attributes/
section   page    origin      length       input sections
--------  ----  ----------  ----------   ----------------
.intvecs   0    00000000    0000026c     
                  00000000    0000026c     tm4c123gh6pm_startup_ccs.obj (.intvecs)

.text      0    0000026c    00002caa     
                  0000026c    00000a4e     rtsv7M4_T_le_v4SPD16_eabi.lib : _printfi.c.obj (.text:__TI_printfi)
                  00000cba    00000002                                   : div0.asm.obj (.text)
                  00000cbc    000003dc     main.obj (.text)
                  00001098    00000274     lcd.obj (.text)
                  0000130c    00000270     rtsv7M4_T_le_v4SPD16_eabi.lib : _printfi.c.obj (.text:_pconv_a)
                  0000157c    000001d0                                   : _printfi.c.obj (.text:_pconv_g)
                  0000174c    000001b6                                   : fd_add_t2.asm.obj (.text)
                  00001902    00000002     --HOLE-- [fill = 0]
                  00001904    0000016c     driverlib.lib : gpio.obj (.text:GPIOPadConfigSet)
                  00001a70    0000013c     rtsv7M4_T_le_v4SPD16_eabi.lib : _printfi.c.obj (.text:_pconv_e)
                  00001bac    00000136                                   : fd_div_t2.asm.obj (.text)
                  00001ce2    00000002     --HOLE-- [fill = 0]
                  00001ce4    00000124                                   : _printfi.c.obj (.text:fcvt)
                  00001e08    00000118     driverlib.lib : sysctl.obj (.text:SysCtlClockGet)
                  00001f20    00000110     rtsv7M4_T_le_v4SPD16_eabi.lib : s_scalbn.c.obj (.text:scalbn)
                  00002030    000000fc                                   : fd_mul_t2.asm.obj (.text)
                  0000212c    000000f4     driverlib.lib : sysctl.obj (.text:SysCtlClockSet)
                  00002220    000000b1     rtsv7M4_T_le_v4SPD16_eabi.lib : _printfi.c.obj (.text:_ltostr)
                  000022d1    00000001     --HOLE-- [fill = 0]
                  000022d2    0000009c                                   : memcpy_t2.asm.obj (.text)
                  0000236e    00000096                                   : ull_div_t2.asm.obj (.text)
                  00002404    00000086                                   : fd_cmp_t2.asm.obj (.text:__aeabi_cdcmple)
                  0000248a    00000086                                   : fd_cmp_t2.asm.obj (.text:__aeabi_cdrcmple)
                  00002510    0000007a     driverlib.lib : adc.obj (.text:ADCSequenceStepConfigure)
                  0000258a    0000007a     rtsv7M4_T_le_v4SPD16_eabi.lib : memset_t2.asm.obj (.text)
                  00002604    0000006e                                   : _printfi.c.obj (.text:_mcpy)
                  00002672    00000002     --HOLE-- [fill = 0]
                  00002674    00000068     driverlib.lib : interrupt.obj (.text:IntEnable)
                  000026dc    00000068     rtsv7M4_T_le_v4SPD16_eabi.lib : copy_decompress_lzss.c.obj (.text:decompress:lzss:__TI_decompress_lzss)
                  00002744    00000064                                   : s_frexp.c.obj (.text:frexp)
                  000027a8    00000060     driverlib.lib : timer.obj (.text:TimerConfigure)
                  00002808    00000056     rtsv7M4_T_le_v4SPD16_eabi.lib : _printfi.c.obj (.text:_pconv_f)
                  0000285e    00000054                                   : _ltoa.c.obj (.text:__TI_ltoa)
                  000028b2    00000052                                   : _printfi.c.obj (.text:_ecpy)
                  00002904    0000004e     driverlib.lib : adc.obj (.text:ADCSequenceConfigure)
                  00002952    00000002     --HOLE-- [fill = 0]
                  00002954    0000004c                   : gpio.obj (.text:GPIOPinConfigure)
                  000029a0    0000004c                   : timer.obj (.text:_TimerIntNumberGet)
                  000029ec    0000004c     rtsv7M4_T_le_v4SPD16_eabi.lib : atoi.c.obj (.text:atoi)
                  00002a38    00000048                                   : fd_toi_t2.asm.obj (.text)
                  00002a80    00000046     driverlib.lib : uart.obj (.text:UARTConfigSetExpClk)
                  00002ac6    00000002     --HOLE-- [fill = 0]
                  00002ac8    00000044     rtsv7M4_T_le_v4SPD16_eabi.lib : autoinit.c.obj (.text:__TI_auto_init_nobinit_nopinit:__TI_auto_init_nobinit_nopinit)
                  00002b0c    00000040                                   : sprintf.c.obj (.text:sprintf)
                  00002b4c    0000003e                                   : _printfi.c.obj (.text:_fcpy)
                  00002b8a    00000002     --HOLE-- [fill = 0]
                  00002b8c    00000038     driverlib.lib : sysctl.obj (.text:SysCtlPeripheralReady)
                  00002bc4    00000034                   : interrupt.obj (.text:IntRegister)
                  00002bf8    00000034                   : sysctl.obj (.text:SysCtlPeripheralEnable)
                  00002c2c    00000034     rtsv7M4_T_le_v4SPD16_eabi.lib : boot_cortex_m.c.obj (.text:_c_int00_noargs:_c_int00_noargs)
                  00002c60    0000002e     driverlib.lib : adc.obj (.text:ADCIntStatus)
                  00002c8e    0000002e     rtsv7M4_T_le_v4SPD16_eabi.lib : i_tofd_t2.asm.obj (.text)
                  00002cbc    0000002c     driverlib.lib : gpio.obj (.text:GPIODirModeSet)
                  00002ce8    00000020                   : uart.obj (.text:UARTDisable)
                  00002d08    0000001e                   : adc.obj (.text:ADCSequenceDataGet)
                  00002d26    0000001c     rtsv7M4_T_le_v4SPD16_eabi.lib : copy_zero_init.c.obj (.text:decompress:ZI:__TI_zero_init_nomemset:__TI_zero_init_nomemset)
                  00002d42    0000001c                                   : memccpy.c.obj (.text:memccpy)
                  00002d5e    0000001a     driverlib.lib : gpio.obj (.text:GPIOPinTypeGPIOOutput)
                  00002d78    0000001a     rtsv7M4_T_le_v4SPD16_eabi.lib : s_copysign.c.obj (.text:copysign)
                  00002d92    00000018     driverlib.lib : adc.obj (.text:ADCProcessorTrigger)
                  00002daa    00000018                   : timer.obj (.text:TimerIntRegister)
                  00002dc2    00000018     rtsv7M4_T_le_v4SPD16_eabi.lib : sprintf.c.obj (.text:_outs)
                  00002dda    00000016     driverlib.lib : gpio.obj (.text:GPIOPinTypeADC)
                  00002df0    00000016                   : gpio.obj (.text:GPIOPinTypeUART)
                  00002e06    00000016     rtsv7M4_T_le_v4SPD16_eabi.lib : strchr.c.obj (.text:strchr)
                  00002e1c    00000014     driverlib.lib : uart.obj (.text:UARTEnable)
                  00002e30    00000014     rtsv7M4_T_le_v4SPD16_eabi.lib : strlen.c.obj (.text:strlen)
                  00002e44    00000012     driverlib.lib : timer.obj (.text:TimerLoadSet)
                  00002e56    00000012     rtsv7M4_T_le_v4SPD16_eabi.lib : wcslen.c.obj (.text:wcslen)
                  00002e68    00000010     driverlib.lib : interrupt.obj (.text:IntMasterEnable)
                  00002e78    0000000e                   : adc.obj (.text:ADCSequenceDisable)
                  00002e86    0000000e                   : adc.obj (.text:ADCSequenceEnable)
                  00002e94    0000000e                   : timer.obj (.text:TimerEnable)
                  00002ea2    0000000e     rtsv7M4_T_le_v4SPD16_eabi.lib : copy_decompress_none.c.obj (.text:decompress:none:__TI_decompress_none)
                  00002eb0    0000000c     driverlib.lib : cpu.obj (.text:CPUcpsie)
                  00002ebc    0000000c     tm4c123gh6pm_startup_ccs.obj (.text)
                  00002ec8    0000000a     driverlib.lib : adc.obj (.text:ADCIntClear)
                  00002ed2    0000000a                   : uart.obj (.text:UARTCharGet)
                  00002edc    0000000a     rtsv7M4_T_le_v4SPD16_eabi.lib : sprintf.c.obj (.text:_outc)
                  00002ee6    00000008     driverlib.lib : timer.obj (.text:TimerIntEnable)
                  00002eee    00000002     --HOLE-- [fill = 0]
                  00002ef0    00000008     rtsv7M4_T_le_v4SPD16_eabi.lib : errno.c.obj (.text:__aeabi_errno_addr)
                  00002ef8    00000006     driverlib.lib : gpio.obj (.text:GPIOPinRead)
                  00002efe    00000006                   : gpio.obj (.text:GPIOPinWrite)
                  00002f04    00000006                   : sysctl.obj (.text:SysCtlDelay)
                  00002f0a    00000004                   : timer.obj (.text:TimerIntClear)
                  00002f0e    00000004     rtsv7M4_T_le_v4SPD16_eabi.lib : pre_init.c.obj (.text:_system_pre_init)
                  00002f12    00000004                                   : exit.c.obj (.text:abort:abort)

.const     0    00002f18    000002b4     
                  00002f18    00000101     rtsv7M4_T_le_v4SPD16_eabi.lib : ctype.c.obj (.const:.string:_ctypes_)
                  00003019    00000003     --HOLE-- [fill = 0]
                  0000301c    00000090     driverlib.lib : gpio.obj (.const:g_pui32GPIOBaseAddrs)
                  000030ac    0000006c                   : sysctl.obj (.const:g_pui32Xtals)
                  00003118    00000060                   : timer.obj (.const:g_ppui32TimerIntMap)
                  00003178    00000040                   : timer.obj (.const:g_ppui32TimerIntMapSnowflake)
                  000031b8    00000014                   : interrupt.obj (.const:g_pui32EnRegs)

.cinit     0    000031d0    00000040     
                  000031d0    0000000c     (__TI_handler_table)
                  000031dc    00000004     --HOLE-- [fill = 0]
                  000031e0    00000008     (.cinit..bss.load) [load image, compression = zero_init]
                  000031e8    00000008     (.cinit..vtable.load) [load image, compression = zero_init]
                  000031f0    00000007     (.cinit..data.load) [load image, compression = lzss]
                  000031f7    00000001     --HOLE-- [fill = 0]
                  000031f8    00000018     (__TI_cinit_table)

.init_array 
*          0    00000000    00000000     UNINITIALIZED

.vtable    0    20000000    0000026c     UNINITIALIZED
                  20000000    0000026c     driverlib.lib : interrupt.obj (.vtable)

.data      0    2000026c    00000004     UNINITIALIZED
                  2000026c    00000004     rtsv7M4_T_le_v4SPD16_eabi.lib : errno.c.obj (.data)

.bss       0    20000470    0000000c     UNINITIALIZED
                  20000470    00000004     (.common:dk)
                  20000474    00000004     (.common:sa)
                  20000478    00000004     (.common:sn)

.stack     0    20000270    00000200     UNINITIALIZED
                  20000270    00000004     rtsv7M4_T_le_v4SPD16_eabi.lib : boot_cortex_m.c.obj (.stack)
                  20000274    000001fc     --HOLE--

__llvm_prf_cnts 
*          0    20000000    00000000     UNINITIALIZED

MODULE SUMMARY

       Module                         code    ro data   rw data
       ------                         ----    -------   -------
    .\
       main.obj                       988     0         12     
       tm4c123gh6pm_startup_ccs.obj   12      620       0      
       lcd.obj                        628     0         0      
    +--+------------------------------+-------+---------+---------+
       Total:                         1628    620       12     
                                                               
    C:/ti/TivaWare_C_Series-2.2.0.295/driverlib/ccs/Debug/driverlib.lib
       interrupt.obj                  172     20        620    
       sysctl.obj                     638     108       0      
       gpio.obj                       566     144       0      
       timer.obj                      240     160       0      
       adc.obj                        338     0         0      
       uart.obj                       132     0         0      
       cpu.obj                        12      0         0      
    +--+------------------------------+-------+---------+---------+
       Total:                         2098    432       620    
                                                               
    C:\ti\ccs1281\ccs\tools\compiler\ti-cgt-arm_20.2.7.LTS\lib\rtsv7M4_T_le_v4SPD16_eabi.lib
       _printfi.c.obj                 4851    0         0      
       fd_add_t2.asm.obj              438     0         0      
       fd_div_t2.asm.obj              310     0         0      
       s_scalbn.c.obj                 272     0         0      
       fd_cmp_t2.asm.obj              268     0         0      
       ctype.c.obj                    0       257       0      
       fd_mul_t2.asm.obj              252     0         0      
       memcpy_t2.asm.obj              156     0         0      
       ull_div_t2.asm.obj             150     0         0      
       memset_t2.asm.obj              122     0         0      
       copy_decompress_lzss.c.obj     104     0         0      
       s_frexp.c.obj                  100     0         0      
       sprintf.c.obj                  98      0         0      
       _ltoa.c.obj                    84      0         0      
       atoi.c.obj                     76      0         0      
       fd_toi_t2.asm.obj              72      0         0      
       autoinit.c.obj                 68      0         0      
       boot_cortex_m.c.obj            52      0         0      
       i_tofd_t2.asm.obj              46      0         0      
       copy_zero_init.c.obj           28      0         0      
       memccpy.c.obj                  28      0         0      
       s_copysign.c.obj               26      0         0      
       strchr.c.obj                   22      0         0      
       strlen.c.obj                   20      0         0      
       wcslen.c.obj                   18      0         0      
       copy_decompress_none.c.obj     14      0         0      
       errno.c.obj                    8       0         4      
       exit.c.obj                     4       0         0      
       pre_init.c.obj                 4       0         0      
       div0.asm.obj                   2       0         0      
    +--+------------------------------+-------+---------+---------+
       Total:                         7693    257       4      
                                                               
       Stack:                         0       0         512    
       Linker Generated:              0       59        0      
    +--+------------------------------+-------+---------+---------+
       Grand Total:                   11419   1368      1148   


LINKER GENERATED COPY TABLES

__TI_cinit_table @ 000031f8 records: 3, size/record: 8, table size: 24
	.bss: load addr=000031e0, load size=00000008 bytes, run addr=20000470, run size=0000000c bytes, compression=zero_init
	.vtable: load addr=000031e8, load size=00000008 bytes, run addr=20000000, run size=0000026c bytes, compression=zero_init
	.data: load addr=000031f0, load size=00000007 bytes, run addr=2000026c, run size=00000004 bytes, compression=lzss


LINKER GENERATED HANDLER TABLE

__TI_handler_table @ 000031d0 records: 3, size/record: 4, table size: 12
	index: 0, handler: __TI_zero_init
	index: 1, handler: __TI_decompress_lzss
	index: 2, handler: __TI_decompress_none


GLOBAL SYMBOLS: SORTED ALPHABETICALLY BY Name 

address   name                          
-------   ----                          
00000d43  ADC0_Init                     
00002ec9  ADCIntClear                   
00002c61  ADCIntStatus                  
00002d93  ADCProcessorTrigger           
00002905  ADCSequenceConfigure          
00002d09  ADCSequenceDataGet            
00002e79  ADCSequenceDisable            
00002e87  ADCSequenceEnable             
00002511  ADCSequenceStepConfigure      
00002f13  C$$EXIT                       
00002eb1  CPUcpsie                      
00002cbd  GPIODirModeSet                
00001905  GPIOPadConfigSet              
00002955  GPIOPinConfigure              
00002ef9  GPIOPinRead                   
00002ddb  GPIOPinTypeADC                
00002d5f  GPIOPinTypeGPIOOutput         
00002df1  GPIOPinTypeUART               
00002eff  GPIOPinWrite                  
00002675  IntEnable                     
00002e69  IntMasterEnable               
00002bc5  IntRegister                   
0000129b  Lcd_Goto                      
0000118b  Lcd_Komut                     
0000120b  Lcd_Putch                     
000012e5  Lcd_Puts                      
0000128b  Lcd_Temizle                   
00001099  Lcd_init                      
00000d9f  ReadADC                       
00002ebd  ResetISR                      
00001e09  SysCtlClockGet                
0000212d  SysCtlClockSet                
00002f05  SysCtlDelay                   
00002bf9  SysCtlPeripheralEnable        
00002b8d  SysCtlPeripheralReady         
000027a9  TimerConfigure                
00002e95  TimerEnable                   
00002f0b  TimerIntClear                 
00002ee7  TimerIntEnable                
00002dab  TimerIntRegister              
00002e45  TimerLoadSet                  
00000dcd  UART0_Init                    
00002ed3  UARTCharGet                   
00002a81  UARTConfigSetExpClk           
00002ce9  UARTDisable                   
00002e1d  UARTEnable                    
00000e21  UART_ReadTimeFromPC           
20000470  __STACK_END                   
00000200  __STACK_SIZE                  
20000470  __STACK_TOP                   
000031f8  __TI_CINIT_Base               
00003210  __TI_CINIT_Limit              
000031d0  __TI_Handler_Table_Base       
000031dc  __TI_Handler_Table_Limit      
00002ac9  __TI_auto_init_nobinit_nopinit
000026dd  __TI_decompress_lzss          
00002ea3  __TI_decompress_none          
0000285f  __TI_ltoa                     
ffffffff  __TI_pprof_out_hndl           
0000026d  __TI_printfi                  
ffffffff  __TI_prof_data_size           
ffffffff  __TI_prof_data_start          
00000000  __TI_static_base__            
00002d27  __TI_zero_init_nomemset       
00002405  __aeabi_cdcmpeq               
00002405  __aeabi_cdcmple               
0000248b  __aeabi_cdrcmple              
00002a39  __aeabi_d2iz                  
00001757  __aeabi_dadd                  
00001bad  __aeabi_ddiv                  
00002031  __aeabi_dmul                  
0000174d  __aeabi_dsub                  
00002ef1  __aeabi_errno_addr            
00002c8f  __aeabi_i2d                   
00000cbb  __aeabi_idiv0                 
00000cbb  __aeabi_ldiv0                 
0000258b  __aeabi_memclr                
0000258b  __aeabi_memclr4               
0000258b  __aeabi_memclr8               
000022d3  __aeabi_memcpy                
000022d3  __aeabi_memcpy4               
000022d3  __aeabi_memcpy8               
0000258d  __aeabi_memset                
0000258d  __aeabi_memset4               
0000258d  __aeabi_memset8               
0000236f  __aeabi_uldivmod              
ffffffff  __binit__                     
ffffffff  __c_args__                    
UNDEFED   __mpu_init                    
20000270  __stack                       
20000000  __start___llvm_prf_cnts       
20000000  __stop___llvm_prf_cnts        
00002c2d  _c_int00_noargs               
00002f18  _ctypes_                      
UNDEFED   _system_post_cinit            
00002f0f  _system_pre_init              
00002f13  abort                         
000029ed  atoi                          
ffffffff  binit                         
00002d79  copysign                      
00002d79  copysignl                     
20000470  dk                            
2000026c  errno                         
00002745  frexp                         
00002745  frexpl                        
20000000  g_pfnRAMVectors               
00000000  g_pfnVectors                  
00000cdd  initmikro                     
00001f21  ldexp                         
00001f21  ldexpl                        
00000cbd  main                          
00002d43  memccpy                       
000022d3  memcpy                        
00002593  memset                        
20000474  sa                            
00001f21  scalbn                        
00001f21  scalbnl                       
20000478  sn                            
00002b0d  sprintf                       
00002e07  strchr                        
00002e31  strlen                        
00000f4d  timerkesme                    
00002e57  wcslen                        


GLOBAL SYMBOLS: SORTED BY Symbol Address 

address   name                          
-------   ----                          
00000000  __TI_static_base__            
00000000  g_pfnVectors                  
00000200  __STACK_SIZE                  
0000026d  __TI_printfi                  
00000cbb  __aeabi_idiv0                 
00000cbb  __aeabi_ldiv0                 
00000cbd  main                          
00000cdd  initmikro                     
00000d43  ADC0_Init                     
00000d9f  ReadADC                       
00000dcd  UART0_Init                    
00000e21  UART_ReadTimeFromPC           
00000f4d  timerkesme                    
00001099  Lcd_init                      
0000118b  Lcd_Komut                     
0000120b  Lcd_Putch                     
0000128b  Lcd_Temizle                   
0000129b  Lcd_Goto                      
000012e5  Lcd_Puts                      
0000174d  __aeabi_dsub                  
00001757  __aeabi_dadd                  
00001905  GPIOPadConfigSet              
00001bad  __aeabi_ddiv                  
00001e09  SysCtlClockGet                
00001f21  ldexp                         
00001f21  ldexpl                        
00001f21  scalbn                        
00001f21  scalbnl                       
00002031  __aeabi_dmul                  
0000212d  SysCtlClockSet                
000022d3  __aeabi_memcpy                
000022d3  __aeabi_memcpy4               
000022d3  __aeabi_memcpy8               
000022d3  memcpy                        
0000236f  __aeabi_uldivmod              
00002405  __aeabi_cdcmpeq               
00002405  __aeabi_cdcmple               
0000248b  __aeabi_cdrcmple              
00002511  ADCSequenceStepConfigure      
0000258b  __aeabi_memclr                
0000258b  __aeabi_memclr4               
0000258b  __aeabi_memclr8               
0000258d  __aeabi_memset                
0000258d  __aeabi_memset4               
0000258d  __aeabi_memset8               
00002593  memset                        
00002675  IntEnable                     
000026dd  __TI_decompress_lzss          
00002745  frexp                         
00002745  frexpl                        
000027a9  TimerConfigure                
0000285f  __TI_ltoa                     
00002905  ADCSequenceConfigure          
00002955  GPIOPinConfigure              
000029ed  atoi                          
00002a39  __aeabi_d2iz                  
00002a81  UARTConfigSetExpClk           
00002ac9  __TI_auto_init_nobinit_nopinit
00002b0d  sprintf                       
00002b8d  SysCtlPeripheralReady         
00002bc5  IntRegister                   
00002bf9  SysCtlPeripheralEnable        
00002c2d  _c_int00_noargs               
00002c61  ADCIntStatus                  
00002c8f  __aeabi_i2d                   
00002cbd  GPIODirModeSet                
00002ce9  UARTDisable                   
00002d09  ADCSequenceDataGet            
00002d27  __TI_zero_init_nomemset       
00002d43  memccpy                       
00002d5f  GPIOPinTypeGPIOOutput         
00002d79  copysign                      
00002d79  copysignl                     
00002d93  ADCProcessorTrigger           
00002dab  TimerIntRegister              
00002ddb  GPIOPinTypeADC                
00002df1  GPIOPinTypeUART               
00002e07  strchr                        
00002e1d  UARTEnable                    
00002e31  strlen                        
00002e45  TimerLoadSet                  
00002e57  wcslen                        
00002e69  IntMasterEnable               
00002e79  ADCSequenceDisable            
00002e87  ADCSequenceEnable             
00002e95  TimerEnable                   
00002ea3  __TI_decompress_none          
00002eb1  CPUcpsie                      
00002ebd  ResetISR                      
00002ec9  ADCIntClear                   
00002ed3  UARTCharGet                   
00002ee7  TimerIntEnable                
00002ef1  __aeabi_errno_addr            
00002ef9  GPIOPinRead                   
00002eff  GPIOPinWrite                  
00002f05  SysCtlDelay                   
00002f0b  TimerIntClear                 
00002f0f  _system_pre_init              
00002f13  C$$EXIT                       
00002f13  abort                         
00002f18  _ctypes_                      
000031d0  __TI_Handler_Table_Base       
000031dc  __TI_Handler_Table_Limit      
000031f8  __TI_CINIT_Base               
00003210  __TI_CINIT_Limit              
20000000  __start___llvm_prf_cnts       
20000000  __stop___llvm_prf_cnts        
20000000  g_pfnRAMVectors               
2000026c  errno                         
20000270  __stack                       
20000470  __STACK_END                   
20000470  __STACK_TOP                   
20000470  dk                            
20000474  sa                            
20000478  sn                            
ffffffff  __TI_pprof_out_hndl           
ffffffff  __TI_prof_data_size           
ffffffff  __TI_prof_data_start          
ffffffff  __binit__                     
ffffffff  __c_args__                    
ffffffff  binit                         
UNDEFED   __mpu_init                    
UNDEFED   _system_post_cinit            

[123 symbols]
